
======================================================================
TUNING NEURALPROPHET FOR: WASHINGTON
======================================================================

Loading data for washington...
Loaded 17544 observations
======================================================================
NEURALPROPHET TUNING (FAST) | city=washington | horizon=24h | scenario=clean_only
======================================================================
Trials: 20
Search folds: 2 (last 2 of 245)
Validation folds: 90
Search epochs cap: 50
n_lags_options: [24, 48] (weighted toward smaller)
max_train_rows: unlimited
Cutoff date: 2012-04-30 23:00:00
Tune obs: 11664
Covariates (9): ['temperature_c', 'humidity_percent', 'wind_speed_ms', 'solar_radiation_wm2', 'rainfall_mm', 'snowfall_cm', 'visibility_km', 'holiday', 'season']
======================================================================
Importing plotly failed. Interactive plots will not work.
Importing plotly failed. Interactive plots will not work.
[   1/20] MAE=132.99 RMSE=164.12 | lr=0.02098 n_lags=24 *
[   2/20] MAE=130.68 RMSE=167.18 | lr=0.03765 n_lags=48 *
[   3/20] MAE=513.27 RMSE=659.36 | lr=0.00019 n_lags=48
[   4/20] MAE=116.20 RMSE=147.21 | lr=0.01921 n_lags=48 *
[   5/20] MAE=312.29 RMSE=374.36 | lr=0.00024 n_lags=24
[   6/20] MAE=167.98 RMSE=225.20 | lr=0.00130 n_lags=48
[   7/20] MAE=126.81 RMSE=160.48 | lr=0.00854 n_lags=48
[   8/20] MAE=147.91 RMSE=183.72 | lr=0.00214 n_lags=24
[   9/20] MAE=126.27 RMSE=161.43 | lr=0.00461 n_lags=24
[  10/20] MAE=122.71 RMSE=154.85 | lr=0.03040 n_lags=48
[  11/20] MAE=116.42 RMSE=153.41 | lr=0.01880 n_lags=24
[  12/20] MAE=119.03 RMSE=148.35 | lr=0.08168 n_lags=48
[  13/20] MAE=138.36 RMSE=176.34 | lr=0.02163 n_lags=24
[  14/20] MAE=150.34 RMSE=190.17 | lr=0.00251 n_lags=24
[  15/20] MAE=261.94 RMSE=317.57 | lr=0.00029 n_lags=48
[  16/20] MAE=124.58 RMSE=163.45 | lr=0.01715 n_lags=48
[  17/20] MAE=172.93 RMSE=224.97 | lr=0.00095 n_lags=24
[  18/20] MAE=138.43 RMSE=189.39 | lr=0.00256 n_lags=24
[  19/20] MAE=330.87 RMSE=381.80 | lr=0.00025 n_lags=24
[  20/20] MAE=193.33 RMSE=237.33 | lr=0.00048 n_lags=48

======================================================================
BEST PARAMETERS FROM SEARCH
======================================================================
Search MAE=116.20  RMSE=147.21
{
  "learning_rate": 0.019205212018125573,
  "n_lags": 48
}

Validating with FULL epochs on 90 folds...
  Fold 155: MAE=94.5, RMSE=128.8
  Fold 156: MAE=63.5, RMSE=91.1
  Fold 157: MAE=67.8, RMSE=92.4
  Fold 158: MAE=99.9, RMSE=135.3
  Fold 159: MAE=65.3, RMSE=82.0
  Fold 160: MAE=101.0, RMSE=132.1
  Fold 161: MAE=76.0, RMSE=95.6
  Fold 162: MAE=78.4, RMSE=116.8
  Fold 163: MAE=65.7, RMSE=90.3
  Fold 164: MAE=69.8, RMSE=96.7
  Fold 165: MAE=102.6, RMSE=129.9
  Fold 166: MAE=54.1, RMSE=71.9
  Fold 167: MAE=75.2, RMSE=118.4
  Fold 168: MAE=69.6, RMSE=91.3
  Fold 169: MAE=71.0, RMSE=102.1
  Fold 170: MAE=84.0, RMSE=113.6
  Fold 171: MAE=70.9, RMSE=111.3
  Fold 172: MAE=101.1, RMSE=152.7
  Fold 173: MAE=60.6, RMSE=75.4
  Fold 174: MAE=38.2, RMSE=46.7
  Fold 175: MAE=84.2, RMSE=118.8
  Fold 176: MAE=93.1, RMSE=121.1
  Fold 177: MAE=85.4, RMSE=113.8
  Fold 178: MAE=104.1, RMSE=139.3
  Fold 179: MAE=104.6, RMSE=135.6
  Fold 180: MAE=57.5, RMSE=73.1
  Fold 181: MAE=115.9, RMSE=160.3
  Fold 182: MAE=77.9, RMSE=98.0
  Fold 183: MAE=92.5, RMSE=123.6
  Fold 184: MAE=118.1, RMSE=175.6
  Fold 185: MAE=126.8, RMSE=185.1
  Fold 186: MAE=107.0, RMSE=158.7
  Fold 187: MAE=64.0, RMSE=75.9
  Fold 188: MAE=98.0, RMSE=124.1
  Fold 189: MAE=77.8, RMSE=98.3
  Fold 190: MAE=74.1, RMSE=105.4
  Fold 191: MAE=86.9, RMSE=119.5
  Fold 192: MAE=75.3, RMSE=100.8
  Fold 193: MAE=92.5, RMSE=135.2
  Fold 194: MAE=79.3, RMSE=97.0
  Fold 195: MAE=152.1, RMSE=194.4
  Fold 196: MAE=79.6, RMSE=114.2
  Fold 197: MAE=111.8, RMSE=140.7
  Fold 198: MAE=79.8, RMSE=111.6
  Fold 199: MAE=156.4, RMSE=221.3
  Fold 200: MAE=200.5, RMSE=266.0
  Fold 201: MAE=101.2, RMSE=124.8
  Fold 202: MAE=193.4, RMSE=231.3
  Fold 203: MAE=93.9, RMSE=117.9
  Fold 204: MAE=141.2, RMSE=185.8
  Fold 205: MAE=120.4, RMSE=150.8
  Fold 206: MAE=112.4, RMSE=141.4
  Fold 207: MAE=221.6, RMSE=295.8
  Fold 208: MAE=98.7, RMSE=138.3
  Fold 209: MAE=146.7, RMSE=205.3
  Fold 210: MAE=112.5, RMSE=136.5
  Fold 211: MAE=99.7, RMSE=137.3
  Fold 212: MAE=86.0, RMSE=115.1
  Fold 213: MAE=102.0, RMSE=137.0
  Fold 214: MAE=147.8, RMSE=193.5
  Fold 215: MAE=58.4, RMSE=77.1
  Fold 216: MAE=150.1, RMSE=192.9
  Fold 217: MAE=91.7, RMSE=118.5
  Fold 218: MAE=110.9, RMSE=145.8
  Fold 219: MAE=90.8, RMSE=120.3
  Fold 220: MAE=108.5, RMSE=136.0
  Fold 221: MAE=119.0, RMSE=149.0
  Fold 222: MAE=92.0, RMSE=112.1
  Fold 223: MAE=150.5, RMSE=192.8
  Fold 224: MAE=94.6, RMSE=126.6
  Fold 225: MAE=109.4, RMSE=153.0
  Fold 226: MAE=91.7, RMSE=123.8
  Fold 227: MAE=80.7, RMSE=101.4
  Fold 228: MAE=123.8, RMSE=162.9
  Fold 229: MAE=77.5, RMSE=117.5
  Fold 230: MAE=192.3, RMSE=242.2
  Fold 231: MAE=143.7, RMSE=193.2
  Fold 232: MAE=103.4, RMSE=155.0
  Fold 233: MAE=105.7, RMSE=141.3
  Fold 234: MAE=91.9, RMSE=127.8
  Fold 235: MAE=177.8, RMSE=224.1
  Fold 236: MAE=191.4, RMSE=245.2
  Fold 237: MAE=138.5, RMSE=171.8
  Fold 238: MAE=120.8, RMSE=142.3
  Fold 239: MAE=118.1, RMSE=149.1
  Fold 240: MAE=99.6, RMSE=141.8
  Fold 241: MAE=92.7, RMSE=125.9
  Fold 242: MAE=129.8, RMSE=170.1
  Fold 243: MAE=97.2, RMSE=116.7
  Fold 244: MAE=146.5, RMSE=189.7

Validation results:
  MAE:  104.24 ± 35.15
  RMSE: 138.43 ± 45.14

Results saved to: results/tuning/neuralprophet_best_params_washington_clean_only_720_20260516_003612.json
  --> config.neuralprophet_params_file = 'results/tuning/neuralprophet_best_params_washington_clean_only_720_20260516_003612.json'

======================================================================
ALL TUNING COMPLETE
======================================================================
