
======================================================================
TUNING ARIMA FOR: LONDON
======================================================================
Loaded 17544 observations for london
======================================================================
ARIMA AUTO-TUNING (pmdarima) | city=london | horizon=24h | scenario=clean_only
======================================================================
Cutoff date (held-out test start): 2016-05-03 23:00:00
Tuning on 11664 observations (pre-cutoff)
n_train_samples: 720
Validation folds: 90
======================================================================

Searching optimal parameters on 720 observations...
Performing stepwise search to minimize aic
 ARIMA(2,1,2)(0,0,0)[0] intercept   : AIC=inf, Time=0.15 sec
 ARIMA(0,1,0)(0,0,0)[0] intercept   : AIC=11585.143, Time=0.01 sec
 ARIMA(1,1,0)(0,0,0)[0] intercept   : AIC=11529.500, Time=0.01 sec
 ARIMA(0,1,1)(0,0,0)[0] intercept   : AIC=11491.847, Time=0.02 sec
 ARIMA(0,1,0)(0,0,0)[0]             : AIC=11583.144, Time=0.00 sec
 ARIMA(1,1,1)(0,0,0)[0] intercept   : AIC=11491.453, Time=0.03 sec
 ARIMA(2,1,1)(0,0,0)[0] intercept   : AIC=inf, Time=0.15 sec
 ARIMA(1,1,2)(0,0,0)[0] intercept   : AIC=inf, Time=0.09 sec
 ARIMA(0,1,2)(0,0,0)[0] intercept   : AIC=11486.793, Time=0.06 sec
 ARIMA(0,1,3)(0,0,0)[0] intercept   : AIC=inf, Time=0.15 sec
 ARIMA(1,1,3)(0,0,0)[0] intercept   : AIC=inf, Time=0.15 sec
 ARIMA(0,1,2)(0,0,0)[0]             : AIC=11484.793, Time=0.04 sec
 ARIMA(0,1,1)(0,0,0)[0]             : AIC=11489.847, Time=0.01 sec
 ARIMA(1,1,2)(0,0,0)[0]             : AIC=inf, Time=0.12 sec
 ARIMA(0,1,3)(0,0,0)[0]             : AIC=inf, Time=0.12 sec
 ARIMA(1,1,1)(0,0,0)[0]             : AIC=11489.453, Time=0.02 sec
 ARIMA(1,1,3)(0,0,0)[0]             : AIC=inf, Time=0.15 sec

Best model:  ARIMA(0,1,2)(0,0,0)[0]          
Total fit time: 1.286 seconds

======================================================================
BEST PARAMETERS FOUND
======================================================================
order: (0, 1, 2)
AIC: 11484.79
BIC: 11498.53

Validating on 90 folds...
  Fold 155: MAE=760.3, RMSE=1089.3
  Fold 156: MAE=643.6, RMSE=914.0
  Fold 157: MAE=411.3, RMSE=455.4
  Fold 158: MAE=453.5, RMSE=696.3
  Fold 159: MAE=684.3, RMSE=1078.3
  Fold 160: MAE=786.6, RMSE=1148.3
  Fold 161: MAE=757.6, RMSE=1070.4
  Fold 162: MAE=800.7, RMSE=1138.2
  Fold 163: MAE=664.7, RMSE=945.0
  Fold 164: MAE=252.3, RMSE=278.5
  Fold 165: MAE=434.9, RMSE=620.4
  Fold 166: MAE=787.8, RMSE=1141.8
  Fold 167: MAE=821.5, RMSE=1134.1
  Fold 168: MAE=600.6, RMSE=876.4
  Fold 169: MAE=826.8, RMSE=1136.2
  Fold 170: MAE=663.0, RMSE=886.1
  Fold 171: MAE=382.4, RMSE=663.2
  Fold 172: MAE=415.1, RMSE=560.0
  Fold 173: MAE=692.8, RMSE=1052.4
  Fold 174: MAE=832.7, RMSE=1206.9
  Fold 175: MAE=760.5, RMSE=1098.0
  Fold 176: MAE=704.9, RMSE=1037.7
  Fold 177: MAE=677.0, RMSE=940.0
  Fold 178: MAE=386.6, RMSE=435.1
  Fold 179: MAE=393.6, RMSE=514.4
  Fold 180: MAE=847.4, RMSE=1230.0
  Fold 181: MAE=687.4, RMSE=1059.7
  Fold 182: MAE=640.0, RMSE=994.1
  Fold 183: MAE=789.7, RMSE=1116.4
  Fold 184: MAE=731.0, RMSE=1010.9
  Fold 185: MAE=321.2, RMSE=358.6
  Fold 186: MAE=354.4, RMSE=480.7
  Fold 187: MAE=806.2, RMSE=1192.6
  Fold 188: MAE=728.8, RMSE=1081.8
  Fold 189: MAE=568.5, RMSE=828.6
  Fold 190: MAE=707.0, RMSE=1021.9
  Fold 191: MAE=577.4, RMSE=875.1
  Fold 192: MAE=656.9, RMSE=858.9
  Fold 193: MAE=694.9, RMSE=984.5
  Fold 194: MAE=906.8, RMSE=1290.6
  Fold 195: MAE=822.0, RMSE=1196.5
  Fold 196: MAE=786.2, RMSE=1137.8
  Fold 197: MAE=845.2, RMSE=1185.4
  Fold 198: MAE=663.1, RMSE=936.2
  Fold 199: MAE=487.6, RMSE=607.6
  Fold 200: MAE=493.1, RMSE=631.3
  Fold 201: MAE=895.2, RMSE=1263.7
  Fold 202: MAE=981.8, RMSE=1362.6
  Fold 203: MAE=856.1, RMSE=1216.2
  Fold 204: MAE=573.8, RMSE=861.2
  Fold 205: MAE=885.4, RMSE=1282.0
  Fold 206: MAE=317.8, RMSE=387.5
  Fold 207: MAE=322.7, RMSE=354.8
  Fold 208: MAE=364.9, RMSE=555.4
  Fold 209: MAE=658.9, RMSE=938.2
  Fold 210: MAE=948.0, RMSE=1307.0
  Fold 211: MAE=902.1, RMSE=1236.9
  Fold 212: MAE=834.5, RMSE=1133.8
  Fold 213: MAE=838.6, RMSE=1170.9
  Fold 214: MAE=869.8, RMSE=1309.9
  Fold 215: MAE=888.6, RMSE=1256.7
  Fold 216: MAE=1072.9, RMSE=1497.9
  Fold 217: MAE=779.0, RMSE=1120.2
  Fold 218: MAE=671.3, RMSE=968.7
  Fold 219: MAE=890.9, RMSE=1210.2
  Fold 220: MAE=577.1, RMSE=750.4
  Fold 221: MAE=741.8, RMSE=1042.5
  Fold 222: MAE=871.5, RMSE=1304.7
  Fold 223: MAE=1107.4, RMSE=1552.0
  Fold 224: MAE=1061.7, RMSE=1491.9
  Fold 225: MAE=1019.0, RMSE=1437.8
  Fold 226: MAE=453.1, RMSE=726.0
  Fold 227: MAE=484.8, RMSE=596.5
  Fold 228: MAE=863.6, RMSE=1169.8
  Fold 229: MAE=1004.9, RMSE=1459.3
  Fold 230: MAE=1191.1, RMSE=1680.7
  Fold 231: MAE=1162.7, RMSE=1638.9
  Fold 232: MAE=1049.0, RMSE=1459.3
  Fold 233: MAE=618.4, RMSE=925.3
  Fold 234: MAE=747.6, RMSE=999.6
  Fold 235: MAE=560.9, RMSE=725.7
  Fold 236: MAE=844.5, RMSE=1263.0
  Fold 237: MAE=956.9, RMSE=1389.5
  Fold 238: MAE=973.4, RMSE=1399.7
  Fold 239: MAE=1022.8, RMSE=1410.3
  Fold 240: MAE=849.3, RMSE=1187.4
  Fold 241: MAE=772.7, RMSE=1020.3
  Fold 242: MAE=963.6, RMSE=1359.5
  Fold 243: MAE=567.2, RMSE=796.1
  Fold 244: MAE=1151.9, RMSE=1606.8

Validation results:
  MAE: 731.99 ± 215.00
  RMSE: 1033.58 ± 316.69

Results saved to: results/tuning/arima_best_params_london_clean_only_720_20260516_003627.json
  --> config.arima_params_file = 'results/tuning/arima_best_params_london_clean_only_720_20260516_003627.json'

======================================================================
ALL TUNING COMPLETE
======================================================================

======================================================================
TUNING ARIMA FOR: WASHINGTON
======================================================================
Loaded 17544 observations for washington
======================================================================
ARIMA AUTO-TUNING (pmdarima) | city=washington | horizon=24h | scenario=clean_only
======================================================================
Cutoff date (held-out test start): 2012-04-30 23:00:00
Tuning on 11664 observations (pre-cutoff)
n_train_samples: 720
Validation folds: 90
======================================================================

Searching optimal parameters on 720 observations...
Performing stepwise search to minimize aic
 ARIMA(2,0,2)(0,0,0)[0]             : AIC=inf, Time=0.16 sec
 ARIMA(0,0,0)(0,0,0)[0]             : AIC=9916.297, Time=0.00 sec
 ARIMA(1,0,0)(0,0,0)[0]             : AIC=8561.988, Time=0.01 sec
 ARIMA(0,0,1)(0,0,0)[0]             : AIC=9165.990, Time=0.02 sec
 ARIMA(2,0,0)(0,0,0)[0]             : AIC=8484.290, Time=0.01 sec
 ARIMA(3,0,0)(0,0,0)[0]             : AIC=8437.211, Time=0.02 sec
 ARIMA(4,0,0)(0,0,0)[0]             : AIC=8438.354, Time=0.03 sec
 ARIMA(3,0,1)(0,0,0)[0]             : AIC=8438.424, Time=0.07 sec
 ARIMA(2,0,1)(0,0,0)[0]             : AIC=8447.442, Time=0.04 sec
 ARIMA(4,0,1)(0,0,0)[0]             : AIC=8440.298, Time=0.09 sec
 ARIMA(3,0,0)(0,0,0)[0] intercept   : AIC=8370.963, Time=0.03 sec
 ARIMA(2,0,0)(0,0,0)[0] intercept   : AIC=8384.157, Time=0.02 sec
 ARIMA(4,0,0)(0,0,0)[0] intercept   : AIC=8359.570, Time=0.03 sec
 ARIMA(5,0,0)(0,0,0)[0] intercept   : AIC=8349.410, Time=0.10 sec
 ARIMA(6,0,0)(0,0,0)[0] intercept   : AIC=8338.225, Time=0.13 sec
 ARIMA(7,0,0)(0,0,0)[0] intercept   : AIC=8330.123, Time=0.18 sec
 ARIMA(7,0,1)(0,0,0)[0] intercept   : AIC=8330.844, Time=0.39 sec
 ARIMA(6,0,1)(0,0,0)[0] intercept   : AIC=8334.293, Time=0.31 sec
 ARIMA(7,0,0)(0,0,0)[0]             : AIC=8443.399, Time=0.10 sec

Best model:  ARIMA(7,0,0)(0,0,0)[0] intercept
Total fit time: 1.760 seconds

======================================================================
BEST PARAMETERS FOUND
======================================================================
order: (7, 0, 0)
AIC: 8330.12
BIC: 8371.34

Validating on 90 folds...
  Fold 155: MAE=107.4, RMSE=160.3
  Fold 156: MAE=86.7, RMSE=124.7
  Fold 157: MAE=89.9, RMSE=127.5
  Fold 158: MAE=81.8, RMSE=95.0
  Fold 159: MAE=97.0, RMSE=107.5
  Fold 160: MAE=93.8, RMSE=127.3
  Fold 161: MAE=106.6, RMSE=156.1
  Fold 162: MAE=60.2, RMSE=89.2
  Fold 163: MAE=98.0, RMSE=129.3
  Fold 164: MAE=85.9, RMSE=114.9
  Fold 165: MAE=70.1, RMSE=84.1
  Fold 166: MAE=78.9, RMSE=94.7
  Fold 167: MAE=95.3, RMSE=123.5
  Fold 168: MAE=97.8, RMSE=140.1
  Fold 169: MAE=101.1, RMSE=143.6
  Fold 170: MAE=93.2, RMSE=115.5
  Fold 171: MAE=100.7, RMSE=135.0
  Fold 172: MAE=119.6, RMSE=154.2
  Fold 173: MAE=82.6, RMSE=94.2
  Fold 174: MAE=97.8, RMSE=110.7
  Fold 175: MAE=100.8, RMSE=130.7
  Fold 176: MAE=113.1, RMSE=160.6
  Fold 177: MAE=117.1, RMSE=169.6
  Fold 178: MAE=71.6, RMSE=92.9
  Fold 179: MAE=71.1, RMSE=83.9
  Fold 180: MAE=113.5, RMSE=126.2
  Fold 181: MAE=121.5, RMSE=160.8
  Fold 182: MAE=102.4, RMSE=147.4
  Fold 183: MAE=87.0, RMSE=95.3
  Fold 184: MAE=135.1, RMSE=179.5
  Fold 185: MAE=76.7, RMSE=104.1
  Fold 186: MAE=122.5, RMSE=153.6
  Fold 187: MAE=100.6, RMSE=116.5
  Fold 188: MAE=89.7, RMSE=114.9
  Fold 189: MAE=92.5, RMSE=130.9
  Fold 190: MAE=119.5, RMSE=172.6
  Fold 191: MAE=127.8, RMSE=182.7
  Fold 192: MAE=95.0, RMSE=144.6
  Fold 193: MAE=112.6, RMSE=134.8
  Fold 194: MAE=152.8, RMSE=190.8
  Fold 195: MAE=139.1, RMSE=199.5
  Fold 196: MAE=140.8, RMSE=210.5
  Fold 197: MAE=150.0, RMSE=228.1
  Fold 198: MAE=143.0, RMSE=214.6
  Fold 199: MAE=79.1, RMSE=108.9
  Fold 200: MAE=223.3, RMSE=291.7
  Fold 201: MAE=162.7, RMSE=203.0
  Fold 202: MAE=150.8, RMSE=219.9
  Fold 203: MAE=138.7, RMSE=217.2
  Fold 204: MAE=132.4, RMSE=211.5
  Fold 205: MAE=156.1, RMSE=237.0
  Fold 206: MAE=200.8, RMSE=285.1
  Fold 207: MAE=71.0, RMSE=78.6
  Fold 208: MAE=159.8, RMSE=175.2
  Fold 209: MAE=129.1, RMSE=188.9
  Fold 210: MAE=115.2, RMSE=167.3
  Fold 211: MAE=118.1, RMSE=173.8
  Fold 212: MAE=132.7, RMSE=191.5
  Fold 213: MAE=105.8, RMSE=153.5
  Fold 214: MAE=167.4, RMSE=210.2
  Fold 215: MAE=167.2, RMSE=193.4
  Fold 216: MAE=144.2, RMSE=189.9
  Fold 217: MAE=156.8, RMSE=217.4
  Fold 218: MAE=136.6, RMSE=202.9
  Fold 219: MAE=132.4, RMSE=198.3
  Fold 220: MAE=138.6, RMSE=175.8
  Fold 221: MAE=183.0, RMSE=223.5
  Fold 222: MAE=141.4, RMSE=162.7
  Fold 223: MAE=136.1, RMSE=179.4
  Fold 224: MAE=140.4, RMSE=198.5
  Fold 225: MAE=128.7, RMSE=161.7
  Fold 226: MAE=130.4, RMSE=173.7
  Fold 227: MAE=129.2, RMSE=183.3
  Fold 228: MAE=185.1, RMSE=228.4
  Fold 229: MAE=189.9, RMSE=226.2
  Fold 230: MAE=132.1, RMSE=182.1
  Fold 231: MAE=150.3, RMSE=209.9
  Fold 232: MAE=134.7, RMSE=161.1
  Fold 233: MAE=148.9, RMSE=212.1
  Fold 234: MAE=144.7, RMSE=207.6
  Fold 235: MAE=191.2, RMSE=223.8
  Fold 236: MAE=209.1, RMSE=219.2
  Fold 237: MAE=149.2, RMSE=171.0
  Fold 238: MAE=144.0, RMSE=187.7
  Fold 239: MAE=136.3, RMSE=196.2
  Fold 240: MAE=120.0, RMSE=160.2
  Fold 241: MAE=121.4, RMSE=172.9
  Fold 242: MAE=119.9, RMSE=134.9
  Fold 243: MAE=212.3, RMSE=242.4
  Fold 244: MAE=138.6, RMSE=182.6

Validation results:
  MAE: 125.29 ± 34.48
  RMSE: 166.27 ± 45.98

Results saved to: results/tuning/arima_best_params_washington_clean_only_720_20260516_003716.json
  --> config.arima_params_file = 'results/tuning/arima_best_params_washington_clean_only_720_20260516_003716.json'

======================================================================
ALL TUNING COMPLETE
======================================================================
