
======================================================================
TUNING NEURALPROPHET FOR: SEOUL
======================================================================

Loading data for seoul...
Loaded 8760 observations
======================================================================
NEURALPROPHET TUNING (FAST) | city=seoul | horizon=24h | scenario=clean_only
======================================================================
Trials: 20
Search folds: 2 (last 2 of 90)
Validation folds: 90
Search epochs cap: 50
n_lags_options: [24, 48] (weighted toward smaller)
max_train_rows: unlimited
Cutoff date: 2018-03-30 23:00:00
Tune obs: 2880
Covariates (9): ['Temperature', 'Humidity', 'Wind speed', 'Solar Radiation', 'Rainfall', 'Snowfall', 'Visibility', 'Holiday', 'Seasons']
======================================================================
Importing plotly failed. Interactive plots will not work.
Importing plotly failed. Interactive plots will not work.
[   1/20] MAE=177.24 RMSE=228.65 | lr=0.02098 n_lags=24 *
[   2/20] MAE=183.91 RMSE=246.86 | lr=0.03765 n_lags=48
[   3/20] MAE=749.83 RMSE=869.83 | lr=0.00019 n_lags=48
[   4/20] MAE=183.21 RMSE=238.14 | lr=0.01921 n_lags=48
[   5/20] MAE=347.64 RMSE=423.89 | lr=0.00024 n_lags=24
[   6/20] MAE=311.23 RMSE=366.37 | lr=0.00130 n_lags=48
[   7/20] MAE=173.00 RMSE=230.48 | lr=0.00854 n_lags=48 *
[   8/20] MAE=250.77 RMSE=327.27 | lr=0.00214 n_lags=24
[   9/20] MAE=194.44 RMSE=272.39 | lr=0.00461 n_lags=24
[  10/20] MAE=185.83 RMSE=247.44 | lr=0.03040 n_lags=48
[  11/20] MAE=164.39 RMSE=211.59 | lr=0.01880 n_lags=24 *
[  12/20] MAE=196.79 RMSE=254.92 | lr=0.08168 n_lags=48
[  13/20] MAE=166.78 RMSE=202.72 | lr=0.02163 n_lags=24
[  14/20] MAE=272.83 RMSE=331.22 | lr=0.00251 n_lags=24
[  15/20] MAE=442.93 RMSE=540.66 | lr=0.00029 n_lags=48
[  16/20] MAE=179.24 RMSE=225.50 | lr=0.01715 n_lags=48
[  17/20] MAE=488.26 RMSE=659.51 | lr=0.00095 n_lags=24
[  18/20] MAE=206.79 RMSE=248.86 | lr=0.00256 n_lags=24
[  19/20] MAE=685.44 RMSE=868.55 | lr=0.00025 n_lags=24
[  20/20] MAE=359.65 RMSE=457.38 | lr=0.00048 n_lags=48

======================================================================
BEST PARAMETERS FROM SEARCH
======================================================================
Search MAE=164.39  RMSE=211.59
{
  "learning_rate": 0.01880456191611351,
  "n_lags": 24
}

Validating with FULL epochs on 90 folds...
  Fold 0: MAE=89.8, RMSE=110.5
  Fold 1: MAE=56.2, RMSE=68.0
  Fold 2: MAE=117.3, RMSE=192.5
  Fold 3: MAE=76.6, RMSE=98.1
  Fold 4: MAE=88.0, RMSE=117.8
  Fold 5: MAE=80.8, RMSE=106.8
  Fold 6: MAE=106.9, RMSE=150.5
  Fold 7: MAE=49.1, RMSE=77.3
  Fold 8: MAE=79.6, RMSE=142.6
  Fold 9: MAE=94.2, RMSE=122.9
  Fold 10: MAE=75.2, RMSE=100.4
  Fold 11: MAE=63.5, RMSE=84.8
  Fold 12: MAE=57.1, RMSE=71.7
  Fold 13: MAE=83.0, RMSE=118.7
  Fold 14: MAE=47.1, RMSE=58.7
  Fold 15: MAE=111.3, RMSE=153.7
  Fold 16: MAE=90.9, RMSE=115.6
  Fold 17: MAE=61.2, RMSE=82.3
  Fold 18: MAE=75.8, RMSE=97.3
  Fold 19: MAE=82.5, RMSE=121.9
  Fold 20: MAE=112.6, RMSE=158.3
  Fold 21: MAE=60.6, RMSE=93.0
  Fold 22: MAE=96.8, RMSE=159.2
  Fold 23: MAE=79.2, RMSE=95.2
  Fold 24: MAE=62.0, RMSE=91.1
  Fold 25: MAE=51.3, RMSE=71.1
  Fold 26: MAE=44.8, RMSE=62.5
  Fold 27: MAE=52.9, RMSE=71.3
  Fold 28: MAE=45.8, RMSE=58.8
  Fold 29: MAE=86.6, RMSE=130.3
  Fold 30: MAE=76.8, RMSE=96.8
  Fold 31: MAE=134.7, RMSE=171.8
  Fold 32: MAE=78.2, RMSE=108.3
  Fold 33: MAE=70.5, RMSE=88.7
  Fold 34: MAE=140.4, RMSE=176.0
  Fold 35: MAE=48.2, RMSE=67.5
  Fold 36: MAE=76.5, RMSE=118.8
  Fold 37: MAE=53.1, RMSE=69.3
  Fold 38: MAE=70.9, RMSE=93.8
  Fold 39: MAE=83.2, RMSE=102.1
  Fold 40: MAE=72.9, RMSE=104.9
  Fold 41: MAE=105.4, RMSE=150.0
  Fold 42: MAE=60.8, RMSE=80.0
  Fold 43: MAE=93.5, RMSE=140.0
  Fold 44: MAE=86.8, RMSE=105.7
  Fold 45: MAE=94.3, RMSE=123.1
  Fold 46: MAE=136.9, RMSE=173.9
  Fold 47: MAE=44.2, RMSE=54.7
  Fold 48: MAE=48.0, RMSE=57.6
  Fold 49: MAE=68.9, RMSE=93.2
  Fold 50: MAE=129.3, RMSE=197.2
  Fold 51: MAE=72.6, RMSE=110.2
  Fold 52: MAE=90.8, RMSE=124.1
  Fold 53: MAE=91.3, RMSE=130.8
  Fold 54: MAE=137.8, RMSE=187.8
  Fold 55: MAE=111.5, RMSE=143.1
  Fold 56: MAE=88.7, RMSE=111.5
  Fold 57: MAE=145.4, RMSE=223.9
  Fold 58: MAE=118.9, RMSE=152.6
  Fold 59: MAE=198.7, RMSE=268.8
  Fold 60: MAE=183.9, RMSE=240.1
  Fold 61: MAE=120.2, RMSE=162.3
  Fold 62: MAE=224.8, RMSE=289.1
  Fold 63: MAE=288.2, RMSE=343.8
  Fold 64: MAE=225.8, RMSE=339.8
  Fold 65: MAE=165.3, RMSE=227.2
  Fold 66: MAE=130.4, RMSE=166.6
  Fold 67: MAE=189.0, RMSE=269.1
  Fold 68: MAE=178.3, RMSE=279.7
  Fold 69: MAE=182.1, RMSE=224.4
  Fold 70: MAE=138.1, RMSE=179.7
  Fold 71: MAE=251.5, RMSE=345.5
  Fold 72: MAE=190.6, RMSE=263.3
  Fold 73: MAE=256.5, RMSE=324.1
  Fold 74: MAE=495.4, RMSE=620.1
  Fold 75: MAE=257.9, RMSE=366.3
  Fold 76: MAE=204.9, RMSE=282.7
  Fold 77: MAE=199.9, RMSE=258.1
  Fold 78: MAE=355.5, RMSE=447.9
  Fold 79: MAE=136.9, RMSE=188.7
  Fold 80: MAE=220.1, RMSE=271.5
  Fold 81: MAE=241.6, RMSE=293.6
  Fold 82: MAE=159.4, RMSE=206.5
  Fold 83: MAE=192.9, RMSE=266.4
  Fold 84: MAE=107.7, RMSE=163.7
  Fold 85: MAE=231.8, RMSE=311.8
  Fold 86: MAE=160.5, RMSE=198.7
  Fold 87: MAE=190.3, RMSE=252.6
  Fold 88: MAE=189.6, RMSE=228.8
  Fold 89: MAE=184.6, RMSE=233.8

Validation results:
  MAE:  126.24 ± 76.25
  RMSE: 169.50 ± 97.96

Results saved to: results/tuning/neuralprophet_best_params_seoul_clean_only_720_20260515_161701.json
  --> config.neuralprophet_params_file = 'results/tuning/neuralprophet_best_params_seoul_clean_only_720_20260515_161701.json'

======================================================================
ALL TUNING COMPLETE
======================================================================
