Job 286 | xgboost | london | DAH2 | CPUs 8 | 2026-10-06 11:11:03
Commit: unknown

======================================================================
TUNING XGBOOST FOR: LONDON
======================================================================
Loaded 17544 observations for london
======================================================================
XGBOOST TUNING (Optuna TPE + early stopping) | city=london | horizon=24h | scenario=clean_only
======================================================================
Trials: 100
Tune folds: 90 (90)
n_lags_options: [12, 24, 48, 168]
Max train size: 8000
Early stopping rounds: 50 | Max estimators: 3000
Cutoff date (held-out test start): 2016-05-03 23:00:00
Tuning on 11664 observations (pre-cutoff)
n_train_samples: 720
Covariates used (9): ['t1', 'hum', 'wind_speed', 'solar_radiation_wm2', 'precipitation_mm', 'snow_depth_cm', 'visibility_km', 'is_holiday', 'season']
======================================================================
  Trial   0/100 | MAE=263.62 | n_lags=168 | depth=12 | lr=0.0199 | avg_n_estimators=1163
  Trial   1/100 | MAE=418.84 | n_lags=12 | depth=4 | lr=0.1078 | avg_n_estimators=195
  Trial   2/100 | MAE=315.12 | n_lags=48 | depth=10 | lr=0.0269 | avg_n_estimators=570
  Trial   3/100 | MAE=430.76 | n_lags=24 | depth=3 | lr=0.0154 | avg_n_estimators=1961
  Trial   4/100 | MAE=277.92 | n_lags=168 | depth=4 | lr=0.0376 | avg_n_estimators=899
  Trial   5/100 | MAE=402.17 | n_lags=24 | depth=4 | lr=0.0210 | avg_n_estimators=1669
  Trial   6/100 | MAE=468.76 | n_lags=12 | depth=10 | lr=0.0051 | avg_n_estimators=2705
  Trial   7/100 | MAE=391.00 | n_lags=48 | depth=5 | lr=0.0157 | avg_n_estimators=1783
  Trial   8/100 | MAE=305.08 | n_lags=12 | depth=6 | lr=0.0344 | avg_n_estimators=277
  Trial   9/100 | MAE=387.69 | n_lags=48 | depth=2 | lr=0.0116 | avg_n_estimators=1764
  Trial  10/100 | MAE=277.38 | n_lags=168 | depth=9 | lr=0.0184 | avg_n_estimators=1685
  Trial  11/100 | MAE=280.59 | n_lags=168 | depth=12 | lr=0.0095 | avg_n_estimators=2296
  Trial  12/100 | MAE=372.52 | n_lags=48 | depth=9 | lr=0.0153 | avg_n_estimators=1597
  Trial  13/100 | MAE=268.92 | n_lags=168 | depth=7 | lr=0.0348 | avg_n_estimators=1010
  Trial  14/100 | MAE=264.47 | n_lags=168 | depth=12 | lr=0.0887 | avg_n_estimators=380
  Trial  15/100 | MAE=269.81 | n_lags=168 | depth=11 | lr=0.1067 | avg_n_estimators=289
  Trial  16/100 | MAE=280.77 | n_lags=168 | depth=10 | lr=0.1561 | avg_n_estimators=269
  Trial  17/100 | MAE=249.66 | n_lags=168 | depth=11 | lr=0.0071 | avg_n_estimators=1667
  Trial  18/100 | MAE=255.65 | n_lags=168 | depth=10 | lr=0.0063 | avg_n_estimators=1844
  Trial  19/100 | MAE=240.92 | n_lags=168 | depth=8 | lr=0.0072 | avg_n_estimators=1188
  Trial  20/100 | MAE=223.17 | n_lags=168 | depth=9 | lr=0.0055 | avg_n_estimators=1097
  Trial  21/100 | MAE=222.17 | n_lags=168 | depth=10 | lr=0.0053 | avg_n_estimators=1063
  Trial  22/100 | MAE=246.14 | n_lags=168 | depth=10 | lr=0.0149 | avg_n_estimators=422
  Trial  23/100 | MAE=321.85 | n_lags=12 | depth=8 | lr=0.0053 | avg_n_estimators=1253
  Trial  24/100 | MAE=224.93 | n_lags=168 | depth=12 | lr=0.0059 | avg_n_estimators=1016
  Trial  25/100 | MAE=303.86 | n_lags=24 | depth=11 | lr=0.0118 | avg_n_estimators=663
  Trial  26/100 | MAE=235.73 | n_lags=168 | depth=10 | lr=0.0051 | avg_n_estimators=1284
  Trial  27/100 | MAE=223.85 | n_lags=168 | depth=12 | lr=0.0082 | avg_n_estimators=799
  Trial  28/100 | MAE=220.36 | n_lags=168 | depth=12 | lr=0.0175 | avg_n_estimators=442
  Trial  29/100 | MAE=292.75 | n_lags=48 | depth=12 | lr=0.0435 | avg_n_estimators=327
  Trial  30/100 | MAE=247.55 | n_lags=168 | depth=10 | lr=0.0178 | avg_n_estimators=783
  Trial  31/100 | MAE=295.80 | n_lags=12 | depth=12 | lr=0.0089 | avg_n_estimators=1063
  Trial  32/100 | MAE=213.03 | n_lags=168 | depth=11 | lr=0.0138 | avg_n_estimators=456
  Trial  33/100 | MAE=319.86 | n_lags=48 | depth=7 | lr=0.0114 | avg_n_estimators=1116
  Trial  34/100 | MAE=280.47 | n_lags=24 | depth=10 | lr=0.0149 | avg_n_estimators=582
  Trial  35/100 | MAE=216.01 | n_lags=168 | depth=11 | lr=0.0234 | avg_n_estimators=316
  Trial  36/100 | MAE=242.45 | n_lags=168 | depth=12 | lr=0.0265 | avg_n_estimators=528
  Trial  37/100 | MAE=224.96 | n_lags=168 | depth=11 | lr=0.0278 | avg_n_estimators=319
  Trial  38/100 | MAE=230.71 | n_lags=168 | depth=12 | lr=0.0148 | avg_n_estimators=499
  Trial  39/100 | MAE=215.74 | n_lags=168 | depth=8 | lr=0.0085 | avg_n_estimators=745
  Trial  40/100 | MAE=222.28 | n_lags=168 | depth=7 | lr=0.0085 | avg_n_estimators=744
  Trial  41/100 | MAE=226.88 | n_lags=168 | depth=10 | lr=0.0087 | avg_n_estimators=728
  Trial  42/100 | MAE=324.47 | n_lags=24 | depth=7 | lr=0.0065 | avg_n_estimators=1553
  Trial  43/100 | MAE=238.18 | n_lags=168 | depth=6 | lr=0.0173 | avg_n_estimators=602
  Trial  44/100 | MAE=258.32 | n_lags=48 | depth=12 | lr=0.0173 | avg_n_estimators=583
  Trial  45/100 | MAE=317.81 | n_lags=24 | depth=10 | lr=0.0725 | avg_n_estimators=188
  Trial  46/100 | MAE=384.58 | n_lags=12 | depth=11 | lr=0.0143 | avg_n_estimators=1076
  Trial  47/100 | MAE=213.81 | n_lags=168 | depth=11 | lr=0.0137 | avg_n_estimators=465
  Trial  48/100 | MAE=225.81 | n_lags=168 | depth=10 | lr=0.0215 | avg_n_estimators=369
  Trial  49/100 | MAE=219.26 | n_lags=168 | depth=12 | lr=0.0107 | avg_n_estimators=597
  Trial  50/100 | MAE=286.36 | n_lags=24 | depth=12 | lr=0.0166 | avg_n_estimators=611
  Trial  51/100 | MAE=272.13 | n_lags=48 | depth=11 | lr=0.0217 | avg_n_estimators=516
  Trial  52/100 | MAE=218.04 | n_lags=168 | depth=12 | lr=0.0169 | avg_n_estimators=404
  Trial  53/100 | MAE=307.03 | n_lags=12 | depth=12 | lr=0.0212 | avg_n_estimators=490
  Trial  54/100 | MAE=216.06 | n_lags=168 | depth=6 | lr=0.0059 | avg_n_estimators=1032
  Trial  55/100 | MAE=227.23 | n_lags=168 | depth=6 | lr=0.0062 | avg_n_estimators=1122
  Trial  56/100 | MAE=242.67 | n_lags=168 | depth=3 | lr=0.0068 | avg_n_estimators=1216
  Trial  57/100 | MAE=220.36 | n_lags=168 | depth=8 | lr=0.0617 | avg_n_estimators=152
  Trial  58/100 | MAE=290.38 | n_lags=12 | depth=7 | lr=0.0081 | avg_n_estimators=982
  Trial  59/100 | MAE=214.68 | n_lags=168 | depth=7 | lr=0.0097 | avg_n_estimators=810
  Trial  60/100 | MAE=219.31 | n_lags=168 | depth=5 | lr=0.0070 | avg_n_estimators=1009
  Trial  61/100 | MAE=343.08 | n_lags=12 | depth=8 | lr=0.0175 | avg_n_estimators=811
  Trial  62/100 | MAE=219.04 | n_lags=168 | depth=7 | lr=0.0116 | avg_n_estimators=596
  Trial  63/100 | MAE=299.21 | n_lags=48 | depth=6 | lr=0.0058 | avg_n_estimators=1817
  Trial  64/100 | MAE=305.34 | n_lags=24 | depth=10 | lr=0.0277 | avg_n_estimators=447
  Trial  65/100 | MAE=329.86 | n_lags=24 | depth=5 | lr=0.0096 | avg_n_estimators=956
  Trial  66/100 | MAE=218.85 | n_lags=168 | depth=5 | lr=0.0124 | avg_n_estimators=624
  Trial  67/100 | MAE=223.03 | n_lags=168 | depth=9 | lr=0.0528 | avg_n_estimators=160
  Trial  68/100 | MAE=226.51 | n_lags=168 | depth=12 | lr=0.0415 | avg_n_estimators=236
  Trial  69/100 | MAE=228.32 | n_lags=168 | depth=11 | lr=0.0398 | avg_n_estimators=230
  Trial  70/100 | MAE=222.02 | n_lags=168 | depth=11 | lr=0.0367 | avg_n_estimators=202
  Trial  71/100 | MAE=235.17 | n_lags=168 | depth=6 | lr=0.0082 | avg_n_estimators=910
  Trial  72/100 | MAE=449.38 | n_lags=12 | depth=4 | lr=0.0182 | avg_n_estimators=1206
  Trial  73/100 | MAE=216.04 | n_lags=168 | depth=7 | lr=0.0051 | avg_n_estimators=1215
  Trial  74/100 | MAE=298.71 | n_lags=24 | depth=9 | lr=0.0068 | avg_n_estimators=1288
  Trial  75/100 | MAE=214.27 | n_lags=168 | depth=11 | lr=0.0077 | avg_n_estimators=772
  Trial  76/100 | MAE=213.81 | n_lags=168 | depth=9 | lr=0.0055 | avg_n_estimators=1058
  Trial  77/100 | MAE=313.96 | n_lags=12 | depth=12 | lr=0.0168 | avg_n_estimators=419
  Trial  78/100 | MAE=223.27 | n_lags=168 | depth=11 | lr=0.0082 | avg_n_estimators=748
  Trial  79/100 | MAE=221.30 | n_lags=168 | depth=7 | lr=0.0090 | avg_n_estimators=738
  Trial  80/100 | MAE=280.38 | n_lags=24 | depth=9 | lr=0.0065 | avg_n_estimators=1158
  Trial  81/100 | MAE=312.21 | n_lags=24 | depth=11 | lr=0.0143 | avg_n_estimators=640
  Trial  82/100 | MAE=226.09 | n_lags=168 | depth=9 | lr=0.0140 | avg_n_estimators=528
  Trial  83/100 | MAE=230.15 | n_lags=168 | depth=7 | lr=0.0055 | avg_n_estimators=1037
  Trial  84/100 | MAE=244.69 | n_lags=168 | depth=10 | lr=0.0053 | avg_n_estimators=1704
  Trial  85/100 | MAE=216.84 | n_lags=168 | depth=11 | lr=0.0062 | avg_n_estimators=1000
  Trial  86/100 | MAE=219.34 | n_lags=168 | depth=9 | lr=0.0064 | avg_n_estimators=946
  Trial  87/100 | MAE=239.94 | n_lags=168 | depth=8 | lr=0.0052 | avg_n_estimators=1560
  Trial  88/100 | MAE=215.39 | n_lags=168 | depth=10 | lr=0.0082 | avg_n_estimators=714
  Trial  89/100 | MAE=270.25 | n_lags=48 | depth=9 | lr=0.0077 | avg_n_estimators=1156
  Trial  90/100 | MAE=221.64 | n_lags=168 | depth=9 | lr=0.0079 | avg_n_estimators=852
  Trial  91/100 | MAE=271.92 | n_lags=48 | depth=7 | lr=0.0066 | avg_n_estimators=1468
  Trial  92/100 | MAE=233.01 | n_lags=168 | depth=11 | lr=0.0133 | avg_n_estimators=599
  Trial  93/100 | MAE=335.48 | n_lags=24 | depth=5 | lr=0.0063 | avg_n_estimators=1958
  Trial  94/100 | MAE=318.44 | n_lags=12 | depth=8 | lr=0.0083 | avg_n_estimators=1001
  Trial  95/100 | MAE=228.99 | n_lags=168 | depth=8 | lr=0.0072 | avg_n_estimators=876
  Trial  96/100 | MAE=213.78 | n_lags=168 | depth=9 | lr=0.0100 | avg_n_estimators=646
  Trial  97/100 | MAE=220.44 | n_lags=168 | depth=7 | lr=0.0250 | avg_n_estimators=288
  Trial  98/100 | MAE=252.54 | n_lags=168 | depth=9 | lr=0.0085 | avg_n_estimators=1420
  Trial  99/100 | MAE=295.22 | n_lags=48 | depth=10 | lr=0.0092 | avg_n_estimators=975

======================================================================
BEST PARAMETERS FOUND
======================================================================
Tuning MAE=213.03
Best n_lags=168
Best n_estimators (from early stopping)=456
{
  "objective": "reg:squarederror",
  "random_state": 42,
  "tree_method": "hist",
  "n_jobs": -1,
  "n_estimators": 456,
  "learning_rate": 0.013760442685757279,
  "max_depth": 11,
  "min_child_weight": 4.673017295380065,
  "subsample": 0.6469304658279226,
  "colsample_bytree": 0.6129064912670907,
  "gamma": 16.16219250250183,
  "reg_lambda": 0.004230319234591274,
  "reg_alpha": 0.622401974627522
}
  Fold 155: MAE=48.1, RMSE=66.3
  Fold 156: MAE=80.6, RMSE=111.6
  Fold 157: MAE=151.0, RMSE=205.6
  Fold 158: MAE=198.4, RMSE=304.8
  Fold 159: MAE=226.6, RMSE=276.5
  Fold 160: MAE=76.0, RMSE=100.7
  Fold 161: MAE=63.7, RMSE=95.4
  Fold 162: MAE=62.2, RMSE=100.7
  Fold 163: MAE=45.1, RMSE=74.7
  Fold 164: MAE=172.9, RMSE=249.7
  Fold 165: MAE=63.3, RMSE=81.4
  Fold 166: MAE=109.3, RMSE=169.2
  Fold 167: MAE=66.6, RMSE=91.4
  Fold 168: MAE=203.9, RMSE=349.5
  Fold 169: MAE=44.5, RMSE=65.1
  Fold 170: MAE=85.8, RMSE=120.6
  Fold 171: MAE=125.7, RMSE=188.0
  Fold 172: MAE=136.9, RMSE=181.0
  Fold 173: MAE=147.7, RMSE=194.9
  Fold 174: MAE=95.8, RMSE=153.5
  Fold 175: MAE=182.2, RMSE=323.6
  Fold 176: MAE=86.8, RMSE=159.2
  Fold 177: MAE=82.0, RMSE=126.4
  Fold 178: MAE=208.3, RMSE=468.5
  Fold 179: MAE=85.6, RMSE=118.1
  Fold 180: MAE=156.7, RMSE=228.0
  Fold 181: MAE=97.9, RMSE=148.8
  Fold 182: MAE=144.0, RMSE=190.2
  Fold 183: MAE=70.3, RMSE=93.3
  Fold 184: MAE=70.6, RMSE=102.6
  Fold 185: MAE=118.2, RMSE=161.0
  Fold 186: MAE=126.3, RMSE=190.5
  Fold 187: MAE=118.6, RMSE=165.3
  Fold 188: MAE=77.6, RMSE=115.8
  Fold 189: MAE=149.0, RMSE=216.0
  Fold 190: MAE=79.9, RMSE=111.4
  Fold 191: MAE=146.8, RMSE=218.2
  Fold 192: MAE=416.5, RMSE=639.8
  Fold 193: MAE=330.2, RMSE=542.3
  Fold 194: MAE=203.8, RMSE=304.2
  Fold 195: MAE=103.4, RMSE=157.1
  Fold 196: MAE=148.4, RMSE=227.9
  Fold 197: MAE=89.1, RMSE=134.6
  Fold 198: MAE=115.0, RMSE=162.3
  Fold 199: MAE=168.4, RMSE=268.7
  Fold 200: MAE=140.7, RMSE=242.5
  Fold 201: MAE=56.5, RMSE=74.0
  Fold 202: MAE=112.7, RMSE=153.0
  Fold 203: MAE=75.9, RMSE=118.2
  Fold 204: MAE=314.1, RMSE=509.0
  Fold 205: MAE=634.4, RMSE=1023.1
  Fold 206: MAE=472.3, RMSE=772.5
  Fold 207: MAE=315.8, RMSE=345.1
  Fold 208: MAE=646.5, RMSE=1068.0
  Fold 209: MAE=267.2, RMSE=466.3
  Fold 210: MAE=155.9, RMSE=263.7
  Fold 211: MAE=232.6, RMSE=382.8
  Fold 212: MAE=473.5, RMSE=759.0
  Fold 213: MAE=461.6, RMSE=635.8
  Fold 214: MAE=193.1, RMSE=344.6
  Fold 215: MAE=678.2, RMSE=1021.2
  Fold 216: MAE=182.8, RMSE=292.4
  Fold 217: MAE=167.0, RMSE=286.5
  Fold 218: MAE=129.8, RMSE=191.5
  Fold 219: MAE=324.4, RMSE=513.7
  Fold 220: MAE=141.0, RMSE=213.6
  Fold 221: MAE=227.4, RMSE=341.8
  Fold 222: MAE=541.5, RMSE=820.7
  Fold 223: MAE=98.6, RMSE=179.6
  Fold 224: MAE=216.5, RMSE=321.0
  Fold 225: MAE=309.8, RMSE=449.5
  Fold 226: MAE=383.5, RMSE=539.8
  Fold 227: MAE=85.6, RMSE=130.6
  Fold 228: MAE=233.9, RMSE=337.0
  Fold 229: MAE=196.5, RMSE=343.9
  Fold 230: MAE=152.4, RMSE=248.1
  Fold 231: MAE=208.6, RMSE=311.8
  Fold 232: MAE=150.3, RMSE=223.7
  Fold 233: MAE=213.2, RMSE=340.9
  Fold 234: MAE=172.7, RMSE=246.8
  Fold 235: MAE=344.1, RMSE=466.6
  Fold 236: MAE=184.5, RMSE=275.1
  Fold 237: MAE=183.8, RMSE=269.2
  Fold 238: MAE=163.7, RMSE=216.2
  Fold 239: MAE=68.4, RMSE=100.9
  Fold 240: MAE=250.6, RMSE=400.3
  Fold 241: MAE=172.0, RMSE=229.7
  Fold 242: MAE=310.4, RMSE=500.6
  Fold 243: MAE=718.1, RMSE=1103.0
  Fold 244: MAE=220.5, RMSE=390.9

Validation results:
  MAE: 197.36 ± 146.07
  RMSE: 302.43 ± 230.43
----- BEGIN PARAMS JSON xgboost_best_params_london_clean_only_720_20261006_162021.json -----
{
  "city": "london",
  "scenario": "clean_only",
  "n_train_samples": 720,
  "tuning_period": {
    "first_timestamp": "2015-01-04T00:00:00",
    "last_timestamp": "2016-05-03T23:00:00"
  },
  "n_lags": 168,
  "xgb_params": {
    "objective": "reg:squarederror",
    "random_state": 42,
    "tree_method": "hist",
    "n_jobs": -1,
    "n_estimators": 456,
    "learning_rate": 0.013760442685757279,
    "max_depth": 11,
    "min_child_weight": 4.673017295380065,
    "subsample": 0.6469304658279226,
    "colsample_bytree": 0.6129064912670907,
    "gamma": 16.16219250250183,
    "reg_lambda": 0.004230319234591274,
    "reg_alpha": 0.622401974627522
  },
  "tuning": {
    "search_type": "optuna_tpe_multivariate_with_early_stopping",
    "trials": 100,
    "tune_folds": 90,
    "seed": 42,
    "metric_optimized": "MAE",
    "best_tune_mae_mean": 213.03078627501205,
    "n_lags_options": [
      12,
      24,
      48,
      168
    ],
    "early_stopping_rounds": 50,
    "max_estimators_cap": 3000
  },
  "mae_mean": 197.3645746887693,
  "mae_std": 146.06624833091266,
  "rmse_mean": 302.427516715424,
  "rmse_std": 230.43261377683095,
  "validation_folds": 90,
  "max_train_size": 8000,
  "covariates_used": [
    "t1",
    "hum",
    "wind_speed",
    "solar_radiation_wm2",
    "precipitation_mm",
    "snow_depth_cm",
    "visibility_km",
    "is_holiday",
    "season"
  ],
  "time_features_used": [
    "hour",
    "dayofweek",
    "month",
    "is_weekend"
  ],
  "provenance": {
    "git_commit": "code:5a82a4e6de97e469",
    "git_dirty": null,
    "library_versions": {
      "python": "3.11.2",
      "numpy": "1.26.4",
      "pandas": "2.3.3",
      "scikit-learn": "1.6.1",
      "statsmodels": "0.14.6",
      "pmdarima": "2.1.1",
      "xgboost": "3.1.3",
      "optuna": "4.7.0",
      "prophet": "1.3.0",
      "neuralprophet": "0.9.0",
      "torch": "2.9.1",
      "tabpfn": "6.4.1",
      "tabpfn-time-series": "1.0.9",
      "timesfm (.timesfm_venv)": "3.0.2"
    }
  }
}
----- END PARAMS JSON xgboost_best_params_london_clean_only_720_20261006_162021.json -----

Results saved to: results/tuning/xgboost_best_params_london_clean_only_720_20261006_162021.json
  --> config.xgb_params_file = 'results/tuning/xgboost_best_params_london_clean_only_720_20261006_162021.json'

======================================================================
ALL TUNING COMPLETE
======================================================================
[W1006 16:20:22.516019203 AllocatorConfig.cpp:28] Warning: PYTORCH_CUDA_ALLOC_CONF is deprecated, use PYTORCH_ALLOC_CONF instead (function operator())
Finished: 2026-10-06 16:20:22
