Job 214 | neuralprophet | seoul | DAH2 | CPUs 4 | 2026-10-01 17:10:04
Commit: unknown

======================================================================
TUNING NEURALPROPHET FOR: SEOUL
======================================================================

Loading data for seoul...
Loaded 8760 observations
======================================================================
NEURALPROPHET TUNING | city=seoul | horizon=24h | scenario=clean_only
======================================================================
Trials: 20
Search folds: 6 spread over 90 tune folds: [0, 18, 36, 53, 71, 89]
n_lags_options: [12, 24, 48, 168]
Cutoff date: 2018-03-30 23:00:00
Tune obs: 2880
Covariates (9): ['Temperature', 'Humidity', 'Wind speed', 'Solar Radiation', 'Rainfall', 'Snowfall', 'Visibility', 'Holiday', 'Seasons']
======================================================================
Importing plotly failed. Interactive plots will not work.
Importing plotly failed. Interactive plots will not work.
[   1/20] MAE=90.25 RMSE=110.93 | lr=0.02098 n_lags=48 *
[   2/20] MAE=88.48 RMSE=105.89 | lr=0.03765 n_lags=24 *
[   3/20] MAE=79.59 RMSE=99.57 | lr=0.01236 n_lags=12 *
[   4/20] MAE=92.24 RMSE=114.86 | lr=0.08450 n_lags=12
[   5/20] MAE=88.85 RMSE=109.36 | lr=0.01921 n_lags=48
[   6/20] MAE=220.02 RMSE=277.30 | lr=0.00024 n_lags=168
[   7/20] MAE=92.01 RMSE=119.79 | lr=0.00224 n_lags=48
[   8/20] MAE=90.94 RMSE=109.21 | lr=0.06030 n_lags=24
[   9/20] MAE=78.48 RMSE=103.56 | lr=0.00854 n_lags=24 *
[  10/20] MAE=102.33 RMSE=134.82 | lr=0.00214 n_lags=168
[  11/20] MAE=143.67 RMSE=180.29 | lr=0.00048 n_lags=12
[  12/20] MAE=263.72 RMSE=339.35 | lr=0.00016 n_lags=48
[  13/20] MAE=85.76 RMSE=102.98 | lr=0.03040 n_lags=24
[  14/20] MAE=88.52 RMSE=108.98 | lr=0.01880 n_lags=48
[  15/20] MAE=106.87 RMSE=135.27 | lr=0.00116 n_lags=12
[  16/20] MAE=137.03 RMSE=158.59 | lr=0.04779 n_lags=168
[  17/20] MAE=164.75 RMSE=189.14 | lr=0.02163 n_lags=168
[  18/20] MAE=91.45 RMSE=114.59 | lr=0.00251 n_lags=12
[  19/20] MAE=280.24 RMSE=362.35 | lr=0.00014 n_lags=48
[  20/20] MAE=78.76 RMSE=98.65 | lr=0.01120 n_lags=12

======================================================================
BEST PARAMETERS FROM SEARCH
======================================================================
Search MAE=78.48  RMSE=103.56
{
  "learning_rate": 0.008542704033115328,
  "n_lags": 24
}

Results saved to: results/tuning/neuralprophet_best_params_seoul_clean_only_720_20261001_173039.json
  --> config.neuralprophet_params_file = 'results/tuning/neuralprophet_best_params_seoul_clean_only_720_20261001_173039.json'

======================================================================
ALL TUNING COMPLETE
======================================================================
[W1001 17:30:39.856106536 AllocatorConfig.cpp:28] Warning: PYTORCH_CUDA_ALLOC_CONF is deprecated, use PYTORCH_ALLOC_CONF instead (function operator())
Finished: 2026-10-01 17:30:39
