Job 216 | neuralprophet | washington | DAH2 | CPUs 4 | 2026-10-01 17:52:04
Commit: unknown

======================================================================
TUNING NEURALPROPHET FOR: WASHINGTON
======================================================================

Loading data for washington...
Loaded 17544 observations
======================================================================
NEURALPROPHET TUNING | city=washington | horizon=24h | scenario=clean_only
======================================================================
Trials: 20
Search folds: 6 spread over 90 tune folds: [155, 173, 191, 208, 226, 244]
n_lags_options: [12, 24, 48, 168]
Cutoff date: 2012-04-30 23:00:00
Tune obs: 11664
Covariates (9): ['temperature_c', 'humidity_percent', 'wind_speed_ms', 'solar_radiation_wm2', 'rainfall_mm', 'snowfall_cm', 'visibility_km', 'holiday', 'season']
======================================================================
Importing plotly failed. Interactive plots will not work.
Importing plotly failed. Interactive plots will not work.
[   1/20] MAE=69.23 RMSE=90.70 | lr=0.02098 n_lags=48 *
[   2/20] MAE=70.77 RMSE=90.39 | lr=0.03765 n_lags=24
[   3/20] MAE=70.89 RMSE=95.38 | lr=0.01236 n_lags=12
[   4/20] MAE=75.87 RMSE=102.25 | lr=0.08450 n_lags=12
[   5/20] MAE=69.83 RMSE=91.35 | lr=0.01921 n_lags=48
[   6/20] MAE=158.12 RMSE=201.93 | lr=0.00024 n_lags=168
[   7/20] MAE=69.09 RMSE=86.49 | lr=0.00224 n_lags=48 *
[   8/20] MAE=72.22 RMSE=93.54 | lr=0.06030 n_lags=24
[   9/20] MAE=77.03 RMSE=94.60 | lr=0.00854 n_lags=24
[  10/20] MAE=60.78 RMSE=75.29 | lr=0.00214 n_lags=168 *
[  11/20] MAE=128.12 RMSE=160.92 | lr=0.00048 n_lags=12
[  12/20] MAE=221.74 RMSE=270.42 | lr=0.00016 n_lags=48
[  13/20] MAE=69.73 RMSE=88.96 | lr=0.03040 n_lags=24
[  14/20] MAE=70.09 RMSE=91.94 | lr=0.01880 n_lags=48
[  15/20] MAE=109.94 RMSE=134.80 | lr=0.00116 n_lags=12
[  16/20] MAE=56.99 RMSE=71.76 | lr=0.04779 n_lags=168 *
[  17/20] MAE=44.07 RMSE=56.86 | lr=0.02163 n_lags=168 *
[  18/20] MAE=90.14 RMSE=112.02 | lr=0.00251 n_lags=12
[  19/20] MAE=241.96 RMSE=296.66 | lr=0.00014 n_lags=48
[  20/20] MAE=69.57 RMSE=93.19 | lr=0.01120 n_lags=12

======================================================================
BEST PARAMETERS FROM SEARCH
======================================================================
Search MAE=44.07  RMSE=56.86
{
  "learning_rate": 0.02163468076306622,
  "n_lags": 168
}

Results saved to: results/tuning/neuralprophet_best_params_washington_clean_only_720_20261001_181241.json
  --> config.neuralprophet_params_file = 'results/tuning/neuralprophet_best_params_washington_clean_only_720_20261001_181241.json'

======================================================================
ALL TUNING COMPLETE
======================================================================
[W1001 18:12:42.555124894 AllocatorConfig.cpp:28] Warning: PYTORCH_CUDA_ALLOC_CONF is deprecated, use PYTORCH_ALLOC_CONF instead (function operator())
Finished: 2026-10-01 18:12:42
