Job 268 | sarimax | london | DAH2 | CPUs 4 | 2026-10-03 12:44:41
Commit: unknown

======================================================================
TUNING SARIMAX FOR: LONDON
======================================================================
Loaded 17544 observations for london
======================================================================
SARIMAX TUNING | city=london | horizon=24h | scenario=clean_only | m=24
======================================================================
Cutoff date (held-out test start): 2016-05-03 23:00:00
Candidate folds (auto_arima): [155, 173, 191, 208, 226, 244] | scoring folds: all 90 tune folds
Covariates (9): ['t1', 'hum', 'wind_speed', 'solar_radiation_wm2', 'precipitation_mm', 'snow_depth_cm', 'visibility_km', 'is_holiday', 'season']
  fold 155: auto_arima -> order=(3, 0, 3) seasonal=(1, 0, 1, 24) intercept=False AIC=10641.5
  fold 173: auto_arima -> order=(1, 0, 0) seasonal=(1, 0, 1, 24) intercept=True AIC=10620.8
  fold 191: auto_arima -> order=(2, 0, 0) seasonal=(1, 0, 0, 24) intercept=True AIC=10553.7
  fold 208: auto_arima -> order=(2, 0, 1) seasonal=(2, 0, 0, 24) intercept=True AIC=10479.9
  fold 226: auto_arima -> order=(2, 0, 0) seasonal=(1, 0, 1, 24) intercept=True AIC=10571.2
  fold 244: auto_arima -> order=(0, 0, 3) seasonal=(2, 0, 0, 24) intercept=False AIC=10563.4
  candidate ((3, 0, 3), (1, 0, 1, 24), False): ok MAE=366.62
  candidate ((1, 0, 0), (1, 0, 1, 24), True): ok MAE=359.93
  candidate ((2, 0, 0), (1, 0, 0, 24), True): ok MAE=329.21
  candidate ((2, 0, 1), (2, 0, 0, 24), True): ok MAE=334.49
  candidate ((2, 0, 0), (1, 0, 1, 24), True): ok MAE=357.43
  candidate ((0, 0, 3), (2, 0, 0, 24), False): ok MAE=349.32

======================================================================
SELECTED: order=[2, 0, 0] seasonal_order=[1, 0, 0, 24] with_intercept=True (trend=c) | search MAE=329.21
======================================================================
Traceback (most recent call last):
  File "/home/20250572/TabPFN-TS_for_Bike_Demand_Forecasting/forecasting/models/tuning/tune_sarimax.py", line 160, in <module>
    main()
  File "/home/20250572/TabPFN-TS_for_Bike_Demand_Forecasting/forecasting/models/tuning/tune_sarimax.py", line 152, in main
    run_city(city, args)
  File "/home/20250572/TabPFN-TS_for_Bike_Demand_Forecasting/forecasting/models/tuning/tune_sarimax.py", line 129, in run_city
    output_file = save_results(params, args.output_dir)
                  ^^^^^^^^^^^^^^^^^^^^^^^^^^^^^^^^^^^^^
  File "/home/20250572/TabPFN-TS_for_Bike_Demand_Forecasting/forecasting/models/tuning/tune_sarimax.py", line 109, in save_results
    with open(output_file, 'w') as f:
         ^^^^^^^^^^^^^^^^^^^^^^
OSError: [Errno 30] Read-only file system: 'results/tuning/sarimax_best_params_london_clean_only_720_20261003_175318.json'
[W1003 17:53:18.642222667 AllocatorConfig.cpp:28] Warning: PYTORCH_CUDA_ALLOC_CONF is deprecated, use PYTORCH_ALLOC_CONF instead (function operator())
