Job 281 | neuralprophet | washington | DAH2 | CPUs 4 | 2026-10-03 13:34:07
Commit: unknown

======================================================================
TUNING NEURALPROPHET FOR: WASHINGTON
======================================================================

Loading data for washington...
Loaded 17544 observations
======================================================================
NEURALPROPHET TUNING | city=washington | horizon=24h | scenario=clean_only
======================================================================
Trials: 20
Search folds: 6 spread over 90 tune folds: [155, 173, 191, 208, 226, 244]
n_lags_options: [12, 24, 48, 168]
Cutoff date: 2012-04-30 23:00:00
Tune obs: 11664
Covariates (9): ['temperature_c', 'humidity_percent', 'wind_speed_ms', 'solar_radiation_wm2', 'precipitation_mm', 'snow_depth_cm', 'visibility_km', 'holiday', 'season']
======================================================================
Importing plotly failed. Interactive plots will not work.
Importing plotly failed. Interactive plots will not work.
[   1/20] MAE=71.30 RMSE=93.87 | lr=0.02098 n_lags=48 *
[   2/20] MAE=68.82 RMSE=87.72 | lr=0.03765 n_lags=24 *
[   3/20] MAE=78.68 RMSE=106.08 | lr=0.01236 n_lags=12
[   4/20] MAE=78.06 RMSE=106.75 | lr=0.08450 n_lags=12
[   5/20] MAE=71.53 RMSE=93.92 | lr=0.01921 n_lags=48
[   6/20] MAE=155.47 RMSE=197.77 | lr=0.00024 n_lags=168
[   7/20] MAE=67.91 RMSE=87.13 | lr=0.00224 n_lags=48 *
[   8/20] MAE=70.22 RMSE=91.80 | lr=0.06030 n_lags=24
[   9/20] MAE=66.61 RMSE=82.46 | lr=0.00854 n_lags=24 *
[  10/20] MAE=61.98 RMSE=76.73 | lr=0.00214 n_lags=168 *
[  11/20] MAE=146.97 RMSE=184.19 | lr=0.00048 n_lags=12
[  12/20] MAE=247.87 RMSE=300.60 | lr=0.00016 n_lags=48
[  13/20] MAE=67.07 RMSE=85.28 | lr=0.03040 n_lags=24
[  14/20] MAE=71.50 RMSE=93.89 | lr=0.01880 n_lags=48
[  15/20] MAE=107.15 RMSE=134.84 | lr=0.00116 n_lags=12
[  16/20] MAE=55.38 RMSE=71.24 | lr=0.04779 n_lags=168 *
[  17/20] MAE=48.97 RMSE=62.42 | lr=0.02163 n_lags=168 *
[  18/20] MAE=87.77 RMSE=113.45 | lr=0.00251 n_lags=12
[  19/20] MAE=267.58 RMSE=323.91 | lr=0.00014 n_lags=48
[  20/20] MAE=78.92 RMSE=106.90 | lr=0.01120 n_lags=12

======================================================================
BEST PARAMETERS FROM SEARCH
======================================================================
Search MAE=48.97  RMSE=62.42
{
  "learning_rate": 0.02163468076306622,
  "n_lags": 168
}

Results saved to: results/tuning/neuralprophet_best_params_washington_clean_only_720_20261003_135452.json
  --> config.neuralprophet_params_file = 'results/tuning/neuralprophet_best_params_washington_clean_only_720_20261003_135452.json'

======================================================================
ALL TUNING COMPLETE
======================================================================
[W1003 13:54:53.663042567 AllocatorConfig.cpp:28] Warning: PYTORCH_CUDA_ALLOC_CONF is deprecated, use PYTORCH_ALLOC_CONF instead (function operator())
Finished: 2026-10-03 13:54:53
