Job 204 | sarimax | washington | DAH2 | CPUs 4 | 2026-10-01 17:02:34
Commit: unknown

======================================================================
TUNING SARIMAX FOR: WASHINGTON
======================================================================
Loaded 17544 observations for washington
======================================================================
SARIMAX TUNING | city=washington | horizon=24h | scenario=clean_only | m=24
======================================================================
Cutoff date (held-out test start): 2012-04-30 23:00:00
Candidate folds (auto_arima): [155, 173, 191, 208, 226, 244] | scoring folds: all 90 tune folds
Covariates (9): ['temperature_c', 'humidity_percent', 'wind_speed_ms', 'solar_radiation_wm2', 'rainfall_mm', 'snowfall_cm', 'visibility_km', 'holiday', 'season']
  fold 155: auto_arima -> order=(2, 0, 2) seasonal=(1, 0, 0, 24) intercept=True AIC=7705.7
  fold 173: auto_arima -> order=(4, 0, 1) seasonal=(1, 0, 0, 24) intercept=True AIC=7742.5
  fold 191: auto_arima -> order=(2, 0, 0) seasonal=(1, 0, 0, 24) intercept=True AIC=7931.1
  fold 208: auto_arima -> order=(2, 0, 0) seasonal=(2, 0, 0, 24) intercept=True AIC=8144.4
  fold 226: auto_arima -> order=(2, 0, 2) seasonal=(1, 0, 0, 24) intercept=False AIC=8223.8
  fold 244: auto_arima -> order=(2, 0, 0) seasonal=(1, 0, 0, 24) intercept=True AIC=8215.3
  candidate ((2, 0, 2), (1, 0, 0, 24), True): ok MAE=71.98
  candidate ((4, 0, 1), (1, 0, 0, 24), True): ok MAE=71.50
  candidate ((2, 0, 0), (1, 0, 0, 24), True): ok MAE=71.78
  candidate ((2, 0, 0), (2, 0, 0, 24), True): ok MAE=72.83
  candidate ((2, 0, 2), (1, 0, 0, 24), False): ok MAE=72.95

======================================================================
SELECTED: order=[4, 0, 1] seasonal_order=[1, 0, 0, 24] with_intercept=True (trend=c) | search MAE=71.50
======================================================================

Results saved to: results/tuning/sarimax_best_params_washington_clean_only_720_20261001_202237.json
  --> config.sarimax_params_file = 'results/tuning/sarimax_best_params_washington_clean_only_720_20261001_202237.json'

======================================================================
ALL TUNING COMPLETE
======================================================================
[W1001 20:22:38.147687474 AllocatorConfig.cpp:28] Warning: PYTORCH_CUDA_ALLOC_CONF is deprecated, use PYTORCH_ALLOC_CONF instead (function operator())
Finished: 2026-10-01 20:22:38
