Job 250 | xgboost_noweather | seoul | DAH2 | CPUs 8 | 2026-10-03 05:04:27
Commit: unknown

======================================================================
TUNING XGBOOST FOR: SEOUL
======================================================================
Loaded 8760 observations for seoul
======================================================================
XGBOOST TUNING (Optuna TPE + early stopping) | city=seoul | horizon=24h | scenario=no_weather
======================================================================
Trials: 100
Tune folds: 90 (90)
n_lags_options: [12, 24, 48, 168]
Max train size: 8000
Early stopping rounds: 50 | Max estimators: 3000
Cutoff date (held-out test start): 2018-03-30 23:00:00
Tuning on 2880 observations (pre-cutoff)
n_train_samples: 720
Covariates used (0): []
======================================================================
  Trial   0/100 | MAE=109.66 | n_lags=168 | depth=12 | lr=0.0199 | avg_n_estimators=763
  Trial   1/100 | MAE=135.96 | n_lags=12 | depth=4 | lr=0.1078 | avg_n_estimators=224
  Trial   2/100 | MAE=117.29 | n_lags=48 | depth=10 | lr=0.0269 | avg_n_estimators=613
  Trial   3/100 | MAE=111.44 | n_lags=24 | depth=3 | lr=0.0154 | avg_n_estimators=1639
  Trial   4/100 | MAE=110.68 | n_lags=168 | depth=4 | lr=0.0376 | avg_n_estimators=559
  Trial   5/100 | MAE=117.51 | n_lags=24 | depth=4 | lr=0.0210 | avg_n_estimators=1263
  Trial   6/100 | MAE=133.98 | n_lags=12 | depth=10 | lr=0.0051 | avg_n_estimators=2810
  Trial   7/100 | MAE=121.70 | n_lags=48 | depth=5 | lr=0.0157 | avg_n_estimators=1260
  Trial   8/100 | MAE=119.62 | n_lags=12 | depth=6 | lr=0.0344 | avg_n_estimators=368
  Trial   9/100 | MAE=114.75 | n_lags=48 | depth=2 | lr=0.0116 | avg_n_estimators=1536
  Trial  10/100 | MAE=110.73 | n_lags=168 | depth=9 | lr=0.0184 | avg_n_estimators=1013
  Trial  11/100 | MAE=113.59 | n_lags=168 | depth=4 | lr=0.0901 | avg_n_estimators=264
  Trial  12/100 | MAE=117.96 | n_lags=48 | depth=9 | lr=0.0153 | avg_n_estimators=1274
  Trial  13/100 | MAE=109.76 | n_lags=168 | depth=3 | lr=0.0189 | avg_n_estimators=636
  Trial  14/100 | MAE=111.67 | n_lags=168 | depth=3 | lr=0.0355 | avg_n_estimators=431
  Trial  15/100 | MAE=117.83 | n_lags=24 | depth=11 | lr=0.0637 | avg_n_estimators=505
  Trial  16/100 | MAE=105.89 | n_lags=168 | depth=9 | lr=0.0898 | avg_n_estimators=211
  Trial  17/100 | MAE=109.92 | n_lags=168 | depth=6 | lr=0.0968 | avg_n_estimators=200
  Trial  18/100 | MAE=109.76 | n_lags=168 | depth=10 | lr=0.0881 | avg_n_estimators=206
  Trial  19/100 | MAE=100.89 | n_lags=168 | depth=9 | lr=0.0071 | avg_n_estimators=1018
  Trial  20/100 | MAE=100.02 | n_lags=168 | depth=10 | lr=0.0055 | avg_n_estimators=1282
  Trial  21/100 | MAE=101.12 | n_lags=168 | depth=11 | lr=0.0053 | avg_n_estimators=1237
  Trial  22/100 | MAE=99.02 | n_lags=168 | depth=9 | lr=0.0064 | avg_n_estimators=1200
  Trial  23/100 | MAE=105.84 | n_lags=48 | depth=8 | lr=0.0050 | avg_n_estimators=1585
  Trial  24/100 | MAE=103.09 | n_lags=168 | depth=6 | lr=0.0091 | avg_n_estimators=1070
  Trial  25/100 | MAE=119.57 | n_lags=12 | depth=7 | lr=0.0131 | avg_n_estimators=785
  Trial  26/100 | MAE=103.20 | n_lags=168 | depth=10 | lr=0.0078 | avg_n_estimators=1104
  Trial  27/100 | MAE=110.37 | n_lags=24 | depth=10 | lr=0.0124 | avg_n_estimators=1311
  Trial  28/100 | MAE=103.98 | n_lags=168 | depth=9 | lr=0.0054 | avg_n_estimators=1406
  Trial  29/100 | MAE=108.63 | n_lags=48 | depth=12 | lr=0.0167 | avg_n_estimators=1118
  Trial  30/100 | MAE=101.69 | n_lags=168 | depth=10 | lr=0.0239 | avg_n_estimators=446
  Trial  31/100 | MAE=101.47 | n_lags=168 | depth=10 | lr=0.0066 | avg_n_estimators=1051
  Trial  32/100 | MAE=120.11 | n_lags=12 | depth=12 | lr=0.0077 | avg_n_estimators=1088
  Trial  33/100 | MAE=101.38 | n_lags=168 | depth=10 | lr=0.0063 | avg_n_estimators=1092
  Trial  34/100 | MAE=100.78 | n_lags=168 | depth=10 | lr=0.0064 | avg_n_estimators=1340
  Trial  35/100 | MAE=131.43 | n_lags=12 | depth=7 | lr=0.0053 | avg_n_estimators=2503
  Trial  36/100 | MAE=102.96 | n_lags=168 | depth=10 | lr=0.0104 | avg_n_estimators=957
  Trial  37/100 | MAE=100.66 | n_lags=168 | depth=8 | lr=0.0068 | avg_n_estimators=1086
  Trial  38/100 | MAE=114.84 | n_lags=24 | depth=11 | lr=0.0177 | avg_n_estimators=605
  Trial  39/100 | MAE=100.01 | n_lags=168 | depth=7 | lr=0.0090 | avg_n_estimators=1034
  Trial  40/100 | MAE=100.66 | n_lags=168 | depth=6 | lr=0.0087 | avg_n_estimators=984
  Trial  41/100 | MAE=103.91 | n_lags=168 | depth=7 | lr=0.0133 | avg_n_estimators=780
  Trial  42/100 | MAE=104.14 | n_lags=168 | depth=4 | lr=0.0053 | avg_n_estimators=1543
  Trial  43/100 | MAE=101.97 | n_lags=168 | depth=6 | lr=0.0074 | avg_n_estimators=1102
  Trial  44/100 | MAE=109.43 | n_lags=24 | depth=9 | lr=0.0054 | avg_n_estimators=1395
  Trial  45/100 | MAE=108.71 | n_lags=48 | depth=9 | lr=0.0138 | avg_n_estimators=1274
  Trial  46/100 | MAE=123.87 | n_lags=12 | depth=9 | lr=0.0088 | avg_n_estimators=1628
  Trial  47/100 | MAE=110.98 | n_lags=168 | depth=7 | lr=0.0152 | avg_n_estimators=904
  Trial  48/100 | MAE=109.34 | n_lags=24 | depth=4 | lr=0.0218 | avg_n_estimators=983
  Trial  49/100 | MAE=107.12 | n_lags=48 | depth=4 | lr=0.0172 | avg_n_estimators=763
  Trial  50/100 | MAE=103.24 | n_lags=168 | depth=6 | lr=0.0149 | avg_n_estimators=715
  Trial  51/100 | MAE=106.65 | n_lags=48 | depth=7 | lr=0.0153 | avg_n_estimators=820
  Trial  52/100 | MAE=109.86 | n_lags=24 | depth=8 | lr=0.0060 | avg_n_estimators=2427
  Trial  53/100 | MAE=105.19 | n_lags=168 | depth=8 | lr=0.0089 | avg_n_estimators=1131
  Trial  54/100 | MAE=100.24 | n_lags=168 | depth=8 | lr=0.0056 | avg_n_estimators=1232
  Trial  55/100 | MAE=106.69 | n_lags=168 | depth=3 | lr=0.0058 | avg_n_estimators=1629
  Trial  56/100 | MAE=101.05 | n_lags=168 | depth=8 | lr=0.0051 | avg_n_estimators=1355
  Trial  57/100 | MAE=101.33 | n_lags=168 | depth=10 | lr=0.0130 | avg_n_estimators=840
  Trial  58/100 | MAE=114.92 | n_lags=24 | depth=9 | lr=0.0053 | avg_n_estimators=1599
  Trial  59/100 | MAE=126.46 | n_lags=12 | depth=8 | lr=0.0137 | avg_n_estimators=734
  Trial  60/100 | MAE=110.63 | n_lags=24 | depth=9 | lr=0.0166 | avg_n_estimators=1250
  Trial  61/100 | MAE=101.57 | n_lags=168 | depth=7 | lr=0.0118 | avg_n_estimators=745
  Trial  62/100 | MAE=102.82 | n_lags=168 | depth=10 | lr=0.0064 | avg_n_estimators=1322
  Trial  63/100 | MAE=106.52 | n_lags=48 | depth=9 | lr=0.0072 | avg_n_estimators=1720
  Trial  64/100 | MAE=123.21 | n_lags=12 | depth=4 | lr=0.0068 | avg_n_estimators=1898
  Trial  65/100 | MAE=100.78 | n_lags=168 | depth=8 | lr=0.0054 | avg_n_estimators=1319
  Trial  66/100 | MAE=100.41 | n_lags=168 | depth=8 | lr=0.0066 | avg_n_estimators=1038
  Trial  67/100 | MAE=112.12 | n_lags=24 | depth=4 | lr=0.0094 | avg_n_estimators=1421
  Trial  68/100 | MAE=109.70 | n_lags=168 | depth=2 | lr=0.0084 | avg_n_estimators=1385
  Trial  69/100 | MAE=103.82 | n_lags=168 | depth=5 | lr=0.0070 | avg_n_estimators=1216
  Trial  70/100 | MAE=103.53 | n_lags=168 | depth=12 | lr=0.0068 | avg_n_estimators=1188
  Trial  71/100 | MAE=104.71 | n_lags=168 | depth=7 | lr=0.0052 | avg_n_estimators=1692
  Trial  72/100 | MAE=100.87 | n_lags=168 | depth=8 | lr=0.0091 | avg_n_estimators=759
  Trial  73/100 | MAE=101.55 | n_lags=168 | depth=7 | lr=0.0149 | avg_n_estimators=564
  Trial  74/100 | MAE=100.52 | n_lags=168 | depth=9 | lr=0.0164 | avg_n_estimators=538
  Trial  75/100 | MAE=100.16 | n_lags=168 | depth=10 | lr=0.0258 | avg_n_estimators=345
  Trial  76/100 | MAE=120.31 | n_lags=12 | depth=10 | lr=0.0198 | avg_n_estimators=586
  Trial  77/100 | MAE=104.10 | n_lags=168 | depth=9 | lr=0.0284 | avg_n_estimators=538
  Trial  78/100 | MAE=101.18 | n_lags=168 | depth=9 | lr=0.0817 | avg_n_estimators=126
  Trial  79/100 | MAE=109.57 | n_lags=48 | depth=11 | lr=0.0202 | avg_n_estimators=788
  Trial  80/100 | MAE=104.69 | n_lags=168 | depth=11 | lr=0.0204 | avg_n_estimators=649
  Trial  81/100 | MAE=103.17 | n_lags=168 | depth=10 | lr=0.0356 | avg_n_estimators=306
  Trial  82/100 | MAE=102.81 | n_lags=168 | depth=9 | lr=0.0058 | avg_n_estimators=1253
  Trial  83/100 | MAE=101.83 | n_lags=168 | depth=12 | lr=0.0323 | avg_n_estimators=408
  Trial  84/100 | MAE=101.80 | n_lags=168 | depth=8 | lr=0.0189 | avg_n_estimators=564
  Trial  85/100 | MAE=103.23 | n_lags=168 | depth=7 | lr=0.0181 | avg_n_estimators=566
  Trial  86/100 | MAE=100.19 | n_lags=168 | depth=8 | lr=0.0085 | avg_n_estimators=964
  Trial  87/100 | MAE=100.80 | n_lags=168 | depth=6 | lr=0.0062 | avg_n_estimators=1213
  Trial  88/100 | MAE=101.01 | n_lags=168 | depth=7 | lr=0.0342 | avg_n_estimators=261
  Trial  89/100 | MAE=99.86 | n_lags=168 | depth=10 | lr=0.0131 | avg_n_estimators=646
  Trial  90/100 | MAE=102.62 | n_lags=168 | depth=10 | lr=0.0064 | avg_n_estimators=1351
  Trial  91/100 | MAE=106.76 | n_lags=24 | depth=7 | lr=0.0075 | avg_n_estimators=1342
  Trial  92/100 | MAE=102.98 | n_lags=168 | depth=12 | lr=0.0117 | avg_n_estimators=783
  Trial  93/100 | MAE=101.07 | n_lags=168 | depth=10 | lr=0.0143 | avg_n_estimators=639
  Trial  94/100 | MAE=101.05 | n_lags=168 | depth=7 | lr=0.0100 | avg_n_estimators=878
  Trial  95/100 | MAE=102.71 | n_lags=168 | depth=6 | lr=0.0126 | avg_n_estimators=851
  Trial  96/100 | MAE=100.57 | n_lags=168 | depth=10 | lr=0.0093 | avg_n_estimators=934
  Trial  97/100 | MAE=105.98 | n_lags=48 | depth=12 | lr=0.0086 | avg_n_estimators=1619
  Trial  98/100 | MAE=112.35 | n_lags=24 | depth=9 | lr=0.0434 | avg_n_estimators=516
  Trial  99/100 | MAE=110.29 | n_lags=48 | depth=11 | lr=0.0088 | avg_n_estimators=1338

======================================================================
BEST PARAMETERS FOUND
======================================================================
Tuning MAE=99.02
Best n_lags=168
Best n_estimators (from early stopping)=1200
{
  "objective": "reg:squarederror",
  "random_state": 42,
  "tree_method": "hist",
  "n_jobs": -1,
  "n_estimators": 1200,
  "learning_rate": 0.00635470258796248,
  "max_depth": 9,
  "min_child_weight": 2.608133449863516,
  "subsample": 0.8880729377598204,
  "colsample_bytree": 0.633148958183317,
  "gamma": 8.23051336355569,
  "reg_lambda": 0.004919067173693768,
  "reg_alpha": 0.2629757983455018
}
  Fold 0: MAE=38.4, RMSE=47.4
  Fold 1: MAE=41.3, RMSE=58.2
  Fold 2: MAE=71.9, RMSE=102.6
  Fold 3: MAE=51.2, RMSE=69.4
  Fold 4: MAE=46.9, RMSE=54.5
  Fold 5: MAE=43.3, RMSE=56.3
  Fold 6: MAE=42.8, RMSE=54.0
  Fold 7: MAE=27.6, RMSE=33.9
  Fold 8: MAE=96.7, RMSE=154.2
  Fold 9: MAE=40.3, RMSE=51.3
  Fold 10: MAE=76.1, RMSE=88.6
  Fold 11: MAE=74.9, RMSE=84.6
  Fold 12: MAE=74.0, RMSE=82.6
  Fold 13: MAE=79.6, RMSE=91.2
  Fold 14: MAE=58.0, RMSE=93.6
  Fold 15: MAE=53.2, RMSE=73.3
  Fold 16: MAE=42.8, RMSE=73.6
  Fold 17: MAE=30.7, RMSE=52.5
  Fold 18: MAE=24.8, RMSE=33.5
  Fold 19: MAE=88.2, RMSE=129.3
  Fold 20: MAE=33.2, RMSE=38.9
  Fold 21: MAE=44.8, RMSE=60.7
  Fold 22: MAE=99.6, RMSE=152.0
  Fold 23: MAE=52.7, RMSE=63.4
  Fold 24: MAE=33.3, RMSE=39.0
  Fold 25: MAE=36.9, RMSE=45.1
  Fold 26: MAE=42.5, RMSE=52.4
  Fold 27: MAE=28.7, RMSE=36.6
  Fold 28: MAE=35.4, RMSE=46.2
  Fold 29: MAE=59.4, RMSE=77.2
  Fold 30: MAE=83.1, RMSE=127.9
  Fold 31: MAE=56.8, RMSE=73.0
  Fold 32: MAE=63.7, RMSE=90.2
  Fold 33: MAE=47.2, RMSE=70.2
  Fold 34: MAE=106.4, RMSE=125.1
  Fold 35: MAE=67.8, RMSE=80.4
  Fold 36: MAE=28.3, RMSE=40.6
  Fold 37: MAE=42.7, RMSE=62.9
  Fold 38: MAE=47.6, RMSE=70.3
  Fold 39: MAE=25.6, RMSE=31.1
  Fold 40: MAE=21.5, RMSE=28.7
  Fold 41: MAE=60.1, RMSE=79.4
  Fold 42: MAE=36.1, RMSE=46.6
  Fold 43: MAE=48.5, RMSE=65.4
  Fold 44: MAE=62.5, RMSE=74.3
  Fold 45: MAE=55.1, RMSE=75.3
  Fold 46: MAE=108.3, RMSE=141.3
  Fold 47: MAE=71.7, RMSE=90.5
  Fold 48: MAE=41.4, RMSE=52.3
  Fold 49: MAE=41.9, RMSE=63.1
  Fold 50: MAE=98.4, RMSE=146.0
  Fold 51: MAE=62.2, RMSE=86.1
  Fold 52: MAE=72.1, RMSE=119.8
  Fold 53: MAE=124.9, RMSE=190.2
  Fold 54: MAE=61.3, RMSE=75.0
  Fold 55: MAE=67.9, RMSE=80.9
  Fold 56: MAE=75.2, RMSE=105.9
  Fold 57: MAE=67.4, RMSE=103.2
  Fold 58: MAE=58.3, RMSE=72.8
  Fold 59: MAE=238.4, RMSE=330.1
  Fold 60: MAE=104.1, RMSE=131.3
  Fold 61: MAE=115.0, RMSE=162.6
  Fold 62: MAE=224.1, RMSE=306.2
  Fold 63: MAE=225.6, RMSE=250.6
  Fold 64: MAE=149.5, RMSE=198.8
  Fold 65: MAE=106.2, RMSE=139.3
  Fold 66: MAE=145.0, RMSE=202.0
  Fold 67: MAE=136.9, RMSE=170.2
  Fold 68: MAE=96.2, RMSE=141.8
  Fold 69: MAE=152.2, RMSE=181.4
  Fold 70: MAE=159.0, RMSE=213.7
  Fold 71: MAE=184.1, RMSE=257.2
  Fold 72: MAE=167.2, RMSE=220.2
  Fold 73: MAE=147.2, RMSE=225.0
  Fold 74: MAE=443.8, RMSE=509.4
  Fold 75: MAE=87.3, RMSE=133.5
  Fold 76: MAE=171.7, RMSE=213.0
  Fold 77: MAE=294.9, RMSE=427.2
  Fold 78: MAE=349.7, RMSE=403.3
  Fold 79: MAE=300.0, RMSE=385.8
  Fold 80: MAE=453.8, RMSE=575.6
  Fold 81: MAE=284.6, RMSE=381.1
  Fold 82: MAE=81.4, RMSE=116.6
  Fold 83: MAE=113.5, RMSE=154.5
  Fold 84: MAE=84.5, RMSE=106.3
  Fold 85: MAE=121.6, RMSE=169.6
  Fold 86: MAE=45.8, RMSE=62.9
  Fold 87: MAE=106.9, RMSE=155.3
  Fold 88: MAE=42.1, RMSE=55.1
  Fold 89: MAE=89.0, RMSE=128.4

Validation results:
  MAE: 97.72 ± 84.74
  RMSE: 129.70 ± 106.92

Results saved to: results/tuning/xgboost_best_params_seoul_no_weather_720_20261003_095525.json
  --> config.xgb_noweather_params_file = 'results/tuning/xgboost_best_params_seoul_no_weather_720_20261003_095525.json'

======================================================================
ALL TUNING COMPLETE
======================================================================
[W1003 09:55:26.290833616 AllocatorConfig.cpp:28] Warning: PYTORCH_CUDA_ALLOC_CONF is deprecated, use PYTORCH_ALLOC_CONF instead (function operator())
Finished: 2026-10-03 09:55:26
