Job 210 | xgboost_noweather | washington | DAH2 | CPUs 8 | 2026-10-01 22:59:42
Commit: unknown

======================================================================
TUNING XGBOOST FOR: WASHINGTON
======================================================================
Loaded 17544 observations for washington
======================================================================
XGBOOST TUNING (Optuna TPE + early stopping) | city=washington | horizon=24h | scenario=no_weather
======================================================================
Trials: 100
Tune folds: 90 (90)
n_lags_options: [12, 24, 48, 168]
Max train size: 8000
Early stopping rounds: 50 | Max estimators: 3000
Cutoff date (held-out test start): 2012-04-30 23:00:00
Tuning on 11664 observations (pre-cutoff)
n_train_samples: 720
Covariates used (0): []
======================================================================
  Trial   0/100 | MAE=68.34 | n_lags=168 | depth=12 | lr=0.0199 | avg_n_estimators=863
  Trial   1/100 | MAE=76.92 | n_lags=12 | depth=4 | lr=0.1078 | avg_n_estimators=199
  Trial   2/100 | MAE=68.93 | n_lags=48 | depth=10 | lr=0.0269 | avg_n_estimators=512
  Trial   3/100 | MAE=75.85 | n_lags=24 | depth=3 | lr=0.0154 | avg_n_estimators=1716
  Trial   4/100 | MAE=70.84 | n_lags=168 | depth=4 | lr=0.0376 | avg_n_estimators=584
  Trial   5/100 | MAE=77.55 | n_lags=24 | depth=4 | lr=0.0210 | avg_n_estimators=1400
  Trial   6/100 | MAE=80.31 | n_lags=12 | depth=10 | lr=0.0051 | avg_n_estimators=2866
  Trial   7/100 | MAE=78.34 | n_lags=48 | depth=5 | lr=0.0157 | avg_n_estimators=1387
  Trial   8/100 | MAE=66.55 | n_lags=12 | depth=6 | lr=0.0344 | avg_n_estimators=313
  Trial   9/100 | MAE=73.29 | n_lags=48 | depth=2 | lr=0.0116 | avg_n_estimators=1703
  Trial  10/100 | MAE=63.07 | n_lags=24 | depth=5 | lr=0.0372 | avg_n_estimators=357
  Trial  11/100 | MAE=61.32 | n_lags=24 | depth=6 | lr=0.0119 | avg_n_estimators=931
  Trial  12/100 | MAE=57.61 | n_lags=168 | depth=9 | lr=0.0071 | avg_n_estimators=913
  Trial  13/100 | MAE=60.14 | n_lags=168 | depth=7 | lr=0.0120 | avg_n_estimators=731
  Trial  14/100 | MAE=56.83 | n_lags=168 | depth=11 | lr=0.0070 | avg_n_estimators=953
  Trial  15/100 | MAE=68.81 | n_lags=12 | depth=12 | lr=0.0057 | avg_n_estimators=2253
  Trial  16/100 | MAE=56.92 | n_lags=168 | depth=12 | lr=0.0136 | avg_n_estimators=656
  Trial  17/100 | MAE=56.49 | n_lags=168 | depth=12 | lr=0.0052 | avg_n_estimators=1706
  Trial  18/100 | MAE=65.09 | n_lags=24 | depth=11 | lr=0.0053 | avg_n_estimators=2834
  Trial  19/100 | MAE=59.25 | n_lags=168 | depth=10 | lr=0.0086 | avg_n_estimators=1440
  Trial  20/100 | MAE=56.93 | n_lags=168 | depth=12 | lr=0.0405 | avg_n_estimators=181
  Trial  21/100 | MAE=56.81 | n_lags=168 | depth=11 | lr=0.0201 | avg_n_estimators=390
  Trial  22/100 | MAE=61.45 | n_lags=24 | depth=12 | lr=0.0305 | avg_n_estimators=302
  Trial  23/100 | MAE=66.57 | n_lags=48 | depth=8 | lr=0.0251 | avg_n_estimators=656
  Trial  24/100 | MAE=65.35 | n_lags=168 | depth=12 | lr=0.0094 | avg_n_estimators=1429
  Trial  25/100 | MAE=57.37 | n_lags=168 | depth=12 | lr=0.0154 | avg_n_estimators=535
  Trial  26/100 | MAE=57.53 | n_lags=24 | depth=12 | lr=0.0172 | avg_n_estimators=556
  Trial  27/100 | MAE=66.06 | n_lags=12 | depth=12 | lr=0.0144 | avg_n_estimators=940
  Trial  28/100 | MAE=60.89 | n_lags=168 | depth=11 | lr=0.0063 | avg_n_estimators=2062
  Trial  29/100 | MAE=58.17 | n_lags=168 | depth=10 | lr=0.0169 | avg_n_estimators=419
  Trial  30/100 | MAE=58.93 | n_lags=168 | depth=11 | lr=0.0072 | avg_n_estimators=1467
  Trial  31/100 | MAE=59.12 | n_lags=168 | depth=11 | lr=0.0242 | avg_n_estimators=445
  Trial  32/100 | MAE=58.67 | n_lags=168 | depth=10 | lr=0.0061 | avg_n_estimators=1316
  Trial  33/100 | MAE=63.41 | n_lags=48 | depth=11 | lr=0.0053 | avg_n_estimators=1840
  Trial  34/100 | MAE=67.44 | n_lags=12 | depth=11 | lr=0.0097 | avg_n_estimators=2035
  Trial  35/100 | MAE=58.62 | n_lags=168 | depth=12 | lr=0.0076 | avg_n_estimators=940
  Trial  36/100 | MAE=60.02 | n_lags=168 | depth=12 | lr=0.0055 | avg_n_estimators=1378
  Trial  37/100 | MAE=57.46 | n_lags=168 | depth=10 | lr=0.0068 | avg_n_estimators=1075
  Trial  38/100 | MAE=57.02 | n_lags=168 | depth=12 | lr=0.0090 | avg_n_estimators=872
  Trial  39/100 | MAE=58.44 | n_lags=168 | depth=10 | lr=0.0494 | avg_n_estimators=195
  Trial  40/100 | MAE=57.21 | n_lags=168 | depth=11 | lr=0.0500 | avg_n_estimators=210
  Trial  41/100 | MAE=58.79 | n_lags=168 | depth=11 | lr=0.0528 | avg_n_estimators=195
  Trial  42/100 | MAE=70.05 | n_lags=12 | depth=11 | lr=0.0252 | avg_n_estimators=643
  Trial  43/100 | MAE=57.68 | n_lags=168 | depth=12 | lr=0.0419 | avg_n_estimators=221
  Trial  44/100 | MAE=57.23 | n_lags=168 | depth=7 | lr=0.0092 | avg_n_estimators=736
  Trial  45/100 | MAE=62.06 | n_lags=24 | depth=11 | lr=0.1178 | avg_n_estimators=145
  Trial  46/100 | MAE=62.22 | n_lags=48 | depth=9 | lr=0.0474 | avg_n_estimators=232
  Trial  47/100 | MAE=58.19 | n_lags=168 | depth=10 | lr=0.0094 | avg_n_estimators=804
  Trial  48/100 | MAE=66.91 | n_lags=48 | depth=12 | lr=0.0434 | avg_n_estimators=393
  Trial  49/100 | MAE=65.17 | n_lags=48 | depth=12 | lr=0.0112 | avg_n_estimators=1455
  Trial  50/100 | MAE=61.05 | n_lags=24 | depth=12 | lr=0.0133 | avg_n_estimators=918
  Trial  51/100 | MAE=58.53 | n_lags=168 | depth=12 | lr=0.0051 | avg_n_estimators=1451
  Trial  52/100 | MAE=59.86 | n_lags=24 | depth=9 | lr=0.0194 | avg_n_estimators=619
  Trial  53/100 | MAE=58.67 | n_lags=168 | depth=12 | lr=0.0132 | avg_n_estimators=596
  Trial  54/100 | MAE=58.81 | n_lags=168 | depth=11 | lr=0.0051 | avg_n_estimators=1275
  Trial  55/100 | MAE=62.28 | n_lags=48 | depth=12 | lr=0.0177 | avg_n_estimators=523
  Trial  56/100 | MAE=56.92 | n_lags=168 | depth=10 | lr=0.0110 | avg_n_estimators=871
  Trial  57/100 | MAE=63.06 | n_lags=168 | depth=7 | lr=0.0105 | avg_n_estimators=1059
  Trial  58/100 | MAE=64.43 | n_lags=48 | depth=12 | lr=0.0105 | avg_n_estimators=979
  Trial  59/100 | MAE=72.14 | n_lags=12 | depth=9 | lr=0.0229 | avg_n_estimators=1063
  Trial  60/100 | MAE=57.57 | n_lags=168 | depth=12 | lr=0.0289 | avg_n_estimators=252
  Trial  61/100 | MAE=57.11 | n_lags=168 | depth=9 | lr=0.0193 | avg_n_estimators=402
  Trial  62/100 | MAE=58.16 | n_lags=168 | depth=9 | lr=0.0055 | avg_n_estimators=1535
  Trial  63/100 | MAE=58.07 | n_lags=168 | depth=12 | lr=0.0340 | avg_n_estimators=547
  Trial  64/100 | MAE=61.89 | n_lags=12 | depth=8 | lr=0.0094 | avg_n_estimators=1064
  Trial  65/100 | MAE=60.97 | n_lags=24 | depth=9 | lr=0.0120 | avg_n_estimators=953
  Trial  66/100 | MAE=56.24 | n_lags=168 | depth=11 | lr=0.0167 | avg_n_estimators=689
  Trial  67/100 | MAE=57.25 | n_lags=168 | depth=9 | lr=0.0135 | avg_n_estimators=1347
  Trial  68/100 | MAE=59.39 | n_lags=168 | depth=11 | lr=0.0092 | avg_n_estimators=900
  Trial  69/100 | MAE=67.77 | n_lags=12 | depth=12 | lr=0.0309 | avg_n_estimators=687
  Trial  70/100 | MAE=56.64 | n_lags=168 | depth=9 | lr=0.0129 | avg_n_estimators=651
  Trial  71/100 | MAE=57.34 | n_lags=168 | depth=11 | lr=0.0750 | avg_n_estimators=226
  Trial  72/100 | MAE=56.09 | n_lags=168 | depth=9 | lr=0.0145 | avg_n_estimators=650
  Trial  73/100 | MAE=65.74 | n_lags=48 | depth=10 | lr=0.0076 | avg_n_estimators=1729
  Trial  74/100 | MAE=56.28 | n_lags=168 | depth=9 | lr=0.0200 | avg_n_estimators=413
  Trial  75/100 | MAE=56.83 | n_lags=168 | depth=6 | lr=0.0201 | avg_n_estimators=401
  Trial  76/100 | MAE=62.40 | n_lags=12 | depth=6 | lr=0.0156 | avg_n_estimators=635
  Trial  77/100 | MAE=57.61 | n_lags=168 | depth=7 | lr=0.0337 | avg_n_estimators=245
  Trial  78/100 | MAE=57.64 | n_lags=168 | depth=6 | lr=0.0109 | avg_n_estimators=667
  Trial  79/100 | MAE=57.05 | n_lags=168 | depth=6 | lr=0.0172 | avg_n_estimators=459
  Trial  80/100 | MAE=60.61 | n_lags=24 | depth=6 | lr=0.0143 | avg_n_estimators=773
  Trial  81/100 | MAE=58.80 | n_lags=168 | depth=10 | lr=0.0179 | avg_n_estimators=424
  Trial  82/100 | MAE=57.25 | n_lags=168 | depth=9 | lr=0.0212 | avg_n_estimators=744
  Trial  83/100 | MAE=60.42 | n_lags=168 | depth=4 | lr=0.0097 | avg_n_estimators=746
  Trial  84/100 | MAE=58.64 | n_lags=168 | depth=4 | lr=0.0572 | avg_n_estimators=196
  Trial  85/100 | MAE=57.99 | n_lags=168 | depth=11 | lr=0.0078 | avg_n_estimators=1198
  Trial  86/100 | MAE=63.57 | n_lags=48 | depth=10 | lr=0.0427 | avg_n_estimators=371
  Trial  87/100 | MAE=58.92 | n_lags=168 | depth=4 | lr=0.0104 | avg_n_estimators=822
  Trial  88/100 | MAE=64.01 | n_lags=12 | depth=12 | lr=0.0083 | avg_n_estimators=1066
  Trial  89/100 | MAE=57.93 | n_lags=168 | depth=10 | lr=0.0060 | avg_n_estimators=1309
  Trial  90/100 | MAE=69.44 | n_lags=12 | depth=11 | lr=0.0157 | avg_n_estimators=926
  Trial  91/100 | MAE=58.36 | n_lags=168 | depth=7 | lr=0.0202 | avg_n_estimators=441
  Trial  92/100 | MAE=65.53 | n_lags=12 | depth=9 | lr=0.0107 | avg_n_estimators=1042
  Trial  93/100 | MAE=57.66 | n_lags=168 | depth=6 | lr=0.0213 | avg_n_estimators=362
  Trial  94/100 | MAE=56.64 | n_lags=168 | depth=12 | lr=0.0331 | avg_n_estimators=256
  Trial  95/100 | MAE=65.81 | n_lags=12 | depth=10 | lr=0.0144 | avg_n_estimators=572
  Trial  96/100 | MAE=61.81 | n_lags=168 | depth=10 | lr=0.0386 | avg_n_estimators=342
  Trial  97/100 | MAE=57.39 | n_lags=168 | depth=10 | lr=0.0784 | avg_n_estimators=111
  Trial  98/100 | MAE=63.50 | n_lags=168 | depth=11 | lr=0.0240 | avg_n_estimators=601
  Trial  99/100 | MAE=57.50 | n_lags=168 | depth=9 | lr=0.0251 | avg_n_estimators=330

======================================================================
BEST PARAMETERS FOUND
======================================================================
Tuning MAE=56.09
Best n_lags=168
Best n_estimators (from early stopping)=650
{
  "objective": "reg:squarederror",
  "random_state": 42,
  "tree_method": "hist",
  "n_jobs": -1,
  "n_estimators": 650,
  "learning_rate": 0.014517944089178255,
  "max_depth": 9,
  "min_child_weight": 2.8243048627685994,
  "subsample": 0.9113030638688153,
  "colsample_bytree": 0.6157076917435207,
  "gamma": 12.204443613806612,
  "reg_lambda": 1.6107585010695353,
  "reg_alpha": 1.3196725523482785e-08
}
  Fold 155: MAE=35.2, RMSE=48.6
  Fold 156: MAE=23.6, RMSE=32.0
  Fold 157: MAE=41.5, RMSE=69.3
  Fold 158: MAE=52.5, RMSE=81.3
  Fold 159: MAE=38.5, RMSE=54.3
  Fold 160: MAE=21.5, RMSE=26.9
  Fold 161: MAE=16.3, RMSE=21.4
  Fold 162: MAE=70.5, RMSE=118.0
  Fold 163: MAE=14.1, RMSE=17.7
  Fold 164: MAE=13.2, RMSE=16.7
  Fold 165: MAE=45.8, RMSE=61.2
  Fold 166: MAE=53.3, RMSE=71.3
  Fold 167: MAE=17.7, RMSE=22.7
  Fold 168: MAE=21.0, RMSE=31.5
  Fold 169: MAE=27.5, RMSE=54.1
  Fold 170: MAE=43.9, RMSE=63.3
  Fold 171: MAE=25.8, RMSE=43.9
  Fold 172: MAE=51.4, RMSE=79.5
  Fold 173: MAE=26.6, RMSE=35.9
  Fold 174: MAE=82.6, RMSE=105.3
  Fold 175: MAE=19.0, RMSE=25.6
  Fold 176: MAE=26.6, RMSE=34.6
  Fold 177: MAE=56.9, RMSE=83.1
  Fold 178: MAE=39.8, RMSE=67.4
  Fold 179: MAE=31.8, RMSE=45.9
  Fold 180: MAE=20.2, RMSE=27.0
  Fold 181: MAE=103.2, RMSE=148.7
  Fold 182: MAE=14.5, RMSE=18.3
  Fold 183: MAE=96.2, RMSE=136.9
  Fold 184: MAE=61.0, RMSE=105.7
  Fold 185: MAE=60.2, RMSE=90.0
  Fold 186: MAE=77.1, RMSE=106.6
  Fold 187: MAE=80.3, RMSE=91.7
  Fold 188: MAE=33.7, RMSE=46.5
  Fold 189: MAE=16.7, RMSE=23.6
  Fold 190: MAE=86.2, RMSE=126.0
  Fold 191: MAE=40.8, RMSE=65.2
  Fold 192: MAE=41.7, RMSE=88.1
  Fold 193: MAE=26.1, RMSE=33.3
  Fold 194: MAE=72.9, RMSE=101.2
  Fold 195: MAE=72.2, RMSE=122.6
  Fold 196: MAE=47.6, RMSE=67.8
  Fold 197: MAE=41.4, RMSE=64.9
  Fold 198: MAE=19.0, RMSE=25.4
  Fold 199: MAE=51.9, RMSE=96.7
  Fold 200: MAE=138.6, RMSE=163.6
  Fold 201: MAE=104.4, RMSE=120.8
  Fold 202: MAE=39.3, RMSE=56.3
  Fold 203: MAE=34.9, RMSE=53.3
  Fold 204: MAE=43.5, RMSE=65.4
  Fold 205: MAE=42.4, RMSE=64.2
  Fold 206: MAE=71.2, RMSE=117.5
  Fold 207: MAE=212.4, RMSE=285.7
  Fold 208: MAE=73.4, RMSE=92.2
  Fold 209: MAE=45.8, RMSE=60.5
  Fold 210: MAE=47.0, RMSE=56.8
  Fold 211: MAE=40.7, RMSE=58.5
  Fold 212: MAE=53.0, RMSE=71.2
  Fold 213: MAE=85.7, RMSE=108.9
  Fold 214: MAE=71.0, RMSE=111.0
  Fold 215: MAE=44.7, RMSE=55.5
  Fold 216: MAE=22.6, RMSE=32.8
  Fold 217: MAE=38.6, RMSE=50.6
  Fold 218: MAE=21.2, RMSE=30.7
  Fold 219: MAE=22.8, RMSE=33.8
  Fold 220: MAE=31.3, RMSE=43.6
  Fold 221: MAE=51.2, RMSE=71.6
  Fold 222: MAE=44.6, RMSE=67.3
  Fold 223: MAE=40.2, RMSE=55.4
  Fold 224: MAE=29.6, RMSE=42.2
  Fold 225: MAE=55.0, RMSE=72.3
  Fold 226: MAE=33.2, RMSE=47.7
  Fold 227: MAE=37.0, RMSE=50.4
  Fold 228: MAE=60.6, RMSE=90.0
  Fold 229: MAE=57.3, RMSE=80.8
  Fold 230: MAE=54.1, RMSE=68.6
  Fold 231: MAE=29.1, RMSE=39.6
  Fold 232: MAE=73.5, RMSE=95.8
  Fold 233: MAE=62.6, RMSE=89.2
  Fold 234: MAE=35.3, RMSE=54.7
  Fold 235: MAE=69.9, RMSE=121.8
  Fold 236: MAE=238.4, RMSE=321.2
  Fold 237: MAE=91.9, RMSE=118.5
  Fold 238: MAE=36.0, RMSE=48.1
  Fold 239: MAE=68.7, RMSE=99.4
  Fold 240: MAE=64.0, RMSE=89.7
  Fold 241: MAE=28.3, RMSE=39.9
  Fold 242: MAE=121.1, RMSE=150.5
  Fold 243: MAE=196.5, RMSE=268.3
  Fold 244: MAE=76.9, RMSE=119.7

Validation results:
  MAE: 54.43 ± 39.08
  RMSE: 77.04 ± 52.47

Results saved to: results/tuning/xgboost_best_params_washington_no_weather_720_20261002_031600.json
  --> config.xgb_noweather_params_file = 'results/tuning/xgboost_best_params_washington_no_weather_720_20261002_031600.json'

======================================================================
ALL TUNING COMPLETE
======================================================================
[W1002 03:16:00.496903745 AllocatorConfig.cpp:28] Warning: PYTORCH_CUDA_ALLOC_CONF is deprecated, use PYTORCH_ALLOC_CONF instead (function operator())
Finished: 2026-10-02 03:16:00
