Job 291 | sarimax clean_only | seoul | DAH2 | CPUs 4 | 2026-10-06 23:48:36
Commit: unknown

======================================================================
TUNING SARIMAX FOR: SEOUL
======================================================================
Loaded 8760 observations for seoul
======================================================================
SARIMAX TUNING | city=seoul | horizon=24h | scenario=clean_only | m=24
======================================================================
Cutoff date (held-out test start): 2018-03-30 23:00:00
Candidate folds (auto_arima): [0, 18, 36, 53, 71, 89] | scoring folds: all 90 tune folds
Covariates (9): ['Temperature', 'Humidity', 'Wind speed', 'Solar Radiation', 'precipitation_mm', 'snow_depth_cm', 'Visibility', 'Holiday', 'Seasons']
  fold 0: auto_arima -> order=(0, 1, 0) seasonal=(1, 0, 0, 24) intercept=False AIC=8361.7
  fold 18: auto_arima -> order=(2, 0, 2) seasonal=(1, 0, 1, 24) intercept=True AIC=7956.1
  fold 36: auto_arima -> order=(2, 0, 0) seasonal=(1, 0, 0, 24) intercept=True AIC=7808.4
  fold 53: auto_arima -> order=(2, 0, 0) seasonal=(1, 0, 0, 24) intercept=True AIC=7858.8
  fold 71: auto_arima -> order=(3, 0, 0) seasonal=(2, 0, 0, 24) intercept=True AIC=8612.6
  fold 89: auto_arima -> order=(2, 0, 0) seasonal=(2, 0, 0, 24) intercept=True AIC=9143.0
  candidate ((0, 1, 0), (1, 0, 0, 24), False): ok MAE=107.35
  candidate ((2, 0, 2), (1, 0, 1, 24), True): ok MAE=92.15
  candidate ((2, 0, 0), (1, 0, 0, 24), True): ok MAE=94.05
  candidate ((3, 0, 0), (2, 0, 0, 24), True): ok MAE=94.30
  candidate ((2, 0, 0), (2, 0, 0, 24), True): ok MAE=94.22

======================================================================
SELECTED: order=[2, 0, 2] seasonal_order=[1, 0, 1, 24] with_intercept=True (trend=c) | search MAE=92.15
======================================================================
----- BEGIN PARAMS JSON sarimax_best_params_seoul_clean_only_720_20261007_063501.json -----
{
  "city": "seoul",
  "scenario": "clean_only",
  "n_train_samples": 720,
  "tuning_period": {
    "first_timestamp": "2017-12-01T00:00:00",
    "last_timestamp": "2018-03-30T23:00:00"
  },
  "order": [
    2,
    0,
    2
  ],
  "seasonal_order": [
    1,
    0,
    1,
    24
  ],
  "with_intercept": true,
  "trend": "c",
  "covariates_used": [
    "Temperature",
    "Humidity",
    "Wind speed",
    "Solar Radiation",
    "precipitation_mm",
    "snow_depth_cm",
    "Visibility",
    "Holiday",
    "Seasons"
  ],
  "m": 24,
  "tuning": {
    "search_type": "auto_arima candidates (stepwise AIC per candidate fold), selected by mean MAE of the experiment model on all tune folds",
    "tune_folds": 90,
    "scoring_folds": 90,
    "candidate_folds": 6,
    "candidate_fold_indices": [
      0,
      18,
      36,
      53,
      71,
      89
    ],
    "metric_optimized": "MAE",
    "best_tune_mae_mean": 92.14520023684341,
    "best_tune_rmse_mean": 124.00444452962705,
    "auto_arima_kwargs": {
      "seasonal": true,
      "m": 24,
      "stepwise": true,
      "suppress_warnings": true,
      "error_action": "ignore",
      "max_p": 5,
      "max_q": 3,
      "max_P": 2,
      "max_Q": 2,
      "max_order": 8,
      "information_criterion": "aic"
    },
    "candidates": [
      {
        "order": [
          0,
          1,
          0
        ],
        "seasonal_order": [
          1,
          0,
          0,
          24
        ],
        "with_intercept": false,
        "found_on_folds": [
          0
        ],
        "aic_on_found_folds": [
          8361.670660639524
        ],
        "trend": "n",
        "status": "ok",
        "fold_mae": [
          151.2309539700807,
          105.50186632915204,
          160.45465936824175,
          41.75972171134743,
          31.027673103254518,
          50.59717254213282,
          69.09840664478196,
          31.476362681987094,
          110.69710964113955,
          53.884443299687554,
          40.83765238978875,
          25.034646352200365,
          19.2421571658076,
          63.13002987683012,
          39.223715335760716,
          132.83700296169073,
          71.85839552167586,
          25.880883497005186,
          32.104918932373494,
          69.54862511039528,
          90.98729341736482,
          31.27675189186994,
          99.98984770240752,
          51.22437151054104,
          15.444989380212684,
          22.98978072250101,
          23.436441064232326,
          35.29514601186401,
          23.41255524382376,
          89.48973511809625,
          94.38694326842665,
          67.91494987169652,
          49.99261110017229,
          53.9057791472882,
          97.38531098575083,
          38.698031215778805,
          80.76900903712684,
          26.774898251581536,
          53.15298576926085,
          41.62243807833958,
          41.91713693188425,
          83.40449636545476,
          30.374966936237186,
          105.65880182973115,
          58.258491228044456,
          61.89429804837791,
          61.25438121141567,
          34.69660217617541,
          40.098310246512995,
          59.841040913138805,
          155.43505714907948,
          57.0715742627111,
          54.66681524108238,
          45.43010760301981,
          78.24694699523486,
          100.04635317833612,
          90.91459344162983,
          164.09398655549532,
          93.2895339148245,
          193.09929640168457,
          254.93826758002038,
          156.1612766860101,
          223.56654307882832,
          117.95005088385405,
          263.18330374144494,
          110.85513782196197,
          109.93842927934061,
          247.04721214047845,
          135.52770460814267,
          153.44181720320273,
          154.31281169276338,
          259.4646552059996,
          172.94676057027422,
          163.0946614954511,
          445.378690150347,
          396.2236117083944,
          229.17332981893165,
          162.02521876100735,
          355.0157479648903,
          138.52994938576828,
          72.195051248889,
          267.36625802375784,
          106.88066881106454,
          164.22203702067824,
          61.33523667166432,
          199.5647739232974,
          115.94434903618416,
          165.33559319851386,
          95.46365798462018,
          141.38930833888068
        ],
        "mae_mean": 107.35267966542669,
        "rmse_mean": 141.24186487154762,
        "non_converged_folds": 0
      },
      {
        "order": [
          2,
          0,
          2
        ],
        "seasonal_order": [
          1,
          0,
          1,
          24
        ],
        "with_intercept": true,
        "found_on_folds": [
          18
        ],
        "aic_on_found_folds": [
          7956.125249565839
        ],
        "trend": "c",
        "status": "ok",
        "fold_mae": [
          37.339660697440735,
          49.954259624380995,
          94.1232247600184,
          97.19114041564889,
          85.50478800716087,
          50.43429078880413,
          80.39671408820219,
          42.44654816226858,
          83.64241250611725,
          50.0679419654845,
          41.884936586451964,
          29.304142858952613,
          27.463781480740433,
          58.63890217685901,
          29.426075510727998,
          95.18346233902066,
          56.87191030163927,
          29.713842706934475,
          35.450318149104895,
          59.07385403648107,
          89.39327006577703,
          70.17448599970358,
          98.72714194941965,
          28.79393150432917,
          37.67539456606244,
          29.889317457611423,
          29.42895086851918,
          55.38030419792307,
          64.05067755244094,
          68.57998144647111,
          84.90439686163221,
          23.3942289639901,
          47.62521837687791,
          50.26070158483869,
          55.73346214512103,
          46.023580169250124,
          34.955170696015415,
          31.42246011837521,
          36.65085785591919,
          40.652964005835756,
          46.47235699573167,
          67.54058743235446,
          64.2022683556181,
          52.639438919679286,
          59.55193821541416,
          62.36928850473879,
          92.70100961148238,
          59.53085417086731,
          40.3841027106331,
          70.61516916825842,
          119.28460624528519,
          101.09672326829919,
          84.31239154337327,
          57.04430738693645,
          64.61538351430244,
          79.62752404654991,
          69.12843595370991,
          150.23265916190812,
          73.84577751989777,
          182.95052518419416,
          109.38688694805047,
          62.6869448671303,
          192.0424275648035,
          220.01108094826327,
          143.0977875526796,
          163.42577199703493,
          157.07102305509125,
          115.73486750032151,
          103.47148057448119,
          130.5008782157045,
          172.33295252178402,
          135.6471548902737,
          150.73841180688808,
          196.3562790009199,
          302.40192908812804,
          115.90655588674974,
          225.31125151831108,
          298.9114957395744,
          150.26726094848593,
          81.93168863857801,
          146.11991858704582,
          124.51994775585963,
          107.75849653391147,
          160.2457844109192,
          170.67411529943172,
          119.086457568367,
          131.18483553757355,
          140.8132939987955,
          120.24124255327384,
          89.21574834968919
        ],
        "mae_mean": 92.14520023684341,
        "rmse_mean": 124.00444452962705,
        "non_converged_folds": 48
      },
      {
        "order": [
          2,
          0,
          0
        ],
        "seasonal_order": [
          1,
          0,
          0,
          24
        ],
        "with_intercept": true,
        "found_on_folds": [
          36,
          53
        ],
        "aic_on_found_folds": [
          7808.382768763854,
          7858.820163021541
        ],
        "trend": "c",
        "status": "ok",
        "fold_mae": [
          30.651815205103286,
          49.26653751703517,
          105.50145006596479,
          38.73671675524579,
          29.4255170999339,
          50.35270288272759,
          80.37013752172011,
          46.01933016749553,
          83.45933556682154,
          52.063317692048706,
          30.749689665331644,
          24.614521445853587,
          28.199832765422098,
          58.26662832230398,
          32.008147089252454,
          95.36289812484365,
          47.916764684622656,
          28.065009093175405,
          34.13010554815858,
          57.722163517224736,
          88.06276761553374,
          51.934307135284676,
          99.49098041843494,
          44.83979574667372,
          34.32541402802484,
          18.757639177748302,
          20.603699737247442,
          43.707312492737195,
          40.43431094034948,
          69.11756715615445,
          64.74351146038357,
          41.76115549657123,
          44.32717648041328,
          42.03387735731043,
          79.30927885156983,
          37.854628186044145,
          63.90922542076161,
          24.754250883331597,
          28.108893517247967,
          44.42298137868227,
          40.90144711213491,
          82.65318007106005,
          51.64839125785034,
          82.28754309844648,
          49.44812244610815,
          59.573127468164564,
          115.22302849895566,
          28.73452751382871,
          40.42145527606465,
          69.96809514887254,
          138.26161499119127,
          50.84106755777836,
          47.58129447351293,
          35.75159767795531,
          70.09873774204056,
          89.32635020802184,
          68.78793965454231,
          149.42251342460023,
          45.61200693130207,
          196.59944524450063,
          143.16403205861886,
          114.6415942311841,
          185.7645056009585,
          228.7518521813101,
          167.23624239109458,
          115.0438909506775,
          111.5251781835071,
          132.97841946363744,
          140.1792828435541,
          142.93378264799915,
          135.84230612981165,
          227.14095336869457,
          186.82538549072706,
          194.96855709896394,
          313.1105055336098,
          283.65760366730433,
          196.00927914018766,
          185.55276247043093,
          245.4129351063901,
          123.48267202937349,
          81.60502101197446,
          222.95147969338507,
          106.51495842280144,
          186.38179728724194,
          60.15020885375583,
          192.57269437004416,
          141.07924212695437,
          165.32712762402136,
          91.75812567466075,
          143.83180659838212
        ],
        "mae_mean": 94.05463424732199,
        "rmse_mean": 126.75592063896866,
        "non_converged_folds": 0
      },
      {
        "order": [
          3,
          0,
          0
        ],
        "seasonal_order": [
          2,
          0,
          0,
          24
        ],
        "with_intercept": true,
        "found_on_folds": [
          71
        ],
        "aic_on_found_folds": [
          8612.641728845747
        ],
        "trend": "c",
        "status": "ok",
        "fold_mae": [
          27.008743737881414,
          49.04830307338462,
          107.41935910388766,
          48.687559336445474,
          26.79168002659161,
          52.80742465433972,
          78.78073954752084,
          43.16756283284749,
          79.89168713166193,
          57.467351065087996,
          30.219294395356297,
          25.59200395605912,
          29.006496353441708,
          56.6810191978954,
          31.200656352324916,
          94.50722440315117,
          49.09561923912696,
          29.445383080682788,
          35.97725460716695,
          58.09405069556218,
          86.45311516713276,
          50.16321330130305,
          98.29558670076365,
          41.33603118902165,
          33.87803862446284,
          18.862182159432695,
          20.490440634572366,
          42.23249180385637,
          41.82362167440963,
          69.85684641939247,
          67.07299330961034,
          44.296014327765356,
          45.18443183678178,
          43.88852088861546,
          76.70685143023677,
          40.18323125124394,
          63.517163376185955,
          25.655431741471826,
          27.732881625623218,
          44.654810060680035,
          41.510473086341314,
          83.09973895702585,
          52.66706036308958,
          81.08031804056807,
          53.11384072080883,
          60.233151452420174,
          115.09186199899233,
          27.954331295589892,
          40.852810139436876,
          70.75431303759325,
          138.6484329908678,
          51.02134683577793,
          48.60973055765004,
          37.205563347208866,
          69.3334872285386,
          87.21224127878202,
          67.32471935678718,
          149.09534951545058,
          44.175782065168875,
          195.59629036480055,
          143.68405068109593,
          121.06493954963571,
          185.6043040743543,
          225.23608822967785,
          142.90405820169147,
          128.8708145910326,
          113.699730519438,
          124.54228135601556,
          140.44223136970965,
          136.56481859379426,
          139.41842081009477,
          226.0318826600815,
          181.11271242381846,
          195.1383834862667,
          309.38341402358213,
          247.16627400024672,
          201.90702882385168,
          216.01607030976706,
          238.45980667140861,
          137.7265648583364,
          84.69539952589099,
          211.47627744072187,
          119.17799395962713,
          194.6569397281681,
          91.74676794409879,
          198.29799543744357,
          154.8259161847886,
          166.21743876351368,
          81.1078407863729,
          122.42855362011505
        ],
        "mae_mean": 94.30399057300578,
        "rmse_mean": 127.59307037563704,
        "non_converged_folds": 4
      },
      {
        "order": [
          2,
          0,
          0
        ],
        "seasonal_order": [
          2,
          0,
          0,
          24
        ],
        "with_intercept": true,
        "found_on_folds": [
          89
        ],
        "aic_on_found_folds": [
          9143.017475786499
        ],
        "trend": "c",
        "status": "ok",
        "fold_mae": [
          30.01434009965334,
          47.54626081616303,
          106.93471693860006,
          48.42663066287377,
          26.81122888902043,
          52.54974874473778,
          79.11607303334566,
          45.12409058019059,
          80.17322908869437,
          56.98315398291907,
          29.779356347705146,
          25.85310259347015,
          28.90427013426003,
          57.326221947749616,
          30.13327712900102,
          95.25474375235376,
          48.58376734992023,
          29.040772010730453,
          35.39490852848676,
          58.625631649760685,
          86.71653875929753,
          52.67721917908485,
          100.03330534632484,
          41.941916558089865,
          34.51698835073736,
          18.84954194919467,
          21.595813685771517,
          41.74220151753466,
          41.105174026893586,
          70.10137440960911,
          64.18046720091378,
          44.856478635778124,
          45.22084962405146,
          43.53527578980476,
          76.38472943936006,
          41.03736679735039,
          63.77116268535138,
          25.49679647427419,
          27.84119090019989,
          44.598042691851184,
          41.29326671411681,
          82.94825160377978,
          53.36061661038673,
          81.85384414365514,
          53.639401488163664,
          59.48943344701388,
          116.16887391732587,
          27.855699023009922,
          40.80338182080453,
          71.02027303163551,
          137.8018604645819,
          51.50122685737904,
          48.449703559915065,
          36.77487177377514,
          70.35115439117824,
          87.81834205396937,
          67.22622550705488,
          149.30250569098072,
          42.27222380421106,
          204.77574165069063,
          143.2793444362397,
          119.95279397127406,
          185.54339180825278,
          222.62503595965669,
          149.30877860947302,
          134.37242666621526,
          110.77692155306947,
          131.43856242275146,
          134.88851541128471,
          135.53499049644435,
          137.50266305327347,
          226.266308574306,
          174.0903566903331,
          188.79752394107734,
          313.40965533206054,
          242.06947326883173,
          202.37881935265023,
          214.58092177577825,
          239.27035471770125,
          136.9882501973121,
          80.7130591932951,
          211.18618645140418,
          116.09706120451365,
          193.6921574365556,
          90.39471729405163,
          200.23383826627324,
          153.8721944296593,
          162.73274405669554,
          80.48664489248608,
          123.63328912356842
        ],
        "mae_mean": 94.21779818268027,
        "rmse_mean": 127.57489725856884,
        "non_converged_folds": 0
      }
    ]
  },
  "provenance": {
    "git_commit": "code:cc7732c995c45968",
    "git_dirty": null,
    "library_versions": {
      "python": "3.11.2",
      "numpy": "1.26.4",
      "pandas": "2.3.3",
      "scikit-learn": "1.6.1",
      "statsmodels": "0.14.6",
      "pmdarima": "2.1.1",
      "xgboost": "3.1.3",
      "optuna": "4.7.0",
      "prophet": "1.3.0",
      "neuralprophet": "0.9.0",
      "torch": "2.9.1",
      "tabpfn": "6.4.1",
      "tabpfn-time-series": "1.0.9",
      "timesfm (.timesfm_venv)": "3.0.2"
    }
  }
}
----- END PARAMS JSON sarimax_best_params_seoul_clean_only_720_20261007_063501.json -----

Results saved to: results/tuning/sarimax_best_params_seoul_clean_only_720_20261007_063501.json
  --> config.sarimax_params_file = 'results/tuning/sarimax_best_params_seoul_clean_only_720_20261007_063501.json'

======================================================================
ALL TUNING COMPLETE
======================================================================
[W1007 06:35:01.033264036 AllocatorConfig.cpp:28] Warning: PYTORCH_CUDA_ALLOC_CONF is deprecated, use PYTORCH_ALLOC_CONF instead (function operator())
Finished: 2026-10-07 06:35:01
New params file (set as sarimax_params_file in forecasting/config_seoul.py):
results/tuning/sarimax_best_params_seoul_clean_only_720_20261007_063501.json
