Job 287 | xgboost | washington | DAH2 | CPUs 8 | 2026-10-06 11:11:03
Commit: unknown

======================================================================
TUNING XGBOOST FOR: WASHINGTON
======================================================================
Loaded 17544 observations for washington
======================================================================
XGBOOST TUNING (Optuna TPE + early stopping) | city=washington | horizon=24h | scenario=clean_only
======================================================================
Trials: 100
Tune folds: 90 (90)
n_lags_options: [12, 24, 48, 168]
Max train size: 8000
Early stopping rounds: 50 | Max estimators: 3000
Cutoff date (held-out test start): 2012-04-30 23:00:00
Tuning on 11664 observations (pre-cutoff)
n_train_samples: 720
Covariates used (9): ['temperature_c', 'humidity_percent', 'wind_speed_ms', 'solar_radiation_wm2', 'precipitation_mm', 'snow_depth_cm', 'visibility_km', 'holiday', 'season']
======================================================================
  Trial   0/100 | MAE=64.09 | n_lags=168 | depth=12 | lr=0.0199 | avg_n_estimators=909
  Trial   1/100 | MAE=68.89 | n_lags=12 | depth=4 | lr=0.1078 | avg_n_estimators=196
  Trial   2/100 | MAE=63.93 | n_lags=48 | depth=10 | lr=0.0269 | avg_n_estimators=509
  Trial   3/100 | MAE=67.28 | n_lags=24 | depth=3 | lr=0.0154 | avg_n_estimators=1924
  Trial   4/100 | MAE=67.40 | n_lags=168 | depth=4 | lr=0.0376 | avg_n_estimators=621
  Trial   5/100 | MAE=72.35 | n_lags=24 | depth=4 | lr=0.0210 | avg_n_estimators=1600
  Trial   6/100 | MAE=82.37 | n_lags=12 | depth=10 | lr=0.0051 | avg_n_estimators=2938
  Trial   7/100 | MAE=73.11 | n_lags=48 | depth=5 | lr=0.0157 | avg_n_estimators=1645
  Trial   8/100 | MAE=57.64 | n_lags=12 | depth=6 | lr=0.0344 | avg_n_estimators=296
  Trial   9/100 | MAE=70.04 | n_lags=48 | depth=2 | lr=0.0116 | avg_n_estimators=1849
  Trial  10/100 | MAE=59.19 | n_lags=24 | depth=5 | lr=0.0372 | avg_n_estimators=369
  Trial  11/100 | MAE=56.88 | n_lags=24 | depth=6 | lr=0.0119 | avg_n_estimators=880
  Trial  12/100 | MAE=54.65 | n_lags=168 | depth=9 | lr=0.0071 | avg_n_estimators=971
  Trial  13/100 | MAE=56.14 | n_lags=168 | depth=7 | lr=0.0120 | avg_n_estimators=745
  Trial  14/100 | MAE=54.09 | n_lags=168 | depth=11 | lr=0.0070 | avg_n_estimators=972
  Trial  15/100 | MAE=64.39 | n_lags=12 | depth=12 | lr=0.0057 | avg_n_estimators=2317
  Trial  16/100 | MAE=54.84 | n_lags=168 | depth=12 | lr=0.0136 | avg_n_estimators=649
  Trial  17/100 | MAE=55.75 | n_lags=24 | depth=12 | lr=0.0171 | avg_n_estimators=631
  Trial  18/100 | MAE=54.67 | n_lags=168 | depth=8 | lr=0.0074 | avg_n_estimators=2134
  Trial  19/100 | MAE=60.90 | n_lags=168 | depth=11 | lr=0.0174 | avg_n_estimators=792
  Trial  20/100 | MAE=57.09 | n_lags=48 | depth=11 | lr=0.0123 | avg_n_estimators=780
  Trial  21/100 | MAE=55.05 | n_lags=168 | depth=8 | lr=0.0056 | avg_n_estimators=2535
  Trial  22/100 | MAE=60.30 | n_lags=12 | depth=6 | lr=0.0164 | avg_n_estimators=1022
  Trial  23/100 | MAE=55.16 | n_lags=168 | depth=9 | lr=0.0100 | avg_n_estimators=1146
  Trial  24/100 | MAE=61.98 | n_lags=12 | depth=11 | lr=0.0130 | avg_n_estimators=939
  Trial  25/100 | MAE=55.31 | n_lags=168 | depth=10 | lr=0.0072 | avg_n_estimators=943
  Trial  26/100 | MAE=55.30 | n_lags=168 | depth=8 | lr=0.0051 | avg_n_estimators=1253
  Trial  27/100 | MAE=54.37 | n_lags=168 | depth=11 | lr=0.0114 | avg_n_estimators=626
  Trial  28/100 | MAE=54.21 | n_lags=168 | depth=12 | lr=0.0112 | avg_n_estimators=855
  Trial  29/100 | MAE=57.12 | n_lags=168 | depth=11 | lr=0.0097 | avg_n_estimators=1039
  Trial  30/100 | MAE=57.41 | n_lags=24 | depth=10 | lr=0.0097 | avg_n_estimators=1130
  Trial  31/100 | MAE=65.87 | n_lags=12 | depth=11 | lr=0.0259 | avg_n_estimators=771
  Trial  32/100 | MAE=55.02 | n_lags=168 | depth=10 | lr=0.0177 | avg_n_estimators=400
  Trial  33/100 | MAE=53.80 | n_lags=168 | depth=10 | lr=0.0063 | avg_n_estimators=1070
  Trial  34/100 | MAE=53.74 | n_lags=168 | depth=11 | lr=0.0086 | avg_n_estimators=991
  Trial  35/100 | MAE=54.89 | n_lags=168 | depth=9 | lr=0.0062 | avg_n_estimators=1027
  Trial  36/100 | MAE=55.50 | n_lags=168 | depth=11 | lr=0.0126 | avg_n_estimators=794
  Trial  37/100 | MAE=60.66 | n_lags=48 | depth=12 | lr=0.0057 | avg_n_estimators=1961
  Trial  38/100 | MAE=58.33 | n_lags=168 | depth=12 | lr=0.0106 | avg_n_estimators=1078
  Trial  39/100 | MAE=55.42 | n_lags=12 | depth=7 | lr=0.0098 | avg_n_estimators=881
  Trial  40/100 | MAE=60.76 | n_lags=12 | depth=10 | lr=0.0056 | avg_n_estimators=2214
  Trial  41/100 | MAE=54.66 | n_lags=168 | depth=9 | lr=0.0127 | avg_n_estimators=592
  Trial  42/100 | MAE=60.54 | n_lags=24 | depth=10 | lr=0.0065 | avg_n_estimators=2178
  Trial  43/100 | MAE=55.16 | n_lags=168 | depth=12 | lr=0.0088 | avg_n_estimators=979
  Trial  44/100 | MAE=53.71 | n_lags=168 | depth=12 | lr=0.0127 | avg_n_estimators=565
  Trial  45/100 | MAE=60.18 | n_lags=24 | depth=11 | lr=0.0281 | avg_n_estimators=637
  Trial  46/100 | MAE=54.08 | n_lags=168 | depth=8 | lr=0.0115 | avg_n_estimators=792
  Trial  47/100 | MAE=55.32 | n_lags=168 | depth=7 | lr=0.0157 | avg_n_estimators=597
  Trial  48/100 | MAE=53.82 | n_lags=168 | depth=12 | lr=0.0256 | avg_n_estimators=310
  Trial  49/100 | MAE=56.01 | n_lags=168 | depth=11 | lr=0.0655 | avg_n_estimators=193
  Trial  50/100 | MAE=58.27 | n_lags=168 | depth=12 | lr=0.0374 | avg_n_estimators=331
  Trial  51/100 | MAE=59.33 | n_lags=48 | depth=8 | lr=0.0186 | avg_n_estimators=697
  Trial  52/100 | MAE=57.20 | n_lags=12 | depth=9 | lr=0.0086 | avg_n_estimators=1159
  Trial  53/100 | MAE=55.24 | n_lags=168 | depth=12 | lr=0.0185 | avg_n_estimators=389
  Trial  54/100 | MAE=62.77 | n_lags=168 | depth=9 | lr=0.0051 | avg_n_estimators=2130
  Trial  55/100 | MAE=58.95 | n_lags=12 | depth=10 | lr=0.0058 | avg_n_estimators=1886
  Trial  56/100 | MAE=69.29 | n_lags=24 | depth=7 | lr=0.0271 | avg_n_estimators=1058
  Trial  57/100 | MAE=58.35 | n_lags=168 | depth=12 | lr=0.0103 | avg_n_estimators=1077
  Trial  58/100 | MAE=54.96 | n_lags=168 | depth=7 | lr=0.0095 | avg_n_estimators=1030
  Trial  59/100 | MAE=54.51 | n_lags=168 | depth=6 | lr=0.0052 | avg_n_estimators=2332
  Trial  60/100 | MAE=54.47 | n_lags=168 | depth=10 | lr=0.0117 | avg_n_estimators=687
  Trial  61/100 | MAE=53.83 | n_lags=168 | depth=12 | lr=0.0063 | avg_n_estimators=1358
  Trial  62/100 | MAE=57.80 | n_lags=168 | depth=10 | lr=0.0054 | avg_n_estimators=1766
  Trial  63/100 | MAE=72.93 | n_lags=12 | depth=7 | lr=0.0244 | avg_n_estimators=1022
  Trial  64/100 | MAE=61.37 | n_lags=12 | depth=12 | lr=0.0512 | avg_n_estimators=192
  Trial  65/100 | MAE=59.03 | n_lags=12 | depth=12 | lr=0.0099 | avg_n_estimators=1580
  Trial  66/100 | MAE=53.72 | n_lags=168 | depth=11 | lr=0.0107 | avg_n_estimators=716
  Trial  67/100 | MAE=56.21 | n_lags=168 | depth=12 | lr=0.0578 | avg_n_estimators=171
  Trial  68/100 | MAE=55.02 | n_lags=12 | depth=12 | lr=0.0181 | avg_n_estimators=513
  Trial  69/100 | MAE=53.83 | n_lags=168 | depth=12 | lr=0.0080 | avg_n_estimators=1357
  Trial  70/100 | MAE=54.76 | n_lags=168 | depth=12 | lr=0.0081 | avg_n_estimators=924
  Trial  71/100 | MAE=54.80 | n_lags=168 | depth=12 | lr=0.0098 | avg_n_estimators=1535
  Trial  72/100 | MAE=54.41 | n_lags=168 | depth=11 | lr=0.0107 | avg_n_estimators=1472
  Trial  73/100 | MAE=63.25 | n_lags=48 | depth=7 | lr=0.0058 | avg_n_estimators=2425
  Trial  74/100 | MAE=58.91 | n_lags=24 | depth=12 | lr=0.0081 | avg_n_estimators=2657
  Trial  75/100 | MAE=54.35 | n_lags=168 | depth=8 | lr=0.0251 | avg_n_estimators=302
  Trial  76/100 | MAE=63.17 | n_lags=48 | depth=12 | lr=0.0071 | avg_n_estimators=2127
  Trial  77/100 | MAE=56.99 | n_lags=168 | depth=12 | lr=0.0058 | avg_n_estimators=1471
  Trial  78/100 | MAE=53.79 | n_lags=168 | depth=12 | lr=0.0160 | avg_n_estimators=537
  Trial  79/100 | MAE=60.40 | n_lags=48 | depth=12 | lr=0.0112 | avg_n_estimators=1645
  Trial  80/100 | MAE=56.80 | n_lags=24 | depth=10 | lr=0.0055 | avg_n_estimators=2275
  Trial  81/100 | MAE=55.36 | n_lags=168 | depth=11 | lr=0.0224 | avg_n_estimators=452
  Trial  82/100 | MAE=57.25 | n_lags=168 | depth=12 | lr=0.0223 | avg_n_estimators=564
  Trial  83/100 | MAE=55.27 | n_lags=168 | depth=9 | lr=0.0238 | avg_n_estimators=408
  Trial  84/100 | MAE=57.57 | n_lags=48 | depth=12 | lr=0.0253 | avg_n_estimators=391
  Trial  85/100 | MAE=54.05 | n_lags=168 | depth=12 | lr=0.0055 | avg_n_estimators=1353
  Trial  86/100 | MAE=53.86 | n_lags=168 | depth=11 | lr=0.0145 | avg_n_estimators=525
  Trial  87/100 | MAE=55.07 | n_lags=168 | depth=12 | lr=0.0213 | avg_n_estimators=381
  Trial  88/100 | MAE=55.01 | n_lags=168 | depth=12 | lr=0.0176 | avg_n_estimators=601
  Trial  89/100 | MAE=59.21 | n_lags=24 | depth=11 | lr=0.0176 | avg_n_estimators=1029
  Trial  90/100 | MAE=54.49 | n_lags=168 | depth=12 | lr=0.0106 | avg_n_estimators=638
  Trial  91/100 | MAE=54.71 | n_lags=168 | depth=11 | lr=0.0075 | avg_n_estimators=892
  Trial  92/100 | MAE=61.04 | n_lags=24 | depth=12 | lr=0.0502 | avg_n_estimators=200
  Trial  93/100 | MAE=54.72 | n_lags=168 | depth=11 | lr=0.0055 | avg_n_estimators=1253
  Trial  94/100 | MAE=55.50 | n_lags=168 | depth=11 | lr=0.0072 | avg_n_estimators=1142
  Trial  95/100 | MAE=54.11 | n_lags=168 | depth=12 | lr=0.0146 | avg_n_estimators=549
  Trial  96/100 | MAE=54.57 | n_lags=168 | depth=10 | lr=0.0065 | avg_n_estimators=1094
  Trial  97/100 | MAE=54.45 | n_lags=168 | depth=8 | lr=0.0083 | avg_n_estimators=887
  Trial  98/100 | MAE=67.03 | n_lags=12 | depth=6 | lr=0.0746 | avg_n_estimators=270
  Trial  99/100 | MAE=53.74 | n_lags=168 | depth=12 | lr=0.0052 | avg_n_estimators=2023

======================================================================
BEST PARAMETERS FOUND
======================================================================
Tuning MAE=53.71
Best n_lags=168
Best n_estimators (from early stopping)=565
{
  "objective": "reg:squarederror",
  "random_state": 42,
  "tree_method": "hist",
  "n_jobs": -1,
  "n_estimators": 565,
  "learning_rate": 0.012711072002018797,
  "max_depth": 12,
  "min_child_weight": 10.26906964801431,
  "subsample": 0.840726685156857,
  "colsample_bytree": 0.6119080321300009,
  "gamma": 19.90289532685022,
  "reg_lambda": 0.22578095464469503,
  "reg_alpha": 3.5871807819850816e-05
}
  Fold 155: MAE=22.2, RMSE=29.8
  Fold 156: MAE=22.6, RMSE=31.1
  Fold 157: MAE=47.1, RMSE=77.5
  Fold 158: MAE=55.6, RMSE=92.0
  Fold 159: MAE=36.6, RMSE=53.0
  Fold 160: MAE=19.8, RMSE=24.8
  Fold 161: MAE=16.7, RMSE=23.8
  Fold 162: MAE=57.7, RMSE=102.1
  Fold 163: MAE=14.9, RMSE=19.4
  Fold 164: MAE=14.8, RMSE=21.1
  Fold 165: MAE=40.4, RMSE=56.2
  Fold 166: MAE=55.2, RMSE=75.6
  Fold 167: MAE=20.5, RMSE=26.2
  Fold 168: MAE=21.8, RMSE=30.9
  Fold 169: MAE=23.8, RMSE=45.6
  Fold 170: MAE=37.4, RMSE=52.4
  Fold 171: MAE=31.2, RMSE=54.9
  Fold 172: MAE=40.0, RMSE=65.6
  Fold 173: MAE=29.7, RMSE=39.1
  Fold 174: MAE=86.2, RMSE=112.8
  Fold 175: MAE=20.8, RMSE=27.1
  Fold 176: MAE=19.3, RMSE=27.5
  Fold 177: MAE=41.1, RMSE=60.6
  Fold 178: MAE=54.1, RMSE=87.9
  Fold 179: MAE=39.6, RMSE=55.7
  Fold 180: MAE=20.1, RMSE=29.7
  Fold 181: MAE=102.6, RMSE=142.1
  Fold 182: MAE=16.4, RMSE=20.2
  Fold 183: MAE=104.4, RMSE=149.7
  Fold 184: MAE=51.1, RMSE=89.4
  Fold 185: MAE=52.0, RMSE=76.7
  Fold 186: MAE=71.5, RMSE=97.6
  Fold 187: MAE=66.6, RMSE=81.6
  Fold 188: MAE=38.0, RMSE=55.2
  Fold 189: MAE=17.7, RMSE=23.3
  Fold 190: MAE=61.3, RMSE=96.9
  Fold 191: MAE=24.3, RMSE=35.2
  Fold 192: MAE=49.5, RMSE=94.4
  Fold 193: MAE=20.6, RMSE=28.0
  Fold 194: MAE=52.9, RMSE=75.5
  Fold 195: MAE=59.5, RMSE=104.0
  Fold 196: MAE=32.0, RMSE=46.8
  Fold 197: MAE=38.4, RMSE=57.5
  Fold 198: MAE=16.9, RMSE=22.9
  Fold 199: MAE=58.6, RMSE=107.6
  Fold 200: MAE=108.3, RMSE=146.7
  Fold 201: MAE=100.9, RMSE=124.0
  Fold 202: MAE=43.1, RMSE=54.2
  Fold 203: MAE=31.6, RMSE=46.3
  Fold 204: MAE=50.3, RMSE=72.5
  Fold 205: MAE=41.6, RMSE=58.6
  Fold 206: MAE=67.2, RMSE=109.6
  Fold 207: MAE=215.8, RMSE=281.1
  Fold 208: MAE=72.0, RMSE=87.9
  Fold 209: MAE=49.1, RMSE=65.7
  Fold 210: MAE=44.4, RMSE=56.1
  Fold 211: MAE=49.2, RMSE=70.8
  Fold 212: MAE=54.6, RMSE=77.2
  Fold 213: MAE=72.0, RMSE=89.7
  Fold 214: MAE=74.1, RMSE=111.4
  Fold 215: MAE=45.1, RMSE=55.0
  Fold 216: MAE=30.1, RMSE=43.2
  Fold 217: MAE=44.9, RMSE=59.5
  Fold 218: MAE=22.8, RMSE=31.4
  Fold 219: MAE=25.5, RMSE=34.1
  Fold 220: MAE=36.1, RMSE=50.6
  Fold 221: MAE=49.5, RMSE=65.6
  Fold 222: MAE=50.3, RMSE=75.4
  Fold 223: MAE=37.1, RMSE=55.0
  Fold 224: MAE=21.4, RMSE=29.3
  Fold 225: MAE=48.4, RMSE=61.8
  Fold 226: MAE=21.5, RMSE=33.0
  Fold 227: MAE=46.8, RMSE=62.4
  Fold 228: MAE=47.2, RMSE=68.5
  Fold 229: MAE=42.1, RMSE=56.1
  Fold 230: MAE=79.2, RMSE=107.9
  Fold 231: MAE=25.8, RMSE=34.8
  Fold 232: MAE=68.2, RMSE=88.2
  Fold 233: MAE=53.0, RMSE=72.6
  Fold 234: MAE=37.6, RMSE=61.8
  Fold 235: MAE=67.2, RMSE=114.9
  Fold 236: MAE=221.3, RMSE=304.2
  Fold 237: MAE=75.2, RMSE=95.2
  Fold 238: MAE=27.9, RMSE=47.9
  Fold 239: MAE=43.3, RMSE=63.5
  Fold 240: MAE=59.6, RMSE=81.6
  Fold 241: MAE=38.0, RMSE=52.8
  Fold 242: MAE=114.7, RMSE=146.4
  Fold 243: MAE=153.3, RMSE=215.0
  Fold 244: MAE=61.7, RMSE=106.5

Validation results:
  MAE: 51.03 ± 35.55
  RMSE: 72.82 ± 48.37
----- BEGIN PARAMS JSON xgboost_best_params_washington_clean_only_720_20261006_165002.json -----
{
  "city": "washington",
  "scenario": "clean_only",
  "n_train_samples": 720,
  "tuning_period": {
    "first_timestamp": "2011-01-01T00:00:00",
    "last_timestamp": "2012-04-30T23:00:00"
  },
  "n_lags": 168,
  "xgb_params": {
    "objective": "reg:squarederror",
    "random_state": 42,
    "tree_method": "hist",
    "n_jobs": -1,
    "n_estimators": 565,
    "learning_rate": 0.012711072002018797,
    "max_depth": 12,
    "min_child_weight": 10.26906964801431,
    "subsample": 0.840726685156857,
    "colsample_bytree": 0.6119080321300009,
    "gamma": 19.90289532685022,
    "reg_lambda": 0.22578095464469503,
    "reg_alpha": 3.5871807819850816e-05
  },
  "tuning": {
    "search_type": "optuna_tpe_multivariate_with_early_stopping",
    "trials": 100,
    "tune_folds": 90,
    "seed": 42,
    "metric_optimized": "MAE",
    "best_tune_mae_mean": 53.710153396283665,
    "n_lags_options": [
      12,
      24,
      48,
      168
    ],
    "early_stopping_rounds": 50,
    "max_estimators_cap": 3000
  },
  "mae_mean": 51.030870163836035,
  "mae_std": 35.54891256316965,
  "rmse_mean": 72.81895549024831,
  "rmse_std": 48.37083379558526,
  "validation_folds": 90,
  "max_train_size": 8000,
  "covariates_used": [
    "temperature_c",
    "humidity_percent",
    "wind_speed_ms",
    "solar_radiation_wm2",
    "precipitation_mm",
    "snow_depth_cm",
    "visibility_km",
    "holiday",
    "season"
  ],
  "time_features_used": [
    "hour",
    "dayofweek",
    "month",
    "is_weekend"
  ],
  "provenance": {
    "git_commit": "code:5a82a4e6de97e469",
    "git_dirty": null,
    "library_versions": {
      "python": "3.11.2",
      "numpy": "1.26.4",
      "pandas": "2.3.3",
      "scikit-learn": "1.6.1",
      "statsmodels": "0.14.6",
      "pmdarima": "2.1.1",
      "xgboost": "3.1.3",
      "optuna": "4.7.0",
      "prophet": "1.3.0",
      "neuralprophet": "0.9.0",
      "torch": "2.9.1",
      "tabpfn": "6.4.1",
      "tabpfn-time-series": "1.0.9",
      "timesfm (.timesfm_venv)": "3.0.2"
    }
  }
}
----- END PARAMS JSON xgboost_best_params_washington_clean_only_720_20261006_165002.json -----

Results saved to: results/tuning/xgboost_best_params_washington_clean_only_720_20261006_165002.json
  --> config.xgb_params_file = 'results/tuning/xgboost_best_params_washington_clean_only_720_20261006_165002.json'

======================================================================
ALL TUNING COMPLETE
======================================================================
[W1006 16:50:03.599962076 AllocatorConfig.cpp:28] Warning: PYTORCH_CUDA_ALLOC_CONF is deprecated, use PYTORCH_ALLOC_CONF instead (function operator())
Finished: 2026-10-06 16:50:03
