Job 256 | neuralprophet | seoul | DAH2 | CPUs 4 | 2026-10-03 00:54:36
Commit: unknown

======================================================================
TUNING NEURALPROPHET FOR: SEOUL
======================================================================

Loading data for seoul...
Loaded 8760 observations
======================================================================
NEURALPROPHET TUNING | city=seoul | horizon=24h | scenario=clean_only
======================================================================
Trials: 20
Search folds: 6 spread over 90 tune folds: [0, 18, 36, 53, 71, 89]
n_lags_options: [12, 24, 48, 168]
Cutoff date: 2018-03-30 23:00:00
Tune obs: 2880
Covariates (9): ['Temperature', 'Humidity', 'Wind speed', 'Solar Radiation', 'precipitation_mm', 'snow_depth_cm', 'Visibility', 'Holiday', 'Seasons']
======================================================================
Importing plotly failed. Interactive plots will not work.
Importing plotly failed. Interactive plots will not work.
[   1/20] MAE=82.86 RMSE=103.80 | lr=0.02098 n_lags=48 *
[   2/20] MAE=74.56 RMSE=93.68 | lr=0.03765 n_lags=24 *
[   3/20] MAE=72.81 RMSE=94.56 | lr=0.01236 n_lags=12 *
[   4/20] MAE=82.98 RMSE=105.55 | lr=0.08450 n_lags=12
[   5/20] MAE=82.29 RMSE=103.26 | lr=0.01921 n_lags=48
[   6/20] MAE=300.92 RMSE=390.02 | lr=0.00024 n_lags=168
[   7/20] MAE=82.80 RMSE=106.92 | lr=0.00224 n_lags=48
[   8/20] MAE=78.26 RMSE=97.40 | lr=0.06030 n_lags=24
[   9/20] MAE=74.21 RMSE=98.93 | lr=0.00854 n_lags=24
[  10/20] MAE=103.85 RMSE=133.78 | lr=0.00214 n_lags=168
[  11/20] MAE=163.42 RMSE=215.13 | lr=0.00048 n_lags=12
[  12/20] MAE=273.68 RMSE=342.96 | lr=0.00016 n_lags=48
[  13/20] MAE=72.52 RMSE=91.69 | lr=0.03040 n_lags=24 *
[  14/20] MAE=82.10 RMSE=103.10 | lr=0.01880 n_lags=48
[  15/20] MAE=116.21 RMSE=150.08 | lr=0.00116 n_lags=12
[  16/20] MAE=131.47 RMSE=150.70 | lr=0.04779 n_lags=168
[  17/20] MAE=122.34 RMSE=142.61 | lr=0.02163 n_lags=168
[  18/20] MAE=102.39 RMSE=127.99 | lr=0.00251 n_lags=12
[  19/20] MAE=295.06 RMSE=368.00 | lr=0.00014 n_lags=48
[  20/20] MAE=72.58 RMSE=94.45 | lr=0.01120 n_lags=12

======================================================================
BEST PARAMETERS FROM SEARCH
======================================================================
Search MAE=72.52  RMSE=91.69
{
  "learning_rate": 0.030401395269679995,
  "n_lags": 24
}

Results saved to: results/tuning/neuralprophet_best_params_seoul_clean_only_720_20261003_011523.json
  --> config.neuralprophet_params_file = 'results/tuning/neuralprophet_best_params_seoul_clean_only_720_20261003_011523.json'

======================================================================
ALL TUNING COMPLETE
======================================================================
[W1003 01:15:24.419296789 AllocatorConfig.cpp:28] Warning: PYTORCH_CUDA_ALLOC_CONF is deprecated, use PYTORCH_ALLOC_CONF instead (function operator())
Finished: 2026-10-03 01:15:24
