Job 285 | xgboost | seoul | DAH2 | CPUs 8 | 2026-10-06 11:11:03
Commit: unknown

======================================================================
TUNING XGBOOST FOR: SEOUL
======================================================================
Loaded 8760 observations for seoul
======================================================================
XGBOOST TUNING (Optuna TPE + early stopping) | city=seoul | horizon=24h | scenario=clean_only
======================================================================
Trials: 100
Tune folds: 90 (90)
n_lags_options: [12, 24, 48, 168]
Max train size: 8000
Early stopping rounds: 50 | Max estimators: 3000
Cutoff date (held-out test start): 2018-03-30 23:00:00
Tuning on 2880 observations (pre-cutoff)
n_train_samples: 720
Covariates used (9): ['Temperature', 'Humidity', 'Wind speed', 'Solar Radiation', 'precipitation_mm', 'snow_depth_cm', 'Visibility', 'Holiday', 'Seasons']
======================================================================
  Trial   0/100 | MAE=107.12 | n_lags=168 | depth=12 | lr=0.0199 | avg_n_estimators=765
  Trial   1/100 | MAE=112.76 | n_lags=12 | depth=4 | lr=0.1078 | avg_n_estimators=204
  Trial   2/100 | MAE=107.86 | n_lags=48 | depth=10 | lr=0.0269 | avg_n_estimators=620
  Trial   3/100 | MAE=109.82 | n_lags=24 | depth=3 | lr=0.0154 | avg_n_estimators=1610
  Trial   4/100 | MAE=107.65 | n_lags=168 | depth=4 | lr=0.0376 | avg_n_estimators=554
  Trial   5/100 | MAE=113.77 | n_lags=24 | depth=4 | lr=0.0210 | avg_n_estimators=1279
  Trial   6/100 | MAE=119.52 | n_lags=12 | depth=10 | lr=0.0051 | avg_n_estimators=2864
  Trial   7/100 | MAE=109.03 | n_lags=48 | depth=5 | lr=0.0157 | avg_n_estimators=1352
  Trial   8/100 | MAE=108.63 | n_lags=12 | depth=6 | lr=0.0344 | avg_n_estimators=363
  Trial   9/100 | MAE=107.65 | n_lags=48 | depth=2 | lr=0.0116 | avg_n_estimators=1549
  Trial  10/100 | MAE=106.26 | n_lags=168 | depth=9 | lr=0.0184 | avg_n_estimators=1040
  Trial  11/100 | MAE=106.09 | n_lags=168 | depth=12 | lr=0.0095 | avg_n_estimators=1549
  Trial  12/100 | MAE=118.52 | n_lags=12 | depth=12 | lr=0.0065 | avg_n_estimators=2736
  Trial  13/100 | MAE=107.69 | n_lags=168 | depth=7 | lr=0.0109 | avg_n_estimators=1226
  Trial  14/100 | MAE=105.64 | n_lags=168 | depth=6 | lr=0.0055 | avg_n_estimators=2053
  Trial  15/100 | MAE=106.34 | n_lags=168 | depth=3 | lr=0.0090 | avg_n_estimators=1385
  Trial  16/100 | MAE=107.26 | n_lags=168 | depth=6 | lr=0.0242 | avg_n_estimators=808
  Trial  17/100 | MAE=121.67 | n_lags=12 | depth=5 | lr=0.0056 | avg_n_estimators=2873
  Trial  18/100 | MAE=108.54 | n_lags=24 | depth=8 | lr=0.0053 | avg_n_estimators=2776
  Trial  19/100 | MAE=94.37 | n_lags=168 | depth=9 | lr=0.0058 | avg_n_estimators=1436
  Trial  20/100 | MAE=94.54 | n_lags=168 | depth=10 | lr=0.0054 | avg_n_estimators=1392
  Trial  21/100 | MAE=95.47 | n_lags=168 | depth=11 | lr=0.0053 | avg_n_estimators=1322
  Trial  22/100 | MAE=93.83 | n_lags=168 | depth=9 | lr=0.0061 | avg_n_estimators=1278
  Trial  23/100 | MAE=99.37 | n_lags=48 | depth=8 | lr=0.0050 | avg_n_estimators=1593
  Trial  24/100 | MAE=95.87 | n_lags=168 | depth=6 | lr=0.0096 | avg_n_estimators=840
  Trial  25/100 | MAE=100.23 | n_lags=24 | depth=9 | lr=0.0119 | avg_n_estimators=1794
  Trial  26/100 | MAE=95.73 | n_lags=168 | depth=10 | lr=0.0077 | avg_n_estimators=1188
  Trial  27/100 | MAE=100.48 | n_lags=168 | depth=7 | lr=0.0144 | avg_n_estimators=889
  Trial  28/100 | MAE=96.12 | n_lags=168 | depth=9 | lr=0.0054 | avg_n_estimators=1430
  Trial  29/100 | MAE=101.54 | n_lags=24 | depth=8 | lr=0.0120 | avg_n_estimators=1146
  Trial  30/100 | MAE=93.94 | n_lags=168 | depth=10 | lr=0.0206 | avg_n_estimators=643
  Trial  31/100 | MAE=93.87 | n_lags=168 | depth=10 | lr=0.0559 | avg_n_estimators=332
  Trial  32/100 | MAE=96.67 | n_lags=168 | depth=10 | lr=0.0556 | avg_n_estimators=177
  Trial  33/100 | MAE=101.62 | n_lags=48 | depth=6 | lr=0.0972 | avg_n_estimators=281
  Trial  34/100 | MAE=98.06 | n_lags=48 | depth=12 | lr=0.0673 | avg_n_estimators=182
  Trial  35/100 | MAE=94.62 | n_lags=168 | depth=7 | lr=0.0593 | avg_n_estimators=328
  Trial  36/100 | MAE=107.94 | n_lags=12 | depth=10 | lr=0.0477 | avg_n_estimators=495
  Trial  37/100 | MAE=96.95 | n_lags=168 | depth=12 | lr=0.0278 | avg_n_estimators=547
  Trial  38/100 | MAE=112.19 | n_lags=12 | depth=7 | lr=0.0300 | avg_n_estimators=465
  Trial  39/100 | MAE=92.82 | n_lags=168 | depth=8 | lr=0.0549 | avg_n_estimators=307
  Trial  40/100 | MAE=94.16 | n_lags=168 | depth=7 | lr=0.0428 | avg_n_estimators=327
  Trial  41/100 | MAE=94.20 | n_lags=168 | depth=7 | lr=0.0873 | avg_n_estimators=124
  Trial  42/100 | MAE=110.69 | n_lags=12 | depth=8 | lr=0.0896 | avg_n_estimators=183
  Trial  43/100 | MAE=99.10 | n_lags=168 | depth=9 | lr=0.0264 | avg_n_estimators=664
  Trial  44/100 | MAE=96.37 | n_lags=168 | depth=8 | lr=0.0491 | avg_n_estimators=383
  Trial  45/100 | MAE=101.20 | n_lags=24 | depth=10 | lr=0.1890 | avg_n_estimators=130
  Trial  46/100 | MAE=99.47 | n_lags=168 | depth=3 | lr=0.0355 | avg_n_estimators=360
  Trial  47/100 | MAE=106.55 | n_lags=24 | depth=6 | lr=0.1087 | avg_n_estimators=254
  Trial  48/100 | MAE=95.41 | n_lags=168 | depth=10 | lr=0.0234 | avg_n_estimators=408
  Trial  49/100 | MAE=95.83 | n_lags=168 | depth=11 | lr=0.0447 | avg_n_estimators=361
  Trial  50/100 | MAE=96.97 | n_lags=168 | depth=7 | lr=0.0647 | avg_n_estimators=303
  Trial  51/100 | MAE=113.08 | n_lags=12 | depth=6 | lr=0.1155 | avg_n_estimators=167
  Trial  52/100 | MAE=100.70 | n_lags=168 | depth=3 | lr=0.0989 | avg_n_estimators=167
  Trial  53/100 | MAE=94.96 | n_lags=168 | depth=9 | lr=0.0745 | avg_n_estimators=167
  Trial  54/100 | MAE=102.90 | n_lags=48 | depth=6 | lr=0.0213 | avg_n_estimators=846
  Trial  55/100 | MAE=95.99 | n_lags=168 | depth=7 | lr=0.0944 | avg_n_estimators=114
  Trial  56/100 | MAE=99.43 | n_lags=168 | depth=10 | lr=0.0846 | avg_n_estimators=304
  Trial  57/100 | MAE=102.51 | n_lags=12 | depth=10 | lr=0.0138 | avg_n_estimators=1125
  Trial  58/100 | MAE=103.42 | n_lags=48 | depth=12 | lr=0.0097 | avg_n_estimators=1106
  Trial  59/100 | MAE=106.41 | n_lags=24 | depth=11 | lr=0.0480 | avg_n_estimators=604
  Trial  60/100 | MAE=102.24 | n_lags=48 | depth=6 | lr=0.0619 | avg_n_estimators=227
  Trial  61/100 | MAE=92.78 | n_lags=168 | depth=10 | lr=0.0060 | avg_n_estimators=1383
  Trial  62/100 | MAE=94.23 | n_lags=168 | depth=9 | lr=0.0052 | avg_n_estimators=1442
  Trial  63/100 | MAE=94.79 | n_lags=168 | depth=9 | lr=0.0709 | avg_n_estimators=266
  Trial  64/100 | MAE=101.05 | n_lags=12 | depth=6 | lr=0.0087 | avg_n_estimators=1273
  Trial  65/100 | MAE=105.75 | n_lags=12 | depth=7 | lr=0.0852 | avg_n_estimators=307
  Trial  66/100 | MAE=94.15 | n_lags=168 | depth=8 | lr=0.0129 | avg_n_estimators=668
  Trial  67/100 | MAE=97.58 | n_lags=168 | depth=12 | lr=0.0164 | avg_n_estimators=779
  Trial  68/100 | MAE=93.73 | n_lags=168 | depth=7 | lr=0.0062 | avg_n_estimators=1253
  Trial  69/100 | MAE=93.21 | n_lags=168 | depth=9 | lr=0.0077 | avg_n_estimators=958
  Trial  70/100 | MAE=94.22 | n_lags=168 | depth=12 | lr=0.0080 | avg_n_estimators=1001
  Trial  71/100 | MAE=93.74 | n_lags=168 | depth=9 | lr=0.0150 | avg_n_estimators=617
  Trial  72/100 | MAE=96.06 | n_lags=168 | depth=9 | lr=0.0296 | avg_n_estimators=342
  Trial  73/100 | MAE=93.07 | n_lags=168 | depth=10 | lr=0.0081 | avg_n_estimators=1090
  Trial  74/100 | MAE=94.50 | n_lags=168 | depth=7 | lr=0.0098 | avg_n_estimators=862
  Trial  75/100 | MAE=94.59 | n_lags=168 | depth=10 | lr=0.0086 | avg_n_estimators=1026
  Trial  76/100 | MAE=102.44 | n_lags=12 | depth=9 | lr=0.0084 | avg_n_estimators=1387
  Trial  77/100 | MAE=93.62 | n_lags=168 | depth=11 | lr=0.0126 | avg_n_estimators=771
  Trial  78/100 | MAE=106.61 | n_lags=12 | depth=12 | lr=0.0099 | avg_n_estimators=1132
  Trial  79/100 | MAE=99.91 | n_lags=48 | depth=11 | lr=0.0113 | avg_n_estimators=1321
  Trial  80/100 | MAE=95.24 | n_lags=168 | depth=11 | lr=0.0131 | avg_n_estimators=842
  Trial  81/100 | MAE=94.97 | n_lags=168 | depth=4 | lr=0.0094 | avg_n_estimators=1071
  Trial  82/100 | MAE=92.75 | n_lags=168 | depth=7 | lr=0.0112 | avg_n_estimators=703
  Trial  83/100 | MAE=96.85 | n_lags=168 | depth=5 | lr=0.0066 | avg_n_estimators=1186
  Trial  84/100 | MAE=93.71 | n_lags=168 | depth=7 | lr=0.0112 | avg_n_estimators=963
  Trial  85/100 | MAE=97.18 | n_lags=168 | depth=10 | lr=0.0109 | avg_n_estimators=894
  Trial  86/100 | MAE=100.43 | n_lags=24 | depth=8 | lr=0.0060 | avg_n_estimators=2563
  Trial  87/100 | MAE=93.56 | n_lags=168 | depth=8 | lr=0.0093 | avg_n_estimators=890
  Trial  88/100 | MAE=96.00 | n_lags=168 | depth=8 | lr=0.0061 | avg_n_estimators=1338
  Trial  89/100 | MAE=93.32 | n_lags=168 | depth=8 | lr=0.0097 | avg_n_estimators=807
  Trial  90/100 | MAE=95.15 | n_lags=168 | depth=7 | lr=0.0086 | avg_n_estimators=906
  Trial  91/100 | MAE=100.05 | n_lags=48 | depth=7 | lr=0.0096 | avg_n_estimators=1042
  Trial  92/100 | MAE=94.72 | n_lags=168 | depth=7 | lr=0.0094 | avg_n_estimators=904
  Trial  93/100 | MAE=96.46 | n_lags=48 | depth=10 | lr=0.0089 | avg_n_estimators=1164
  Trial  94/100 | MAE=94.34 | n_lags=168 | depth=7 | lr=0.0242 | avg_n_estimators=383
  Trial  95/100 | MAE=95.88 | n_lags=168 | depth=7 | lr=0.0076 | avg_n_estimators=1183
  Trial  96/100 | MAE=94.46 | n_lags=168 | depth=6 | lr=0.0053 | avg_n_estimators=1496
  Trial  97/100 | MAE=105.67 | n_lags=168 | depth=12 | lr=0.0076 | avg_n_estimators=1521
  Trial  98/100 | MAE=93.85 | n_lags=168 | depth=11 | lr=0.0158 | avg_n_estimators=708
  Trial  99/100 | MAE=99.52 | n_lags=24 | depth=5 | lr=0.0130 | avg_n_estimators=1104

======================================================================
BEST PARAMETERS FOUND
======================================================================
Tuning MAE=92.75
Best n_lags=168
Best n_estimators (from early stopping)=703
{
  "objective": "reg:squarederror",
  "random_state": 42,
  "tree_method": "hist",
  "n_jobs": -1,
  "n_estimators": 703,
  "learning_rate": 0.011237385780655638,
  "max_depth": 7,
  "min_child_weight": 3.150800492370836,
  "subsample": 0.8100989306823383,
  "colsample_bytree": 0.6103263694961119,
  "gamma": 14.596076520306495,
  "reg_lambda": 0.0011980038062801002,
  "reg_alpha": 7.500957048536328e-05
}
  Fold 0: MAE=23.5, RMSE=32.0
  Fold 1: MAE=41.5, RMSE=59.2
  Fold 2: MAE=67.9, RMSE=98.0
  Fold 3: MAE=51.4, RMSE=69.6
  Fold 4: MAE=47.9, RMSE=57.1
  Fold 5: MAE=38.3, RMSE=48.9
  Fold 6: MAE=27.0, RMSE=35.5
  Fold 7: MAE=22.9, RMSE=28.6
  Fold 8: MAE=86.9, RMSE=147.9
  Fold 9: MAE=39.1, RMSE=49.6
  Fold 10: MAE=76.4, RMSE=92.4
  Fold 11: MAE=67.4, RMSE=77.4
  Fold 12: MAE=53.6, RMSE=59.7
  Fold 13: MAE=56.0, RMSE=64.5
  Fold 14: MAE=56.9, RMSE=76.6
  Fold 15: MAE=53.6, RMSE=70.3
  Fold 16: MAE=39.8, RMSE=71.5
  Fold 17: MAE=30.1, RMSE=46.5
  Fold 18: MAE=26.2, RMSE=33.9
  Fold 19: MAE=81.0, RMSE=120.1
  Fold 20: MAE=29.6, RMSE=34.5
  Fold 21: MAE=39.8, RMSE=56.4
  Fold 22: MAE=91.0, RMSE=141.4
  Fold 23: MAE=36.0, RMSE=43.3
  Fold 24: MAE=26.9, RMSE=33.2
  Fold 25: MAE=32.2, RMSE=41.8
  Fold 26: MAE=37.6, RMSE=47.4
  Fold 27: MAE=24.5, RMSE=31.7
  Fold 28: MAE=33.0, RMSE=45.1
  Fold 29: MAE=54.5, RMSE=82.7
  Fold 30: MAE=70.2, RMSE=103.8
  Fold 31: MAE=58.9, RMSE=76.6
  Fold 32: MAE=51.8, RMSE=75.2
  Fold 33: MAE=46.1, RMSE=69.9
  Fold 34: MAE=91.5, RMSE=110.5
  Fold 35: MAE=52.3, RMSE=62.9
  Fold 36: MAE=30.2, RMSE=44.3
  Fold 37: MAE=34.6, RMSE=53.9
  Fold 38: MAE=43.6, RMSE=65.1
  Fold 39: MAE=20.1, RMSE=24.7
  Fold 40: MAE=19.0, RMSE=26.3
  Fold 41: MAE=60.3, RMSE=83.6
  Fold 42: MAE=34.5, RMSE=45.8
  Fold 43: MAE=52.4, RMSE=77.0
  Fold 44: MAE=50.3, RMSE=62.0
  Fold 45: MAE=55.4, RMSE=72.8
  Fold 46: MAE=105.0, RMSE=138.2
  Fold 47: MAE=84.9, RMSE=103.0
  Fold 48: MAE=43.9, RMSE=57.2
  Fold 49: MAE=32.6, RMSE=47.8
  Fold 50: MAE=94.4, RMSE=145.1
  Fold 51: MAE=57.5, RMSE=82.1
  Fold 52: MAE=62.4, RMSE=95.1
  Fold 53: MAE=97.2, RMSE=166.6
  Fold 54: MAE=59.7, RMSE=68.0
  Fold 55: MAE=65.7, RMSE=76.7
  Fold 56: MAE=70.0, RMSE=100.1
  Fold 57: MAE=77.5, RMSE=122.5
  Fold 58: MAE=50.4, RMSE=62.5
  Fold 59: MAE=243.8, RMSE=333.7
  Fold 60: MAE=102.4, RMSE=127.2
  Fold 61: MAE=100.5, RMSE=149.5
  Fold 62: MAE=217.1, RMSE=301.4
  Fold 63: MAE=196.8, RMSE=220.7
  Fold 64: MAE=123.8, RMSE=181.9
  Fold 65: MAE=96.9, RMSE=135.1
  Fold 66: MAE=136.2, RMSE=195.7
  Fold 67: MAE=101.5, RMSE=135.3
  Fold 68: MAE=75.6, RMSE=114.8
  Fold 69: MAE=158.9, RMSE=190.8
  Fold 70: MAE=159.3, RMSE=218.5
  Fold 71: MAE=195.4, RMSE=269.0
  Fold 72: MAE=160.1, RMSE=213.2
  Fold 73: MAE=144.0, RMSE=210.0
  Fold 74: MAE=345.8, RMSE=396.2
  Fold 75: MAE=67.2, RMSE=117.3
  Fold 76: MAE=183.5, RMSE=215.6
  Fold 77: MAE=306.3, RMSE=412.9
  Fold 78: MAE=254.0, RMSE=332.7
  Fold 79: MAE=271.8, RMSE=337.2
  Fold 80: MAE=353.7, RMSE=440.8
  Fold 81: MAE=235.8, RMSE=331.8
  Fold 82: MAE=73.2, RMSE=111.8
  Fold 83: MAE=88.9, RMSE=119.0
  Fold 84: MAE=99.8, RMSE=120.5
  Fold 85: MAE=108.1, RMSE=158.5
  Fold 86: MAE=64.5, RMSE=91.8
  Fold 87: MAE=110.2, RMSE=139.9
  Fold 88: MAE=36.0, RMSE=45.1
  Fold 89: MAE=76.4, RMSE=107.9

Validation results:
  MAE: 88.36 ± 72.48
  RMSE: 118.80 ± 92.88
----- BEGIN PARAMS JSON xgboost_best_params_seoul_clean_only_720_20261006_152836.json -----
{
  "city": "seoul",
  "scenario": "clean_only",
  "n_train_samples": 720,
  "tuning_period": {
    "first_timestamp": "2017-12-01T00:00:00",
    "last_timestamp": "2018-03-30T23:00:00"
  },
  "n_lags": 168,
  "xgb_params": {
    "objective": "reg:squarederror",
    "random_state": 42,
    "tree_method": "hist",
    "n_jobs": -1,
    "n_estimators": 703,
    "learning_rate": 0.011237385780655638,
    "max_depth": 7,
    "min_child_weight": 3.150800492370836,
    "subsample": 0.8100989306823383,
    "colsample_bytree": 0.6103263694961119,
    "gamma": 14.596076520306495,
    "reg_lambda": 0.0011980038062801002,
    "reg_alpha": 7.500957048536328e-05
  },
  "tuning": {
    "search_type": "optuna_tpe_multivariate_with_early_stopping",
    "trials": 100,
    "tune_folds": 90,
    "seed": 42,
    "metric_optimized": "MAE",
    "best_tune_mae_mean": 92.75333686139848,
    "n_lags_options": [
      12,
      24,
      48,
      168
    ],
    "early_stopping_rounds": 50,
    "max_estimators_cap": 3000
  },
  "mae_mean": 88.35689516420717,
  "mae_std": 72.48221476309945,
  "rmse_mean": 118.7954508392582,
  "rmse_std": 92.87614875044157,
  "validation_folds": 90,
  "max_train_size": 8000,
  "covariates_used": [
    "Temperature",
    "Humidity",
    "Wind speed",
    "Solar Radiation",
    "precipitation_mm",
    "snow_depth_cm",
    "Visibility",
    "Holiday",
    "Seasons"
  ],
  "time_features_used": [
    "hour",
    "dayofweek",
    "month",
    "is_weekend"
  ],
  "provenance": {
    "git_commit": "code:5a82a4e6de97e469",
    "git_dirty": null,
    "library_versions": {
      "python": "3.11.2",
      "numpy": "1.26.4",
      "pandas": "2.3.3",
      "scikit-learn": "1.6.1",
      "statsmodels": "0.14.6",
      "pmdarima": "2.1.1",
      "xgboost": "3.1.3",
      "optuna": "4.7.0",
      "prophet": "1.3.0",
      "neuralprophet": "0.9.0",
      "torch": "2.9.1",
      "tabpfn": "6.4.1",
      "tabpfn-time-series": "1.0.9",
      "timesfm (.timesfm_venv)": "3.0.2"
    }
  }
}
----- END PARAMS JSON xgboost_best_params_seoul_clean_only_720_20261006_152836.json -----

Results saved to: results/tuning/xgboost_best_params_seoul_clean_only_720_20261006_152836.json
  --> config.xgb_params_file = 'results/tuning/xgboost_best_params_seoul_clean_only_720_20261006_152836.json'

======================================================================
ALL TUNING COMPLETE
======================================================================
[W1006 15:28:37.720324670 AllocatorConfig.cpp:28] Warning: PYTORCH_CUDA_ALLOC_CONF is deprecated, use PYTORCH_ALLOC_CONF instead (function operator())
Finished: 2026-10-06 15:28:38
