Job 293 | sarimax clean_only | washington | DAH2 | CPUs 4 | 2026-10-06 23:48:36
Commit: unknown

======================================================================
TUNING SARIMAX FOR: WASHINGTON
======================================================================
Loaded 17544 observations for washington
======================================================================
SARIMAX TUNING | city=washington | horizon=24h | scenario=clean_only | m=24
======================================================================
Cutoff date (held-out test start): 2012-04-30 23:00:00
Candidate folds (auto_arima): [155, 173, 191, 208, 226, 244] | scoring folds: all 90 tune folds
Covariates (9): ['temperature_c', 'humidity_percent', 'wind_speed_ms', 'solar_radiation_wm2', 'precipitation_mm', 'snow_depth_cm', 'visibility_km', 'holiday', 'season']
  fold 155: auto_arima -> order=(5, 0, 0) seasonal=(1, 0, 0, 24) intercept=True AIC=7697.8
  fold 173: auto_arima -> order=(4, 0, 1) seasonal=(1, 0, 0, 24) intercept=True AIC=7740.2
  fold 191: auto_arima -> order=(2, 0, 0) seasonal=(1, 0, 0, 24) intercept=True AIC=7925.1
  fold 208: auto_arima -> order=(2, 0, 0) seasonal=(1, 0, 0, 24) intercept=True AIC=8153.3
  fold 226: auto_arima -> order=(4, 0, 1) seasonal=(1, 0, 0, 24) intercept=True AIC=8222.3
  fold 244: auto_arima -> order=(2, 0, 2) seasonal=(1, 0, 0, 24) intercept=True AIC=8213.6
  candidate ((5, 0, 0), (1, 0, 0, 24), True): ok MAE=70.01
  candidate ((4, 0, 1), (1, 0, 0, 24), True): ok MAE=69.64
  candidate ((2, 0, 0), (1, 0, 0, 24), True): ok MAE=71.15
  candidate ((2, 0, 2), (1, 0, 0, 24), True): ok MAE=70.54

======================================================================
SELECTED: order=[4, 0, 1] seasonal_order=[1, 0, 0, 24] with_intercept=True (trend=c) | search MAE=69.64
======================================================================
----- BEGIN PARAMS JSON sarimax_best_params_washington_clean_only_720_20261007_043638.json -----
{
  "city": "washington",
  "scenario": "clean_only",
  "n_train_samples": 720,
  "tuning_period": {
    "first_timestamp": "2011-01-01T00:00:00",
    "last_timestamp": "2012-04-30T23:00:00"
  },
  "order": [
    4,
    0,
    1
  ],
  "seasonal_order": [
    1,
    0,
    0,
    24
  ],
  "with_intercept": true,
  "trend": "c",
  "covariates_used": [
    "temperature_c",
    "humidity_percent",
    "wind_speed_ms",
    "solar_radiation_wm2",
    "precipitation_mm",
    "snow_depth_cm",
    "visibility_km",
    "holiday",
    "season"
  ],
  "m": 24,
  "tuning": {
    "search_type": "auto_arima candidates (stepwise AIC per candidate fold), selected by mean MAE of the experiment model on all tune folds",
    "tune_folds": 90,
    "scoring_folds": 90,
    "candidate_folds": 6,
    "candidate_fold_indices": [
      155,
      173,
      191,
      208,
      226,
      244
    ],
    "metric_optimized": "MAE",
    "best_tune_mae_mean": 69.64460405724054,
    "best_tune_rmse_mean": 91.02945592764839,
    "auto_arima_kwargs": {
      "seasonal": true,
      "m": 24,
      "stepwise": true,
      "suppress_warnings": true,
      "error_action": "ignore",
      "max_p": 5,
      "max_q": 3,
      "max_P": 2,
      "max_Q": 2,
      "max_order": 8,
      "information_criterion": "aic"
    },
    "candidates": [
      {
        "order": [
          5,
          0,
          0
        ],
        "seasonal_order": [
          1,
          0,
          0,
          24
        ],
        "with_intercept": true,
        "found_on_folds": [
          155
        ],
        "aic_on_found_folds": [
          7697.839735814427
        ],
        "trend": "c",
        "status": "ok",
        "fold_mae": [
          44.22119610634172,
          27.205669964400993,
          27.86726917530146,
          89.65911370685315,
          39.87900704681629,
          113.54709454069527,
          45.47399744392509,
          34.56608719215476,
          42.38808001418385,
          25.967552670129077,
          69.49976563453956,
          27.632387314100214,
          93.43132188731461,
          49.61940180498743,
          43.090014170505405,
          33.06943240253592,
          40.281878396559456,
          99.87634878054473,
          56.918838798949395,
          32.3818973967505,
          91.25063966156968,
          40.67982419040573,
          30.975052146412214,
          41.83182207412663,
          72.64052995281118,
          29.865121810610884,
          124.33731435489699,
          37.61117249794403,
          67.90227719511073,
          103.39771009248038,
          48.912267314336866,
          95.16738334489105,
          46.51688469248785,
          97.08281778925884,
          42.12555060924086,
          50.51257877068966,
          49.999599773418346,
          36.04180412728778,
          77.40692517965873,
          49.29737427871608,
          143.57519445219603,
          50.71621285227761,
          53.62901458529448,
          38.30585518235208,
          69.59696731845318,
          174.52097000159566,
          43.8980522875513,
          147.6655037377955,
          58.41309554352753,
          46.87702737645403,
          53.21295408919669,
          78.74962525901998,
          143.08167421700514,
          101.20828594689142,
          136.2000688853611,
          41.22909580684259,
          53.62754707967053,
          64.40608344806884,
          25.44553698446362,
          127.40803691922771,
          45.59689297521333,
          136.59907160183857,
          50.29154305821359,
          50.48742629245021,
          49.96774730063738,
          60.615428188764106,
          93.95967311092038,
          74.26701226021974,
          133.4942923585398,
          50.39047843126091,
          28.668799210318802,
          37.75184145596759,
          43.23734241410373,
          124.8284305224646,
          74.81958626863052,
          163.84523633103558,
          69.44403910716191,
          36.26143754571623,
          76.62613323122547,
          55.786450920492825,
          158.06420488310746,
          130.0793405287545,
          79.05993638255192,
          76.41678747039168,
          43.477009181555694,
          46.919252761266364,
          57.609505009370764,
          104.49313794917428,
          93.01152409013334,
          132.94504490226115
        ],
        "mae_mean": 70.01013791134368,
        "rmse_mean": 91.93738107301799,
        "non_converged_folds": 0
      },
      {
        "order": [
          4,
          0,
          1
        ],
        "seasonal_order": [
          1,
          0,
          0,
          24
        ],
        "with_intercept": true,
        "found_on_folds": [
          173,
          226
        ],
        "aic_on_found_folds": [
          7740.172423440108,
          8222.29977979968
        ],
        "trend": "c",
        "status": "ok",
        "fold_mae": [
          43.44454664039941,
          27.86409769688341,
          28.069319804761026,
          89.263254166013,
          40.94382524114453,
          115.31516111715757,
          43.716934355834724,
          30.592924451173143,
          44.523778606473456,
          24.570822538729903,
          70.84390119462739,
          26.717428280062663,
          95.4528488386191,
          47.25844889046905,
          40.50861582229506,
          39.82083038446688,
          39.247503398060175,
          97.98909228509869,
          54.94391868451971,
          33.49703777677732,
          90.67234606303003,
          40.68872240455453,
          35.76483838892032,
          40.277345521085586,
          73.99601770350127,
          28.591752294639985,
          123.40621255572007,
          29.703493042330084,
          67.01130604161025,
          106.37885450394235,
          45.27727431849658,
          94.1954404622486,
          50.04587977648952,
          96.69458066153216,
          41.24349712047731,
          48.942088795345235,
          48.8849542472353,
          35.18887786849928,
          74.84240112375981,
          47.87984393806465,
          141.25191737577134,
          46.5746931728437,
          52.5804574789438,
          39.79776532028571,
          65.65937284091665,
          172.0779918071842,
          42.07870628576705,
          148.09219474854413,
          57.76873184159382,
          45.62398011356347,
          51.781353251525196,
          75.38022879128322,
          140.10578369840832,
          102.63145433477581,
          132.67875659235617,
          41.15789542941861,
          54.819578610072305,
          64.9020085154579,
          26.689852161569604,
          127.24525243715856,
          44.691368997022174,
          134.6050708519761,
          50.566707234300445,
          49.425211093226835,
          46.245419857930756,
          59.05189161700044,
          94.58229302517509,
          72.54415508731672,
          134.83937298154237,
          63.114482171086784,
          27.39666518882262,
          37.090044094613525,
          44.17343560170523,
          123.52581155368223,
          75.32472927697815,
          162.04127502051787,
          70.20771435007244,
          37.772601077006705,
          78.51868691469872,
          59.93888540065945,
          155.00678403941848,
          124.54772630841335,
          83.79927487770249,
          94.31929325951639,
          49.544422827527065,
          66.9438506254354,
          57.90408600268168,
          90.36703800331931,
          69.45307126909738,
          127.30500473071383
        ],
        "mae_mean": 69.64460405724054,
        "rmse_mean": 91.02945592764839,
        "non_converged_folds": 6
      },
      {
        "order": [
          2,
          0,
          0
        ],
        "seasonal_order": [
          1,
          0,
          0,
          24
        ],
        "with_intercept": true,
        "found_on_folds": [
          191,
          208
        ],
        "aic_on_found_folds": [
          7925.061132210959,
          8153.2862236016335
        ],
        "trend": "c",
        "status": "ok",
        "fold_mae": [
          43.61432923733704,
          26.58518849034374,
          29.556593976554666,
          91.0090295788798,
          39.68701103079585,
          108.84604367180681,
          52.39564184162416,
          40.78638920389707,
          40.224543194353124,
          28.342279331638867,
          70.55323226296638,
          24.19873330935809,
          89.31785623214087,
          49.756871498413524,
          38.09482617236355,
          40.33582013913834,
          48.69742501897948,
          102.19203673061554,
          55.63022193268975,
          34.065881098256796,
          93.3654630492517,
          44.36141811361258,
          32.99236546199616,
          45.74897944831873,
          72.91991275855115,
          35.65596327127596,
          121.18095503026511,
          40.06640999912373,
          73.04075433913641,
          95.59942239412533,
          57.65838105675616,
          98.29469580409518,
          45.881982372911125,
          96.16419106132457,
          42.675299913135994,
          51.910951404883974,
          49.435592831133846,
          37.58626227192377,
          77.59107356115324,
          53.18833899576741,
          141.36336838990616,
          53.75975729464756,
          52.991020239747,
          38.55009673914291,
          71.84916990424712,
          179.9473379254322,
          46.12772100419522,
          147.87461814531335,
          58.31592715544716,
          48.8915588881645,
          55.216079339583,
          80.20859192351257,
          145.49602659740455,
          98.41708998507802,
          129.28389911383212,
          42.651775472478725,
          52.53168619821631,
          64.5554629388579,
          25.784383877275513,
          127.81424904531148,
          44.17557301770472,
          136.83475108783924,
          58.309967194347735,
          51.46949788154583,
          47.91679769594185,
          66.47734214949696,
          92.16416792232299,
          73.38392328417855,
          131.33491055383615,
          53.700838740579265,
          30.115288380120777,
          37.40757244869085,
          46.126417588705955,
          127.05765410200333,
          71.19166126478005,
          162.0751537525199,
          75.3999190875394,
          40.07798916565338,
          73.74437526275358,
          57.277573826022085,
          160.90875756920198,
          134.71542793481274,
          83.00639951189969,
          79.15075140342945,
          43.841626011320365,
          44.28495182992081,
          64.54205513386871,
          106.0426140559969,
          91.37156383399879,
          138.80954771773145
        ],
        "mae_mean": 71.1528139630828,
        "rmse_mean": 93.98112824487539,
        "non_converged_folds": 0
      },
      {
        "order": [
          2,
          0,
          2
        ],
        "seasonal_order": [
          1,
          0,
          0,
          24
        ],
        "with_intercept": true,
        "found_on_folds": [
          244
        ],
        "aic_on_found_folds": [
          8213.594206245261
        ],
        "trend": "c",
        "status": "ok",
        "fold_mae": [
          44.548782904070976,
          27.01112206708342,
          28.300182764452796,
          89.28126743430728,
          39.91095846374587,
          114.00023305768785,
          45.44279402760203,
          37.8518465464714,
          44.02605391192942,
          24.79774715218102,
          69.28407435844213,
          25.69540962843654,
          95.71157922684647,
          47.22749761288937,
          35.4633857999076,
          35.694851039793996,
          40.814778222138514,
          104.0607134130219,
          56.93116157322883,
          34.750170252327415,
          92.71090458632789,
          40.67432697572943,
          30.245859114372013,
          40.004924576865335,
          77.47470074336387,
          29.671431648147294,
          122.82977424269932,
          33.635177696636404,
          66.8112999647866,
          106.16884458308232,
          47.26905410877318,
          96.46426603478886,
          47.70831054427708,
          96.71343818521018,
          41.4900252408033,
          50.37679620656039,
          48.70498810818913,
          35.32966240303744,
          78.00295049228863,
          57.16330251256726,
          136.95278279685965,
          51.84516613917344,
          53.876072209882715,
          39.35256905267542,
          66.09198065258714,
          175.56883954649666,
          40.55926785635097,
          150.3619573070424,
          56.468179888952044,
          49.249943135345156,
          50.0247790714254,
          77.98524591838789,
          140.07689868739888,
          105.53709774858207,
          131.97127340262617,
          42.266983617359905,
          54.34761693890519,
          65.20047728488642,
          22.125584223787214,
          126.91228339581353,
          43.43391823654724,
          137.11854561670762,
          52.218319545366946,
          49.64918278969221,
          45.232630277942555,
          59.50703401263479,
          93.25150254158763,
          72.7651511877171,
          135.5360617811467,
          60.38937918964078,
          51.15418950009957,
          37.69844399365059,
          43.16285466828193,
          120.38157685035708,
          118.7930859698218,
          158.80740737370573,
          73.28854987392879,
          37.8208738868611,
          78.80053819181514,
          55.881064674598015,
          153.6724785006838,
          121.9461252940883,
          84.15888770861524,
          78.7519597670374,
          42.161630827560295,
          48.0572688290351,
          56.71535501668088,
          103.0999435850161,
          84.11506047919674,
          133.8097054587204
        ],
        "mae_mean": 70.53787079920386,
        "rmse_mean": 92.58610752883841,
        "non_converged_folds": 0
      }
    ]
  },
  "provenance": {
    "git_commit": "code:cc7732c995c45968",
    "git_dirty": null,
    "library_versions": {
      "python": "3.11.2",
      "numpy": "1.26.4",
      "pandas": "2.3.3",
      "scikit-learn": "1.6.1",
      "statsmodels": "0.14.6",
      "pmdarima": "2.1.1",
      "xgboost": "3.1.3",
      "optuna": "4.7.0",
      "prophet": "1.3.0",
      "neuralprophet": "0.9.0",
      "torch": "2.9.1",
      "tabpfn": "6.4.1",
      "tabpfn-time-series": "1.0.9",
      "timesfm (.timesfm_venv)": "3.0.2"
    }
  }
}
----- END PARAMS JSON sarimax_best_params_washington_clean_only_720_20261007_043638.json -----

Results saved to: results/tuning/sarimax_best_params_washington_clean_only_720_20261007_043638.json
  --> config.sarimax_params_file = 'results/tuning/sarimax_best_params_washington_clean_only_720_20261007_043638.json'

======================================================================
ALL TUNING COMPLETE
======================================================================
[W1007 04:36:39.785940097 AllocatorConfig.cpp:28] Warning: PYTORCH_CUDA_ALLOC_CONF is deprecated, use PYTORCH_ALLOC_CONF instead (function operator())
Finished: 2026-10-07 04:36:39
New params file (set as sarimax_params_file in forecasting/config_washington.py):
results/tuning/sarimax_best_params_washington_clean_only_720_20261007_043638.json
