Job 206 | xgboost | london | DAH2 | CPUs 8 | 2026-10-01 17:08:56
Commit: unknown

======================================================================
TUNING XGBOOST FOR: LONDON
======================================================================
Loaded 17544 observations for london
======================================================================
XGBOOST TUNING (Optuna TPE + early stopping) | city=london | horizon=24h | scenario=clean_only
======================================================================
Trials: 100
Tune folds: 90 (90)
n_lags_options: [12, 24, 48, 168]
Max train size: 8000
Early stopping rounds: 50 | Max estimators: 3000
Cutoff date (held-out test start): 2016-05-03 23:00:00
Tuning on 11664 observations (pre-cutoff)
n_train_samples: 720
Covariates used (9): ['t1', 'hum', 'wind_speed', 'solar_radiation_wm2', 'rainfall_mm', 'snowfall_cm', 'visibility_km', 'is_holiday', 'season']
======================================================================
  Trial   0/100 | MAE=262.86 | n_lags=168 | depth=12 | lr=0.0199 | avg_n_estimators=1274
  Trial   1/100 | MAE=404.12 | n_lags=12 | depth=4 | lr=0.1078 | avg_n_estimators=198
  Trial   2/100 | MAE=291.59 | n_lags=48 | depth=10 | lr=0.0269 | avg_n_estimators=598
  Trial   3/100 | MAE=409.43 | n_lags=24 | depth=3 | lr=0.0154 | avg_n_estimators=2016
  Trial   4/100 | MAE=277.06 | n_lags=168 | depth=4 | lr=0.0376 | avg_n_estimators=961
  Trial   5/100 | MAE=419.91 | n_lags=24 | depth=4 | lr=0.0210 | avg_n_estimators=1690
  Trial   6/100 | MAE=448.26 | n_lags=12 | depth=10 | lr=0.0051 | avg_n_estimators=2770
  Trial   7/100 | MAE=374.52 | n_lags=48 | depth=5 | lr=0.0157 | avg_n_estimators=1787
  Trial   8/100 | MAE=282.24 | n_lags=12 | depth=6 | lr=0.0344 | avg_n_estimators=285
  Trial   9/100 | MAE=382.25 | n_lags=48 | depth=2 | lr=0.0116 | avg_n_estimators=1772
  Trial  10/100 | MAE=274.75 | n_lags=168 | depth=9 | lr=0.0184 | avg_n_estimators=1644
  Trial  11/100 | MAE=277.51 | n_lags=168 | depth=12 | lr=0.0095 | avg_n_estimators=2297
  Trial  12/100 | MAE=353.02 | n_lags=48 | depth=9 | lr=0.0153 | avg_n_estimators=1585
  Trial  13/100 | MAE=262.22 | n_lags=168 | depth=7 | lr=0.0348 | avg_n_estimators=1068
  Trial  14/100 | MAE=258.32 | n_lags=168 | depth=12 | lr=0.0887 | avg_n_estimators=371
  Trial  15/100 | MAE=272.05 | n_lags=168 | depth=11 | lr=0.1067 | avg_n_estimators=308
  Trial  16/100 | MAE=281.50 | n_lags=168 | depth=10 | lr=0.1561 | avg_n_estimators=281
  Trial  17/100 | MAE=416.61 | n_lags=12 | depth=9 | lr=0.0203 | avg_n_estimators=985
  Trial  18/100 | MAE=270.00 | n_lags=168 | depth=7 | lr=0.1007 | avg_n_estimators=460
  Trial  19/100 | MAE=266.18 | n_lags=168 | depth=5 | lr=0.0184 | avg_n_estimators=1254
  Trial  20/100 | MAE=244.57 | n_lags=168 | depth=9 | lr=0.1177 | avg_n_estimators=133
  Trial  21/100 | MAE=227.59 | n_lags=168 | depth=10 | lr=0.0343 | avg_n_estimators=255
  Trial  22/100 | MAE=232.12 | n_lags=168 | depth=10 | lr=0.1536 | avg_n_estimators=48
  Trial  23/100 | MAE=234.99 | n_lags=168 | depth=11 | lr=0.0731 | avg_n_estimators=156
  Trial  24/100 | MAE=224.74 | n_lags=168 | depth=11 | lr=0.0332 | avg_n_estimators=226
  Trial  25/100 | MAE=221.08 | n_lags=168 | depth=10 | lr=0.0239 | avg_n_estimators=319
  Trial  26/100 | MAE=220.75 | n_lags=168 | depth=11 | lr=0.0210 | avg_n_estimators=353
  Trial  27/100 | MAE=302.85 | n_lags=48 | depth=12 | lr=0.0249 | avg_n_estimators=673
  Trial  28/100 | MAE=235.50 | n_lags=168 | depth=9 | lr=0.0145 | avg_n_estimators=746
  Trial  29/100 | MAE=225.32 | n_lags=168 | depth=10 | lr=0.0138 | avg_n_estimators=516
  Trial  30/100 | MAE=328.88 | n_lags=24 | depth=11 | lr=0.0225 | avg_n_estimators=957
  Trial  31/100 | MAE=219.89 | n_lags=168 | depth=11 | lr=0.0088 | avg_n_estimators=689
  Trial  32/100 | MAE=326.56 | n_lags=12 | depth=12 | lr=0.0090 | avg_n_estimators=996
  Trial  33/100 | MAE=216.16 | n_lags=168 | depth=10 | lr=0.0059 | avg_n_estimators=1073
  Trial  34/100 | MAE=230.26 | n_lags=168 | depth=8 | lr=0.0093 | avg_n_estimators=852
  Trial  35/100 | MAE=213.51 | n_lags=168 | depth=8 | lr=0.0057 | avg_n_estimators=1213
  Trial  36/100 | MAE=226.57 | n_lags=168 | depth=6 | lr=0.0132 | avg_n_estimators=549
  Trial  37/100 | MAE=215.31 | n_lags=168 | depth=11 | lr=0.0058 | avg_n_estimators=1036
  Trial  38/100 | MAE=218.19 | n_lags=168 | depth=12 | lr=0.0062 | avg_n_estimators=1073
  Trial  39/100 | MAE=266.45 | n_lags=48 | depth=10 | lr=0.0058 | avg_n_estimators=1813
  Trial  40/100 | MAE=231.39 | n_lags=168 | depth=8 | lr=0.0068 | avg_n_estimators=1089
  Trial  41/100 | MAE=231.77 | n_lags=168 | depth=12 | lr=0.0059 | avg_n_estimators=1235
  Trial  42/100 | MAE=285.03 | n_lags=48 | depth=7 | lr=0.0051 | avg_n_estimators=1932
  Trial  43/100 | MAE=213.59 | n_lags=168 | depth=8 | lr=0.0055 | avg_n_estimators=1214
  Trial  44/100 | MAE=222.02 | n_lags=168 | depth=9 | lr=0.0070 | avg_n_estimators=901
  Trial  45/100 | MAE=305.71 | n_lags=24 | depth=4 | lr=0.0067 | avg_n_estimators=1779
  Trial  46/100 | MAE=227.52 | n_lags=168 | depth=8 | lr=0.0054 | avg_n_estimators=1506
  Trial  47/100 | MAE=228.15 | n_lags=168 | depth=12 | lr=0.0070 | avg_n_estimators=1032
  Trial  48/100 | MAE=273.98 | n_lags=24 | depth=9 | lr=0.0150 | avg_n_estimators=710
  Trial  49/100 | MAE=226.31 | n_lags=168 | depth=6 | lr=0.0079 | avg_n_estimators=861
  Trial  50/100 | MAE=404.99 | n_lags=12 | depth=11 | lr=0.0088 | avg_n_estimators=2271
  Trial  51/100 | MAE=221.55 | n_lags=168 | depth=11 | lr=0.0058 | avg_n_estimators=1220
  Trial  52/100 | MAE=318.21 | n_lags=24 | depth=10 | lr=0.0093 | avg_n_estimators=1463
  Trial  53/100 | MAE=217.00 | n_lags=168 | depth=12 | lr=0.0140 | avg_n_estimators=536
  Trial  54/100 | MAE=239.15 | n_lags=168 | depth=11 | lr=0.0232 | avg_n_estimators=530
  Trial  55/100 | MAE=223.80 | n_lags=168 | depth=11 | lr=0.0092 | avg_n_estimators=833
  Trial  56/100 | MAE=343.86 | n_lags=12 | depth=7 | lr=0.0066 | avg_n_estimators=1670
  Trial  57/100 | MAE=293.45 | n_lags=12 | depth=8 | lr=0.0063 | avg_n_estimators=1447
  Trial  58/100 | MAE=220.05 | n_lags=168 | depth=11 | lr=0.0339 | avg_n_estimators=260
  Trial  59/100 | MAE=219.91 | n_lags=168 | depth=8 | lr=0.0125 | avg_n_estimators=599
  Trial  60/100 | MAE=215.80 | n_lags=168 | depth=10 | lr=0.0076 | avg_n_estimators=885
  Trial  61/100 | MAE=220.60 | n_lags=168 | depth=9 | lr=0.0144 | avg_n_estimators=482
  Trial  62/100 | MAE=258.46 | n_lags=48 | depth=12 | lr=0.0246 | avg_n_estimators=571
  Trial  63/100 | MAE=225.55 | n_lags=168 | depth=10 | lr=0.0051 | avg_n_estimators=1311
  Trial  64/100 | MAE=300.82 | n_lags=12 | depth=12 | lr=0.0286 | avg_n_estimators=300
  Trial  65/100 | MAE=259.34 | n_lags=48 | depth=12 | lr=0.0060 | avg_n_estimators=1454
  Trial  66/100 | MAE=219.85 | n_lags=168 | depth=6 | lr=0.0113 | avg_n_estimators=705
  Trial  67/100 | MAE=222.76 | n_lags=168 | depth=6 | lr=0.0051 | avg_n_estimators=1274
  Trial  68/100 | MAE=223.00 | n_lags=168 | depth=12 | lr=0.0104 | avg_n_estimators=755
  Trial  69/100 | MAE=217.26 | n_lags=168 | depth=11 | lr=0.0054 | avg_n_estimators=1039
  Trial  70/100 | MAE=223.16 | n_lags=168 | depth=12 | lr=0.0069 | avg_n_estimators=903
  Trial  71/100 | MAE=302.56 | n_lags=24 | depth=9 | lr=0.0055 | avg_n_estimators=1821
  Trial  72/100 | MAE=216.91 | n_lags=168 | depth=10 | lr=0.0083 | avg_n_estimators=746
  Trial  73/100 | MAE=218.65 | n_lags=168 | depth=11 | lr=0.0051 | avg_n_estimators=1269
  Trial  74/100 | MAE=227.81 | n_lags=168 | depth=12 | lr=0.0138 | avg_n_estimators=549
  Trial  75/100 | MAE=214.99 | n_lags=168 | depth=7 | lr=0.0097 | avg_n_estimators=665
  Trial  76/100 | MAE=311.04 | n_lags=12 | depth=10 | lr=0.0062 | avg_n_estimators=1361
  Trial  77/100 | MAE=328.46 | n_lags=48 | depth=4 | lr=0.0238 | avg_n_estimators=699
  Trial  78/100 | MAE=221.76 | n_lags=168 | depth=7 | lr=0.0323 | avg_n_estimators=242
  Trial  79/100 | MAE=221.22 | n_lags=168 | depth=7 | lr=0.0160 | avg_n_estimators=443
  Trial  80/100 | MAE=268.61 | n_lags=24 | depth=8 | lr=0.0082 | avg_n_estimators=994
  Trial  81/100 | MAE=215.23 | n_lags=168 | depth=12 | lr=0.0129 | avg_n_estimators=511
  Trial  82/100 | MAE=305.72 | n_lags=12 | depth=8 | lr=0.0373 | avg_n_estimators=219
  Trial  83/100 | MAE=218.84 | n_lags=168 | depth=12 | lr=0.0135 | avg_n_estimators=477
  Trial  84/100 | MAE=212.15 | n_lags=168 | depth=7 | lr=0.0067 | avg_n_estimators=1147
  Trial  85/100 | MAE=229.63 | n_lags=168 | depth=6 | lr=0.0055 | avg_n_estimators=1363
  Trial  86/100 | MAE=373.22 | n_lags=12 | depth=5 | lr=0.0067 | avg_n_estimators=1924
  Trial  87/100 | MAE=213.62 | n_lags=168 | depth=5 | lr=0.0058 | avg_n_estimators=1169
  Trial  88/100 | MAE=213.34 | n_lags=168 | depth=6 | lr=0.0084 | avg_n_estimators=764
  Trial  89/100 | MAE=227.11 | n_lags=168 | depth=4 | lr=0.0059 | avg_n_estimators=1187
  Trial  90/100 | MAE=227.87 | n_lags=168 | depth=7 | lr=0.0076 | avg_n_estimators=984
  Trial  91/100 | MAE=212.19 | n_lags=168 | depth=8 | lr=0.0071 | avg_n_estimators=850
  Trial  92/100 | MAE=231.11 | n_lags=168 | depth=8 | lr=0.0095 | avg_n_estimators=706
  Trial  93/100 | MAE=213.83 | n_lags=168 | depth=9 | lr=0.0053 | avg_n_estimators=1147
  Trial  94/100 | MAE=247.64 | n_lags=168 | depth=11 | lr=0.0055 | avg_n_estimators=1859
  Trial  95/100 | MAE=227.19 | n_lags=168 | depth=5 | lr=0.0087 | avg_n_estimators=765
  Trial  96/100 | MAE=225.65 | n_lags=168 | depth=4 | lr=0.0328 | avg_n_estimators=285
  Trial  97/100 | MAE=217.06 | n_lags=168 | depth=10 | lr=0.0120 | avg_n_estimators=515
  Trial  98/100 | MAE=227.88 | n_lags=168 | depth=12 | lr=0.0179 | avg_n_estimators=534
  Trial  99/100 | MAE=271.52 | n_lags=48 | depth=10 | lr=0.0068 | avg_n_estimators=1353

======================================================================
BEST PARAMETERS FOUND
======================================================================
Tuning MAE=212.15
Best n_lags=168
Best n_estimators (from early stopping)=1147
{
  "objective": "reg:squarederror",
  "random_state": 42,
  "tree_method": "hist",
  "n_jobs": -1,
  "n_estimators": 1147,
  "learning_rate": 0.006681535392467539,
  "max_depth": 7,
  "min_child_weight": 1.332711040515317,
  "subsample": 0.6295138708578941,
  "colsample_bytree": 0.6525367215197492,
  "gamma": 18.01506139069722,
  "reg_lambda": 0.9197471538488187,
  "reg_alpha": 2.8117972985894852e-08
}
  Fold 155: MAE=43.4, RMSE=57.7
  Fold 156: MAE=78.0, RMSE=105.1
  Fold 157: MAE=170.0, RMSE=225.1
  Fold 158: MAE=196.5, RMSE=301.6
  Fold 159: MAE=249.3, RMSE=311.2
  Fold 160: MAE=71.5, RMSE=96.4
  Fold 161: MAE=70.9, RMSE=107.3
  Fold 162: MAE=56.9, RMSE=91.3
  Fold 163: MAE=35.9, RMSE=49.9
  Fold 164: MAE=208.3, RMSE=318.6
  Fold 165: MAE=55.1, RMSE=76.7
  Fold 166: MAE=104.2, RMSE=146.6
  Fold 167: MAE=63.6, RMSE=81.5
  Fold 168: MAE=208.0, RMSE=361.8
  Fold 169: MAE=51.5, RMSE=76.5
  Fold 170: MAE=70.4, RMSE=99.4
  Fold 171: MAE=124.0, RMSE=183.6
  Fold 172: MAE=148.0, RMSE=212.8
  Fold 173: MAE=142.4, RMSE=189.0
  Fold 174: MAE=104.3, RMSE=159.6
  Fold 175: MAE=188.1, RMSE=329.4
  Fold 176: MAE=80.2, RMSE=142.1
  Fold 177: MAE=78.5, RMSE=109.6
  Fold 178: MAE=222.5, RMSE=505.5
  Fold 179: MAE=73.6, RMSE=97.1
  Fold 180: MAE=146.6, RMSE=231.9
  Fold 181: MAE=103.1, RMSE=155.8
  Fold 182: MAE=140.4, RMSE=198.3
  Fold 183: MAE=78.2, RMSE=97.1
  Fold 184: MAE=77.0, RMSE=121.3
  Fold 185: MAE=150.1, RMSE=230.1
  Fold 186: MAE=135.4, RMSE=189.4
  Fold 187: MAE=107.5, RMSE=140.6
  Fold 188: MAE=76.2, RMSE=108.5
  Fold 189: MAE=151.9, RMSE=229.2
  Fold 190: MAE=72.6, RMSE=100.7
  Fold 191: MAE=161.0, RMSE=237.5
  Fold 192: MAE=423.6, RMSE=638.0
  Fold 193: MAE=341.6, RMSE=566.0
  Fold 194: MAE=170.2, RMSE=256.8
  Fold 195: MAE=92.9, RMSE=153.0
  Fold 196: MAE=145.6, RMSE=202.9
  Fold 197: MAE=97.4, RMSE=151.0
  Fold 198: MAE=92.1, RMSE=138.9
  Fold 199: MAE=195.6, RMSE=314.8
  Fold 200: MAE=142.5, RMSE=246.3
  Fold 201: MAE=63.9, RMSE=85.6
  Fold 202: MAE=132.6, RMSE=181.9
  Fold 203: MAE=63.8, RMSE=92.0
  Fold 204: MAE=314.1, RMSE=500.1
  Fold 205: MAE=624.7, RMSE=1017.7
  Fold 206: MAE=453.6, RMSE=726.2
  Fold 207: MAE=360.8, RMSE=397.1
  Fold 208: MAE=619.8, RMSE=1036.2
  Fold 209: MAE=273.4, RMSE=449.0
  Fold 210: MAE=144.7, RMSE=240.6
  Fold 211: MAE=291.9, RMSE=487.3
  Fold 212: MAE=456.3, RMSE=749.7
  Fold 213: MAE=456.0, RMSE=609.9
  Fold 214: MAE=148.4, RMSE=243.3
  Fold 215: MAE=633.0, RMSE=981.8
  Fold 216: MAE=156.7, RMSE=279.1
  Fold 217: MAE=145.6, RMSE=202.7
  Fold 218: MAE=91.1, RMSE=126.1
  Fold 219: MAE=323.5, RMSE=519.6
  Fold 220: MAE=167.6, RMSE=281.5
  Fold 221: MAE=262.9, RMSE=364.6
  Fold 222: MAE=497.9, RMSE=754.0
  Fold 223: MAE=125.7, RMSE=223.0
  Fold 224: MAE=186.2, RMSE=335.1
  Fold 225: MAE=267.3, RMSE=404.8
  Fold 226: MAE=371.6, RMSE=538.0
  Fold 227: MAE=100.5, RMSE=160.0
  Fold 228: MAE=238.9, RMSE=341.6
  Fold 229: MAE=346.0, RMSE=491.0
  Fold 230: MAE=147.4, RMSE=234.4
  Fold 231: MAE=214.2, RMSE=325.7
  Fold 232: MAE=165.3, RMSE=245.8
  Fold 233: MAE=181.4, RMSE=341.6
  Fold 234: MAE=173.9, RMSE=248.3
  Fold 235: MAE=323.0, RMSE=424.2
  Fold 236: MAE=162.0, RMSE=236.0
  Fold 237: MAE=174.6, RMSE=244.7
  Fold 238: MAE=151.9, RMSE=198.2
  Fold 239: MAE=42.9, RMSE=60.8
  Fold 240: MAE=251.5, RMSE=409.5
  Fold 241: MAE=188.3, RMSE=246.6
  Fold 242: MAE=307.2, RMSE=483.9
  Fold 243: MAE=726.6, RMSE=1110.1
  Fold 244: MAE=159.1, RMSE=275.0

Validation results:
  MAE: 196.49 ± 143.93
  RMSE: 300.54 ± 227.68

Results saved to: results/tuning/xgboost_best_params_london_clean_only_720_20261001_225940.json
  --> config.xgb_params_file = 'results/tuning/xgboost_best_params_london_clean_only_720_20261001_225940.json'

======================================================================
ALL TUNING COMPLETE
======================================================================
[W1001 22:59:41.326903302 AllocatorConfig.cpp:28] Warning: PYTORCH_CUDA_ALLOC_CONF is deprecated, use PYTORCH_ALLOC_CONF instead (function operator())
Finished: 2026-10-01 22:59:41
