Job 257 | neuralprophet | london | DAH2 | CPUs 4 | 2026-10-03 01:15:36
Commit: unknown

======================================================================
TUNING NEURALPROPHET FOR: LONDON
======================================================================

Loading data for london...
Loaded 17544 observations
======================================================================
NEURALPROPHET TUNING | city=london | horizon=24h | scenario=clean_only
======================================================================
Trials: 20
Search folds: 6 spread over 90 tune folds: [155, 173, 191, 208, 226, 244]
n_lags_options: [12, 24, 48, 168]
Cutoff date: 2016-05-03 23:00:00
Tune obs: 11664
Covariates (9): ['t1', 'hum', 'wind_speed', 'solar_radiation_wm2', 'precipitation_mm', 'snow_depth_cm', 'visibility_km', 'is_holiday', 'season']
======================================================================
Importing plotly failed. Interactive plots will not work.
Importing plotly failed. Interactive plots will not work.
[   1/20] MAE=372.98 RMSE=498.62 | lr=0.02098 n_lags=48 *
[   2/20] MAE=386.12 RMSE=494.13 | lr=0.03765 n_lags=24
[   3/20] MAE=372.06 RMSE=497.22 | lr=0.01236 n_lags=12 *
[   4/20] MAE=396.27 RMSE=513.61 | lr=0.08450 n_lags=12
[   5/20] MAE=373.29 RMSE=500.20 | lr=0.01921 n_lags=48
[   6/20] MAE=972.15 RMSE=1213.93 | lr=0.00024 n_lags=168
[   7/20] MAE=482.50 RMSE=615.13 | lr=0.00224 n_lags=48
[   8/20] MAE=393.76 RMSE=498.47 | lr=0.06030 n_lags=24
[   9/20] MAE=415.51 RMSE=545.69 | lr=0.00854 n_lags=24
[  10/20] MAE=343.69 RMSE=441.48 | lr=0.00214 n_lags=168 *
[  11/20] MAE=743.34 RMSE=946.32 | lr=0.00048 n_lags=12
[  12/20] MAE=1445.18 RMSE=1863.86 | lr=0.00016 n_lags=48
[  13/20] MAE=385.17 RMSE=494.37 | lr=0.03040 n_lags=24
[  14/20] MAE=373.36 RMSE=500.58 | lr=0.01880 n_lags=48
[  15/20] MAE=521.94 RMSE=691.64 | lr=0.00116 n_lags=12
[  16/20] MAE=388.34 RMSE=518.21 | lr=0.04779 n_lags=168
[  17/20] MAE=368.67 RMSE=483.94 | lr=0.02163 n_lags=168
[  18/20] MAE=414.21 RMSE=558.10 | lr=0.00251 n_lags=12
[  19/20] MAE=1530.59 RMSE=1969.52 | lr=0.00014 n_lags=48
[  20/20] MAE=372.05 RMSE=498.70 | lr=0.01120 n_lags=12

======================================================================
BEST PARAMETERS FROM SEARCH
======================================================================
Search MAE=343.69  RMSE=441.48
{
  "learning_rate": 0.0021391566866988724,
  "n_lags": 168
}

Results saved to: results/tuning/neuralprophet_best_params_london_clean_only_720_20261003_013627.json
  --> config.neuralprophet_params_file = 'results/tuning/neuralprophet_best_params_london_clean_only_720_20261003_013627.json'

======================================================================
ALL TUNING COMPLETE
======================================================================
[W1003 01:36:27.732610289 AllocatorConfig.cpp:28] Warning: PYTORCH_CUDA_ALLOC_CONF is deprecated, use PYTORCH_ALLOC_CONF instead (function operator())
Finished: 2026-10-03 01:36:27
