Job 292 | sarimax clean_only | london | DAH2 | CPUs 4 | 2026-10-06 23:48:36
Commit: unknown

======================================================================
TUNING SARIMAX FOR: LONDON
======================================================================
Loaded 17544 observations for london
======================================================================
SARIMAX TUNING | city=london | horizon=24h | scenario=clean_only | m=24
======================================================================
Cutoff date (held-out test start): 2016-05-03 23:00:00
Candidate folds (auto_arima): [155, 173, 191, 208, 226, 244] | scoring folds: all 90 tune folds
Covariates (9): ['t1', 'hum', 'wind_speed', 'solar_radiation_wm2', 'precipitation_mm', 'snow_depth_cm', 'visibility_km', 'is_holiday', 'season']
  fold 155: auto_arima -> order=(3, 0, 3) seasonal=(1, 0, 1, 24) intercept=False AIC=10641.5
  fold 173: auto_arima -> order=(1, 0, 0) seasonal=(1, 0, 1, 24) intercept=True AIC=10620.8
  fold 191: auto_arima -> order=(2, 0, 0) seasonal=(1, 0, 0, 24) intercept=True AIC=10553.7
  fold 208: auto_arima -> order=(2, 0, 1) seasonal=(2, 0, 0, 24) intercept=True AIC=10479.9
  fold 226: auto_arima -> order=(2, 0, 0) seasonal=(1, 0, 1, 24) intercept=True AIC=10571.2
  fold 244: auto_arima -> order=(0, 0, 3) seasonal=(2, 0, 0, 24) intercept=False AIC=10563.4
  candidate ((3, 0, 3), (1, 0, 1, 24), False): ok MAE=366.62
  candidate ((1, 0, 0), (1, 0, 1, 24), True): ok MAE=359.93
  candidate ((2, 0, 0), (1, 0, 0, 24), True): ok MAE=329.21
  candidate ((2, 0, 1), (2, 0, 0, 24), True): ok MAE=334.49
  candidate ((2, 0, 0), (1, 0, 1, 24), True): ok MAE=357.43
  candidate ((0, 0, 3), (2, 0, 0, 24), False): ok MAE=349.32

======================================================================
SELECTED: order=[2, 0, 0] seasonal_order=[1, 0, 0, 24] with_intercept=True (trend=c) | search MAE=329.21
======================================================================
----- BEGIN PARAMS JSON sarimax_best_params_london_clean_only_720_20261007_045557.json -----
{
  "city": "london",
  "scenario": "clean_only",
  "n_train_samples": 720,
  "tuning_period": {
    "first_timestamp": "2015-01-04T00:00:00",
    "last_timestamp": "2016-05-03T23:00:00"
  },
  "order": [
    2,
    0,
    0
  ],
  "seasonal_order": [
    1,
    0,
    0,
    24
  ],
  "with_intercept": true,
  "trend": "c",
  "covariates_used": [
    "t1",
    "hum",
    "wind_speed",
    "solar_radiation_wm2",
    "precipitation_mm",
    "snow_depth_cm",
    "visibility_km",
    "is_holiday",
    "season"
  ],
  "m": 24,
  "tuning": {
    "search_type": "auto_arima candidates (stepwise AIC per candidate fold), selected by mean MAE of the experiment model on all tune folds",
    "tune_folds": 90,
    "scoring_folds": 90,
    "candidate_folds": 6,
    "candidate_fold_indices": [
      155,
      173,
      191,
      208,
      226,
      244
    ],
    "metric_optimized": "MAE",
    "best_tune_mae_mean": 329.2053491540855,
    "best_tune_rmse_mean": 464.40699669656914,
    "auto_arima_kwargs": {
      "seasonal": true,
      "m": 24,
      "stepwise": true,
      "suppress_warnings": true,
      "error_action": "ignore",
      "max_p": 5,
      "max_q": 3,
      "max_P": 2,
      "max_Q": 2,
      "max_order": 8,
      "information_criterion": "aic"
    },
    "candidates": [
      {
        "order": [
          3,
          0,
          3
        ],
        "seasonal_order": [
          1,
          0,
          1,
          24
        ],
        "with_intercept": false,
        "found_on_folds": [
          155
        ],
        "aic_on_found_folds": [
          10641.533468538131
        ],
        "trend": "n",
        "status": "ok",
        "fold_mae": [
          106.73374357496958,
          219.68222966219946,
          461.2816252659981,
          411.466066774952,
          774.8569830569301,
          295.72485995643007,
          232.25030306327892,
          254.1129453880319,
          137.28532418248665,
          362.3368528202934,
          296.09731472179254,
          601.070566917323,
          185.69715709845454,
          227.9739763242776,
          403.41338834123343,
          87.48442789855567,
          501.2894738012207,
          407.1379080272383,
          354.54238244602635,
          234.21010103750942,
          215.92686217683743,
          219.4490025130422,
          133.92462218759044,
          481.78623957696135,
          383.7803394572077,
          449.7180837066885,
          242.98238533276154,
          296.47120113455554,
          212.63543675660068,
          167.8117548633537,
          406.3385497457485,
          537.5065571258491,
          396.46739176599584,
          251.8979161579263,
          357.5073771565153,
          168.33904642494792,
          261.1096278804619,
          544.6160548840327,
          551.1850004258472,
          360.8197895900312,
          297.5240484931889,
          361.60211233302,
          273.17918973750494,
          113.41406346920571,
          444.6209171779953,
          449.28115902100376,
          354.9418109220892,
          183.86571597087814,
          236.36198136405937,
          241.7599736670254,
          765.0586706723616,
          754.2255551208085,
          482.6150935345281,
          250.56697878076432,
          455.2031826607854,
          297.1175074994427,
          214.14408631569913,
          163.81093582290626,
          842.6382793057996,
          436.04282634564834,
          768.9922994485264,
          279.9033864420759,
          251.6522155976636,
          179.74658131119313,
          263.3008601831813,
          406.8931602241719,
          404.54933004783896,
          974.5547561259846,
          279.9765909145546,
          330.24350262738966,
          270.53651460421867,
          419.0113579350062,
          472.6259976623821,
          361.1519693858815,
          855.0566090967656,
          218.78256778066012,
          468.6054624962208,
          194.19296502592837,
          362.02653919197945,
          337.28103857364795,
          180.10118504878665,
          700.1266931085661,
          277.9561691513375,
          260.4675874774063,
          228.14347630182093,
          297.9263410513365,
          546.0067763570125,
          294.75576920595176,
          436.65646362372325,
          861.7376718598788
        ],
        "mae_mean": 366.62063105886625,
        "rmse_mean": 505.41257825655754,
        "non_converged_folds": 0
      },
      {
        "order": [
          1,
          0,
          0
        ],
        "seasonal_order": [
          1,
          0,
          1,
          24
        ],
        "with_intercept": true,
        "found_on_folds": [
          173
        ],
        "aic_on_found_folds": [
          10620.821005875903
        ],
        "trend": "c",
        "status": "ok",
        "fold_mae": [
          180.3844824977082,
          185.9625392323162,
          438.3408532728649,
          212.3925628051721,
          759.0470124777606,
          278.49609611529036,
          236.75903212850304,
          172.3712895745982,
          142.55851929638388,
          443.53062845513364,
          287.4898670585971,
          567.3080538873319,
          322.02005256434853,
          320.8519904261412,
          243.7888451661953,
          202.82418240525644,
          353.6197761421576,
          373.5449917923279,
          630.1791267860049,
          307.9499198148205,
          262.0679254664622,
          265.59341704452186,
          130.77126807918555,
          457.33885743788034,
          168.8793529566385,
          637.9987611522655,
          257.63025948661425,
          219.7635779543316,
          235.88748248759688,
          116.69452368690936,
          458.4267870173298,
          184.82077617572168,
          645.1338611350494,
          251.0289178824252,
          244.27301213380406,
          254.59660596115677,
          240.64538461766165,
          555.3505882165174,
          559.0694568179774,
          695.0663028320265,
          276.62456501932263,
          360.62469280739356,
          236.46215818501835,
          116.81685336710912,
          512.334359915242,
          148.79259090303484,
          523.8356217776228,
          204.9044140528844,
          262.1448555061496,
          265.8286156712245,
          647.9611011063581,
          776.8052325452114,
          618.5847505897727,
          220.7005151940834,
          473.7853219510066,
          233.7105192772583,
          221.73318714986485,
          187.9219298248014,
          852.0814971897134,
          368.2541479459481,
          697.2097700836492,
          351.9125536682365,
          194.83018473558454,
          219.66168118382768,
          224.9958821231362,
          501.9826756065648,
          307.33253066106073,
          806.6838297145163,
          396.5634722039055,
          486.1046515920396,
          238.80083011652292,
          378.717929165974,
          392.04256379885584,
          294.68902284526513,
          817.5345866968322,
          239.93259053636044,
          281.09278254083716,
          167.30179737414701,
          366.1898437987714,
          399.13494417057063,
          194.7473850383263,
          614.4388786064044,
          159.7035480023221,
          313.7068787056092,
          138.4535520620952,
          263.74377968684104,
          561.5782750608685,
          303.26981948573024,
          247.8742409907437,
          823.5426230700617
        ],
        "mae_mean": 359.9348552638408,
        "rmse_mean": 510.9061830708957,
        "non_converged_folds": 0
      },
      {
        "order": [
          2,
          0,
          0
        ],
        "seasonal_order": [
          1,
          0,
          0,
          24
        ],
        "with_intercept": true,
        "found_on_folds": [
          191
        ],
        "aic_on_found_folds": [
          10553.679319183899
        ],
        "trend": "c",
        "status": "ok",
        "fold_mae": [
          173.51953130235916,
          169.7775631680438,
          478.3989499250019,
          163.3782293887294,
          818.1038319522863,
          253.37210459540447,
          134.01838566465705,
          177.52342317719572,
          124.29910055777668,
          463.87117162669733,
          205.21924546238597,
          597.1558433518959,
          184.08746253363688,
          242.16654993378643,
          199.3056601062792,
          139.70312270249372,
          412.78822967174494,
          314.1777760810572,
          604.4199315147174,
          269.3152307119117,
          145.7263811276191,
          141.9342425970689,
          130.27320334178606,
          459.06079622531666,
          182.82902354665828,
          675.4164031034339,
          226.3870467731051,
          173.1296573196323,
          140.50682121880718,
          188.73015338574157,
          466.2148081036136,
          214.70618343254714,
          666.9555737435628,
          203.65462428061224,
          171.86493347170992,
          266.56058203608546,
          215.97716843707812,
          634.371778525679,
          244.4519196038475,
          722.8260511862586,
          193.45392562537404,
          145.37764325615814,
          176.68815333146043,
          121.25081308568201,
          442.3435291008994,
          173.5210942456871,
          647.8116501270464,
          199.27260973808566,
          101.32400175460084,
          259.8751459189233,
          675.693173288605,
          303.41068823079905,
          422.3318972098199,
          181.02656166118945,
          407.9750976464823,
          314.44276370176357,
          168.15333216234157,
          153.96802461151574,
          872.9815088707429,
          245.92006227205525,
          778.6421206562469,
          282.20182409990935,
          139.10678584617088,
          188.3205240456457,
          192.4124924956792,
          488.9921247607072,
          253.05015917362337,
          864.2709955480371,
          290.83581621194577,
          237.73196306295813,
          227.7357149022392,
          447.9312830151455,
          343.0507842194764,
          340.5090781812119,
          808.4528902507092,
          342.4241308965489,
          256.9335396894738,
          153.6125234083112,
          406.3948684669097,
          341.6074854497959,
          185.497711741605,
          643.2259558001172,
          269.4427968889857,
          206.92783355460597,
          167.65168692516673,
          269.06112557643877,
          471.0128948258907,
          258.60264062317384,
          356.08648151900417,
          813.754821304503
        ],
        "mae_mean": 329.2053491540855,
        "rmse_mean": 464.40699669656914,
        "non_converged_folds": 0
      },
      {
        "order": [
          2,
          0,
          1
        ],
        "seasonal_order": [
          2,
          0,
          0,
          24
        ],
        "with_intercept": true,
        "found_on_folds": [
          208
        ],
        "aic_on_found_folds": [
          10479.945821735704
        ],
        "trend": "c",
        "status": "ok",
        "fold_mae": [
          186.44404318861257,
          179.4857061903409,
          454.291211253982,
          164.73003254028714,
          808.313572062702,
          240.47973762213883,
          143.55487845629017,
          201.94115218980014,
          145.34822842106027,
          435.53501206447663,
          213.4349841051088,
          624.1433152086502,
          151.66155161313415,
          263.1122443805403,
          232.75149687619,
          157.5186467815723,
          416.0705649341718,
          323.1614011148689,
          602.7435812860697,
          307.19392604039064,
          140.93339654857874,
          139.18099741626733,
          127.49659355338413,
          460.250753200378,
          186.16940697826314,
          695.7255694987874,
          264.7505303317793,
          188.170307988843,
          128.3666004435457,
          191.50634147387072,
          467.1843419455756,
          230.7793938290691,
          669.0779534300028,
          234.7512034305851,
          199.6278962463505,
          246.93693194506105,
          221.0977064423438,
          639.7056376007723,
          256.1136120958296,
          731.8056698133286,
          188.84226664784146,
          143.42460753338187,
          168.2117105056587,
          153.9069550677012,
          460.62204674936606,
          191.34991614646506,
          646.7492819446898,
          199.57094608511423,
          155.68581252819607,
          259.97218933254265,
          706.3626139687468,
          392.3582475627234,
          410.9964512932229,
          226.98222035839763,
          427.85739902101847,
          314.1707062590673,
          181.65402336427303,
          175.00644250479445,
          862.8295017401994,
          270.2258016940648,
          752.0502366624556,
          298.87709334810074,
          149.7230485963322,
          176.9545746579619,
          213.6465359784793,
          488.61049883490745,
          268.4916329742129,
          857.2974154254792,
          283.54540514736357,
          253.35006480275047,
          251.72816821448023,
          464.00300353649453,
          326.4991668870864,
          305.3197376807747,
          817.7279126888424,
          234.7820168507121,
          274.61221090073656,
          183.66628328601584,
          404.7804637553222,
          398.7901433963939,
          169.49936380901315,
          645.1777891927226,
          215.6213815268712,
          217.4616885466413,
          192.07160177185156,
          287.82442336685654,
          455.3294164136878,
          244.05557733466026,
          283.1813589856962,
          781.3486852273941
        ],
        "mae_mean": 334.4928018961196,
        "rmse_mean": 467.0405393278643,
        "non_converged_folds": 1
      },
      {
        "order": [
          2,
          0,
          0
        ],
        "seasonal_order": [
          1,
          0,
          1,
          24
        ],
        "with_intercept": true,
        "found_on_folds": [
          226
        ],
        "aic_on_found_folds": [
          10571.159652098111
        ],
        "trend": "c",
        "status": "ok",
        "fold_mae": [
          163.4528398395942,
          179.8742312763902,
          428.1434595048606,
          222.95655069474157,
          762.9738938348332,
          247.29276749067762,
          214.4516481090145,
          186.9955436715467,
          133.2671595584561,
          432.6758239057874,
          266.00789732071513,
          592.6969246281164,
          151.02297849700665,
          307.9232950389313,
          269.3171354894585,
          201.00997198014252,
          388.53631301869245,
          367.55735534548467,
          613.0908223231953,
          304.99540988974655,
          279.3607576938379,
          192.72207348559206,
          187.5304884328576,
          484.1145198623814,
          496.15100617072943,
          319.0664036800052,
          264.58686055023986,
          478.5636633178222,
          291.8723122255605,
          166.9505138209046,
          425.7180335084761,
          530.1382162113525,
          287.08646154353,
          261.27160763046953,
          311.13549117506574,
          211.5689051656228,
          237.33600987069258,
          510.86305054706736,
          533.8942282010382,
          354.0032814016199,
          313.6985662364413,
          379.84255221003247,
          269.2234983225118,
          128.80339644094917,
          508.0967866163505,
          556.9945202893988,
          571.562330364267,
          194.00430446649116,
          257.08676670448784,
          276.52911349836046,
          769.5073846829847,
          672.082228306304,
          515.8961314056995,
          239.8109244872879,
          460.32936572043644,
          248.27161591234253,
          213.81966651209083,
          179.66344030983603,
          850.5546561772011,
          317.24443629937883,
          712.737051326916,
          332.9643977102844,
          193.5330151994218,
          210.34374279497294,
          205.1784089522491,
          486.12661858471483,
          301.40176731581874,
          898.4096289338107,
          310.4312447449003,
          281.9503261383856,
          242.2623006296485,
          429.5892154220781,
          331.2873216158204,
          303.26194368752385,
          836.9748817394208,
          171.25134385580563,
          265.08532600935104,
          165.56717989889202,
          388.1219768572307,
          352.6580091739811,
          207.84414381433544,
          617.6522811987808,
          219.7311682065429,
          276.0213939453191,
          172.962611142563,
          284.4184412210984,
          462.6583238990276,
          265.300902300162,
          274.8937973178626,
          787.0585632451656
        ],
        "mae_mean": 357.43194353063546,
        "rmse_mean": 503.9884720305258,
        "non_converged_folds": 0
      },
      {
        "order": [
          0,
          0,
          3
        ],
        "seasonal_order": [
          2,
          0,
          0,
          24
        ],
        "with_intercept": false,
        "found_on_folds": [
          244
        ],
        "aic_on_found_folds": [
          10563.360519522412
        ],
        "trend": "n",
        "status": "ok",
        "fold_mae": [
          118.38259894265457,
          171.79853203120265,
          439.40637649390857,
          158.69327799188363,
          863.768730048367,
          295.8321900950311,
          160.91190876988222,
          168.54812661967134,
          124.88064522148836,
          404.7137905166547,
          250.6280513471013,
          555.3105213965429,
          172.31962985858,
          197.0403429657671,
          278.9009908699232,
          171.0257708953492,
          508.62186936447324,
          327.9469107297321,
          597.8452699367059,
          285.579182413404,
          174.16206865728782,
          141.6486981370382,
          127.78557408577906,
          422.157779598216,
          148.8030820258341,
          683.937582519753,
          189.15283329580345,
          263.3826699094227,
          173.87617401931183,
          201.0380607532194,
          424.50557809521814,
          210.25645252359746,
          668.3169520659426,
          203.3836227511007,
          214.5571951346502,
          314.4433893501271,
          183.6721356613899,
          650.8031537840344,
          271.51602555433124,
          715.5265883583892,
          194.4923880266375,
          255.18591167514,
          137.59499915683924,
          121.24361546562541,
          443.88728933285796,
          226.47661082829237,
          660.4029106654094,
          227.98280595414326,
          136.41051844929487,
          266.0582595589204,
          792.2007102894919,
          476.491566995367,
          411.2948489073955,
          221.23887064032155,
          436.98058864082236,
          299.05461518522384,
          206.05154590984333,
          153.41815162878467,
          852.1636717362361,
          275.3061018440531,
          815.928391708926,
          298.5162041769968,
          221.26420889832434,
          184.50255618662638,
          250.7531176876939,
          440.66990167589773,
          378.6731291818499,
          949.1277236994434,
          316.3756099287207,
          279.2096334268547,
          270.16990996991245,
          416.5045746947058,
          462.76115815828643,
          398.5828064839805,
          822.4402038186458,
          290.8959892042876,
          448.8012947897257,
          174.53506375584948,
          350.3562382955406,
          419.04606460737824,
          150.5851586832902,
          694.9511042723743,
          292.00112258207963,
          209.6146190842702,
          219.0410104450771,
          294.65919063539366,
          515.7354816161155,
          237.16482570630373,
          398.6564555849411,
          808.1832432239189
        ],
        "mae_mean": 349.3191367318098,
        "rmse_mean": 491.4912763790275,
        "non_converged_folds": 0
      }
    ]
  },
  "provenance": {
    "git_commit": "code:cc7732c995c45968",
    "git_dirty": null,
    "library_versions": {
      "python": "3.11.2",
      "numpy": "1.26.4",
      "pandas": "2.3.3",
      "scikit-learn": "1.6.1",
      "statsmodels": "0.14.6",
      "pmdarima": "2.1.1",
      "xgboost": "3.1.3",
      "optuna": "4.7.0",
      "prophet": "1.3.0",
      "neuralprophet": "0.9.0",
      "torch": "2.9.1",
      "tabpfn": "6.4.1",
      "tabpfn-time-series": "1.0.9",
      "timesfm (.timesfm_venv)": "3.0.2"
    }
  }
}
----- END PARAMS JSON sarimax_best_params_london_clean_only_720_20261007_045557.json -----

Results saved to: results/tuning/sarimax_best_params_london_clean_only_720_20261007_045557.json
  --> config.sarimax_params_file = 'results/tuning/sarimax_best_params_london_clean_only_720_20261007_045557.json'

======================================================================
ALL TUNING COMPLETE
======================================================================
[W1007 04:55:58.964258054 AllocatorConfig.cpp:28] Warning: PYTORCH_CUDA_ALLOC_CONF is deprecated, use PYTORCH_ALLOC_CONF instead (function operator())
Finished: 2026-10-07 04:55:58
New params file (set as sarimax_params_file in forecasting/config_london.py):
results/tuning/sarimax_best_params_london_clean_only_720_20261007_045557.json
