Job 202 | sarimax | seoul | DAH2 | CPUs 4 | 2026-10-01 17:02:34
Commit: unknown

======================================================================
TUNING SARIMAX FOR: SEOUL
======================================================================
Loaded 8760 observations for seoul
======================================================================
SARIMAX TUNING | city=seoul | horizon=24h | scenario=clean_only | m=24
======================================================================
Cutoff date (held-out test start): 2018-03-30 23:00:00
Candidate folds (auto_arima): [0, 18, 36, 53, 71, 89] | scoring folds: all 90 tune folds
Covariates (9): ['Temperature', 'Humidity', 'Wind speed', 'Solar Radiation', 'Rainfall', 'Snowfall', 'Visibility', 'Holiday', 'Seasons']
  fold 0: auto_arima -> order=(0, 1, 3) seasonal=(2, 0, 0, 24) intercept=False AIC=8297.0
  fold 18: auto_arima -> order=(3, 0, 0) seasonal=(1, 0, 0, 24) intercept=True AIC=7940.5
  fold 36: auto_arima -> order=(2, 0, 0) seasonal=(1, 0, 0, 24) intercept=True AIC=7808.7
  fold 53: auto_arima -> order=(1, 0, 0) seasonal=(1, 0, 0, 24) intercept=True AIC=7858.5
  fold 71: auto_arima -> order=(2, 0, 0) seasonal=(2, 0, 0, 24) intercept=True AIC=8586.4
  fold 89: auto_arima -> order=(1, 0, 1) seasonal=(2, 0, 0, 24) intercept=True AIC=9161.7
  candidate ((0, 1, 3), (2, 0, 0, 24), False): ok MAE=116.68
  candidate ((3, 0, 0), (1, 0, 0, 24), True): ok MAE=97.63
  candidate ((2, 0, 0), (1, 0, 0, 24), True): ok MAE=96.85
  candidate ((1, 0, 0), (1, 0, 0, 24), True): ok MAE=96.59
  candidate ((2, 0, 0), (2, 0, 0, 24), True): ok MAE=97.29
  candidate ((1, 0, 1), (2, 0, 0, 24), True): ok MAE=97.06

======================================================================
SELECTED: order=[1, 0, 0] seasonal_order=[1, 0, 0, 24] with_intercept=True (trend=c) | search MAE=96.59
======================================================================

Results saved to: results/tuning/sarimax_best_params_seoul_clean_only_720_20261001_215224.json
  --> config.sarimax_params_file = 'results/tuning/sarimax_best_params_seoul_clean_only_720_20261001_215224.json'

======================================================================
ALL TUNING COMPLETE
======================================================================
[W1001 21:52:25.066575218 AllocatorConfig.cpp:28] Warning: PYTORCH_CUDA_ALLOC_CONF is deprecated, use PYTORCH_ALLOC_CONF instead (function operator())
Finished: 2026-10-01 21:52:25
