Job 237 | neuralprophet | washington | DAH2 | CPUs 4 | 2026-10-03 00:31:06
Commit: unknown

======================================================================
TUNING NEURALPROPHET FOR: WASHINGTON
======================================================================

Loading data for washington...
Loaded 17544 observations
======================================================================
NEURALPROPHET TUNING | city=washington | horizon=24h | scenario=clean_only
======================================================================
Trials: 20
Search folds: 6 spread over 90 tune folds: [155, 173, 191, 208, 226, 244]
n_lags_options: [12, 24, 48, 168]
Cutoff date: 2012-04-30 23:00:00
Tune obs: 11664
Covariates (9): ['temperature_c', 'humidity_percent', 'wind_speed_ms', 'solar_radiation_wm2', 'precipitation_mm', 'snow_depth_cm', 'visibility_km', 'holiday', 'season']
======================================================================
Importing plotly failed. Interactive plots will not work.
Importing plotly failed. Interactive plots will not work.
[   1/20] MAE=71.30 RMSE=93.87 | lr=0.02098 n_lags=48 *
[   2/20] MAE=68.82 RMSE=87.72 | lr=0.03765 n_lags=24 *
[   3/20] MAE=78.68 RMSE=106.08 | lr=0.01236 n_lags=12
[   4/20] MAE=78.06 RMSE=106.75 | lr=0.08450 n_lags=12
[   5/20] MAE=71.53 RMSE=93.92 | lr=0.01921 n_lags=48
[   6/20] MAE=155.47 RMSE=197.77 | lr=0.00024 n_lags=168
[   7/20] MAE=67.91 RMSE=87.13 | lr=0.00224 n_lags=48 *
[   8/20] MAE=70.22 RMSE=91.80 | lr=0.06030 n_lags=24
[   9/20] MAE=66.61 RMSE=82.46 | lr=0.00854 n_lags=24 *
[  10/20] MAE=61.98 RMSE=76.73 | lr=0.00214 n_lags=168 *
[  11/20] MAE=146.97 RMSE=184.19 | lr=0.00048 n_lags=12
[  12/20] MAE=247.87 RMSE=300.60 | lr=0.00016 n_lags=48
[  13/20] MAE=67.07 RMSE=85.28 | lr=0.03040 n_lags=24
[  14/20] MAE=71.50 RMSE=93.89 | lr=0.01880 n_lags=48
slurmstepd-DAH2: error: *** JOB 237 ON DAH2 CANCELLED AT 2026-10-03T00:46:31 ***
