Job 276 | prophet | seoul | DAH2 | CPUs 4 | 2026-10-03 12:45:41
Commit: unknown

======================================================================
TUNING PROPHET FOR: SEOUL
======================================================================

Loading data for seoul...
Loaded 8760 observations
======================================================================
PROPHET TUNING (random search) | city=seoul | horizon=24h
======================================================================
Trials: 50
Folds: 90 (90)
Cutoff date (held-out test start): 2018-03-30 23:00:00
Tuning on 2880 observations (pre-cutoff)
n_train_samples: 720
======================================================================
[   1/50] MAE=117.52 RMSE=152.95 | cps=0.1227 sps=0.2073 mode=multiplicative
[   2/50] MAE=123.97 RMSE=159.22 | cps=0.0762 sps=0.0192 mode=additive
[   3/50] MAE=127.80 RMSE=161.07 | cps=0.4297 sps=1.9205 mode=additive
[   4/50] MAE=118.08 RMSE=155.03 | cps=0.0022 sps=0.2245 mode=additive
[   5/50] MAE=118.37 RMSE=155.49 | cps=0.0100 sps=6.0297 mode=additive
[   6/50] MAE=124.35 RMSE=158.55 | cps=0.1662 sps=0.2139 mode=additive
[   7/50] MAE=118.08 RMSE=155.08 | cps=0.0041 sps=0.4611 mode=additive
[   8/50] MAE=118.19 RMSE=153.47 | cps=0.1713 sps=0.7852 mode=multiplicative
[   9/50] MAE=117.13 RMSE=152.72 | cps=0.1112 sps=0.1158 mode=multiplicative
[  10/50] MAE=125.14 RMSE=159.03 | cps=0.2573 sps=2.1635 mode=additive
[  20/50] MAE=134.93 RMSE=168.54 | cps=0.0695 sps=0.0263 mode=multiplicative
[  30/50] MAE=120.53 RMSE=156.92 | cps=0.0043 sps=0.0150 mode=additive
[  40/50] MAE=117.66 RMSE=155.11 | cps=0.0021 sps=7.6859 mode=multiplicative
[  50/50] MAE=157.52 RMSE=193.70 | cps=0.0133 sps=0.0133 mode=multiplicative

======================================================================
BEST PARAMETERS FOUND
======================================================================
Tuning MAE=112.32  RMSE=150.53
{
  "changepoint_prior_scale": 0.002724380067393038,
  "seasonality_prior_scale": 0.31851825318743254,
  "seasonality_mode": "multiplicative"
}

Validating on 90 folds...
  Fold 0: MAE=59.3, RMSE=69.6
  Fold 1: MAE=58.8, RMSE=68.9
  Fold 2: MAE=100.3, RMSE=144.8
  Fold 3: MAE=93.2, RMSE=140.5
  Fold 4: MAE=57.1, RMSE=96.6
  Fold 5: MAE=71.2, RMSE=103.8
  Fold 6: MAE=64.7, RMSE=73.3
  Fold 7: MAE=86.8, RMSE=98.7
  Fold 8: MAE=96.9, RMSE=137.8
  Fold 9: MAE=55.8, RMSE=84.4
  Fold 10: MAE=89.0, RMSE=97.1
  Fold 11: MAE=107.8, RMSE=116.1
  Fold 12: MAE=131.9, RMSE=140.8
  Fold 13: MAE=72.3, RMSE=92.6
  Fold 14: MAE=57.2, RMSE=67.3
  Fold 15: MAE=82.7, RMSE=103.8
  Fold 16: MAE=65.4, RMSE=103.6
  Fold 17: MAE=50.4, RMSE=73.0
  Fold 18: MAE=45.6, RMSE=70.5
  Fold 19: MAE=63.1, RMSE=100.6
  Fold 20: MAE=64.6, RMSE=75.7
  Fold 21: MAE=70.5, RMSE=80.9
  Fold 22: MAE=107.9, RMSE=155.2
  Fold 23: MAE=98.9, RMSE=106.0
  Fold 24: MAE=109.3, RMSE=119.2
  Fold 25: MAE=95.6, RMSE=103.3
  Fold 26: MAE=107.2, RMSE=116.9
  Fold 27: MAE=49.4, RMSE=63.9
  Fold 28: MAE=53.9, RMSE=61.6
  Fold 29: MAE=43.5, RMSE=69.3
  Fold 30: MAE=74.8, RMSE=105.1
  Fold 31: MAE=44.0, RMSE=57.7
  Fold 32: MAE=84.6, RMSE=113.3
  Fold 33: MAE=95.9, RMSE=134.5
  Fold 34: MAE=38.3, RMSE=46.5
  Fold 35: MAE=44.0, RMSE=56.4
  Fold 36: MAE=41.5, RMSE=62.9
  Fold 37: MAE=38.5, RMSE=63.7
  Fold 38: MAE=63.1, RMSE=91.7
  Fold 39: MAE=78.2, RMSE=110.8
  Fold 40: MAE=86.0, RMSE=127.9
  Fold 41: MAE=59.2, RMSE=66.8
  Fold 42: MAE=40.5, RMSE=50.8
  Fold 43: MAE=54.6, RMSE=87.5
  Fold 44: MAE=109.2, RMSE=144.0
  Fold 45: MAE=115.1, RMSE=150.7
  Fold 46: MAE=67.4, RMSE=86.7
  Fold 47: MAE=117.1, RMSE=131.0
  Fold 48: MAE=62.3, RMSE=79.4
  Fold 49: MAE=77.4, RMSE=100.4
  Fold 50: MAE=125.5, RMSE=174.6
  Fold 51: MAE=94.5, RMSE=137.4
  Fold 52: MAE=64.4, RMSE=109.9
  Fold 53: MAE=70.1, RMSE=120.4
  Fold 54: MAE=74.1, RMSE=93.4
  Fold 55: MAE=86.2, RMSE=99.0
  Fold 56: MAE=112.2, RMSE=145.5
  Fold 57: MAE=89.8, RMSE=136.0
  Fold 58: MAE=90.3, RMSE=123.2
  Fold 59: MAE=235.0, RMSE=317.0
  Fold 60: MAE=95.6, RMSE=125.4
  Fold 61: MAE=95.7, RMSE=126.3
  Fold 62: MAE=267.5, RMSE=379.4
  Fold 63: MAE=122.1, RMSE=159.2
  Fold 64: MAE=131.0, RMSE=168.4
  Fold 65: MAE=141.5, RMSE=190.3
  Fold 66: MAE=130.0, RMSE=216.3
  Fold 67: MAE=148.7, RMSE=189.8
  Fold 68: MAE=98.6, RMSE=181.5
  Fold 69: MAE=124.8, RMSE=158.9
  Fold 70: MAE=190.9, RMSE=278.0
  Fold 71: MAE=122.1, RMSE=188.4
  Fold 72: MAE=209.2, RMSE=258.3
  Fold 73: MAE=311.0, RMSE=438.9
  Fold 74: MAE=261.0, RMSE=308.7
  Fold 75: MAE=139.6, RMSE=209.4
  Fold 76: MAE=206.8, RMSE=260.6
  Fold 77: MAE=261.1, RMSE=349.1
  Fold 78: MAE=234.0, RMSE=334.0
  Fold 79: MAE=294.8, RMSE=340.6
  Fold 80: MAE=360.9, RMSE=428.9
  Fold 81: MAE=149.2, RMSE=225.5
  Fold 82: MAE=106.7, RMSE=170.9
  Fold 83: MAE=182.4, RMSE=235.6
  Fold 84: MAE=135.1, RMSE=171.5
  Fold 85: MAE=122.4, RMSE=169.2
  Fold 86: MAE=172.8, RMSE=208.7
  Fold 87: MAE=214.4, RMSE=316.0
  Fold 88: MAE=216.3, RMSE=291.2
  Fold 89: MAE=118.6, RMSE=208.1

Validation results:
  MAE:  112.32 ± 66.99
  RMSE: 150.53 ± 88.07

Results saved to: results/tuning/prophet_best_params_seoul_720_20261003_125052.json
  --> config.prophet_params_file = 'results/tuning/prophet_best_params_seoul_720_20261003_125052.json'

======================================================================
ALL TUNING COMPLETE
======================================================================
[W1003 12:50:53.506445584 AllocatorConfig.cpp:28] Warning: PYTORCH_CUDA_ALLOC_CONF is deprecated, use PYTORCH_ALLOC_CONF instead (function operator())
Finished: 2026-10-03 12:50:53
