Job 215 | neuralprophet | london | DAH2 | CPUs 4 | 2026-10-01 17:31:04
Commit: unknown

======================================================================
TUNING NEURALPROPHET FOR: LONDON
======================================================================

Loading data for london...
Loaded 17544 observations
======================================================================
NEURALPROPHET TUNING | city=london | horizon=24h | scenario=clean_only
======================================================================
Trials: 20
Search folds: 6 spread over 90 tune folds: [155, 173, 191, 208, 226, 244]
n_lags_options: [12, 24, 48, 168]
Cutoff date: 2016-05-03 23:00:00
Tune obs: 11664
Covariates (9): ['t1', 'hum', 'wind_speed', 'solar_radiation_wm2', 'rainfall_mm', 'snowfall_cm', 'visibility_km', 'is_holiday', 'season']
======================================================================
Importing plotly failed. Interactive plots will not work.
Importing plotly failed. Interactive plots will not work.
[   1/20] MAE=370.38 RMSE=490.34 | lr=0.02098 n_lags=48 *
[   2/20] MAE=385.26 RMSE=491.85 | lr=0.03765 n_lags=24
[   3/20] MAE=377.38 RMSE=500.34 | lr=0.01236 n_lags=12
[   4/20] MAE=398.19 RMSE=515.85 | lr=0.08450 n_lags=12
[   5/20] MAE=371.36 RMSE=492.46 | lr=0.01921 n_lags=48
[   6/20] MAE=868.28 RMSE=1056.70 | lr=0.00024 n_lags=168
[   7/20] MAE=499.20 RMSE=627.27 | lr=0.00224 n_lags=48
[   8/20] MAE=393.58 RMSE=497.20 | lr=0.06030 n_lags=24
[   9/20] MAE=404.60 RMSE=518.18 | lr=0.00854 n_lags=24
[  10/20] MAE=316.02 RMSE=433.93 | lr=0.00214 n_lags=168 *
[  11/20] MAE=637.15 RMSE=841.21 | lr=0.00048 n_lags=12
[  12/20] MAE=1273.81 RMSE=1675.64 | lr=0.00016 n_lags=48
[  13/20] MAE=383.66 RMSE=490.79 | lr=0.03040 n_lags=24
[  14/20] MAE=371.61 RMSE=492.97 | lr=0.01880 n_lags=48
[  15/20] MAE=519.61 RMSE=675.44 | lr=0.00116 n_lags=12
[  16/20] MAE=389.84 RMSE=512.40 | lr=0.04779 n_lags=168
[  17/20] MAE=367.24 RMSE=484.23 | lr=0.02163 n_lags=168
[  18/20] MAE=456.10 RMSE=606.35 | lr=0.00251 n_lags=12
[  19/20] MAE=1362.46 RMSE=1786.59 | lr=0.00014 n_lags=48
[  20/20] MAE=376.71 RMSE=500.55 | lr=0.01120 n_lags=12

======================================================================
BEST PARAMETERS FROM SEARCH
======================================================================
Search MAE=316.02  RMSE=433.93
{
  "learning_rate": 0.0021391566866988724,
  "n_lags": 168
}

Results saved to: results/tuning/neuralprophet_best_params_london_clean_only_720_20261001_175145.json
  --> config.neuralprophet_params_file = 'results/tuning/neuralprophet_best_params_london_clean_only_720_20261001_175145.json'

======================================================================
ALL TUNING COMPLETE
======================================================================
[W1001 17:51:46.385916607 AllocatorConfig.cpp:28] Warning: PYTORCH_CUDA_ALLOC_CONF is deprecated, use PYTORCH_ALLOC_CONF instead (function operator())
Finished: 2026-10-01 17:51:46
