Job 264 | arima | seoul | DAH2 | CPUs 4 | 2026-10-03 12:44:41
Commit: unknown

======================================================================
TUNING ARIMA FOR: SEOUL
======================================================================
Loaded 8760 observations for seoul
======================================================================
ARIMA TUNING | city=seoul | horizon=24h
======================================================================
Cutoff date (held-out test start): 2018-03-30 23:00:00
Candidate folds (auto_arima): [0, 18, 36, 53, 71, 89] | scoring folds: all 90 tune folds
Covariates (0): []
  fold 0: auto_arima -> order=(1, 1, 3) seasonal=(0, 0, 0, 0) intercept=False AIC=8621.8
  fold 18: auto_arima -> order=(4, 0, 0) seasonal=(0, 0, 0, 0) intercept=True AIC=8405.3
  fold 36: auto_arima -> order=(1, 1, 2) seasonal=(0, 0, 0, 0) intercept=False AIC=8241.3
  fold 53: auto_arima -> order=(0, 1, 0) seasonal=(0, 0, 0, 0) intercept=False AIC=8459.5
  fold 71: auto_arima -> order=(5, 1, 1) seasonal=(0, 0, 0, 0) intercept=False AIC=8891.8
  fold 89: auto_arima -> order=(2, 1, 2) seasonal=(0, 0, 0, 0) intercept=False AIC=9573.8
  candidate ((1, 1, 3), (0, 0, 0, 0), False): ok MAE=169.44
  candidate ((4, 0, 0), (0, 0, 0, 0), True): ok MAE=167.24
  candidate ((1, 1, 2), (0, 0, 0, 0), False): ok MAE=159.94
  candidate ((0, 1, 0), (0, 0, 0, 0), False): ok MAE=173.07
  candidate ((5, 1, 1), (0, 0, 0, 0), False): ok MAE=162.84
  candidate ((2, 1, 2), (0, 0, 0, 0), False): ok MAE=167.90

======================================================================
SELECTED: order=[1, 1, 2] with_intercept=False (trend=n) | search MAE=159.94
======================================================================

Results saved to: results/tuning/arima_best_params_seoul_720_20261003_124627.json
  --> config.arima_params_file = 'results/tuning/arima_best_params_seoul_720_20261003_124627.json'

======================================================================
ALL TUNING COMPLETE
======================================================================
[W1003 12:46:28.361778638 AllocatorConfig.cpp:28] Warning: PYTORCH_CUDA_ALLOC_CONF is deprecated, use PYTORCH_ALLOC_CONF instead (function operator())
Finished: 2026-10-03 12:46:28
