Job 205 | xgboost | seoul | DAH2 | CPUs 8 | 2026-10-01 17:02:34
Commit: unknown

======================================================================
TUNING XGBOOST FOR: SEOUL
======================================================================
Loaded 8760 observations for seoul
======================================================================
XGBOOST TUNING (Optuna TPE + early stopping) | city=seoul | horizon=24h | scenario=clean_only
======================================================================
Trials: 100
Tune folds: 90 (90)
n_lags_options: [12, 24, 48, 168]
Max train size: 8000
Early stopping rounds: 50 | Max estimators: 3000
Cutoff date (held-out test start): 2018-03-30 23:00:00
Tuning on 2880 observations (pre-cutoff)
n_train_samples: 720
Covariates used (9): ['Temperature', 'Humidity', 'Wind speed', 'Solar Radiation', 'Rainfall', 'Snowfall', 'Visibility', 'Holiday', 'Seasons']
======================================================================
  Trial   0/100 | MAE=107.12 | n_lags=168 | depth=12 | lr=0.0199 | avg_n_estimators=765
  Trial   1/100 | MAE=114.11 | n_lags=12 | depth=4 | lr=0.1078 | avg_n_estimators=209
  Trial   2/100 | MAE=111.27 | n_lags=48 | depth=10 | lr=0.0269 | avg_n_estimators=619
  Trial   3/100 | MAE=111.79 | n_lags=24 | depth=3 | lr=0.0154 | avg_n_estimators=1628
  Trial   4/100 | MAE=107.65 | n_lags=168 | depth=4 | lr=0.0376 | avg_n_estimators=554
  Trial   5/100 | MAE=113.77 | n_lags=24 | depth=4 | lr=0.0210 | avg_n_estimators=1279
  Trial   6/100 | MAE=119.18 | n_lags=12 | depth=10 | lr=0.0051 | avg_n_estimators=2856
  Trial   7/100 | MAE=110.70 | n_lags=48 | depth=5 | lr=0.0157 | avg_n_estimators=1371
  Trial   8/100 | MAE=110.87 | n_lags=12 | depth=6 | lr=0.0344 | avg_n_estimators=342
  Trial   9/100 | MAE=107.84 | n_lags=48 | depth=2 | lr=0.0116 | avg_n_estimators=1551
  Trial  10/100 | MAE=106.26 | n_lags=168 | depth=9 | lr=0.0184 | avg_n_estimators=1040
  Trial  11/100 | MAE=106.09 | n_lags=168 | depth=12 | lr=0.0095 | avg_n_estimators=1549
  Trial  12/100 | MAE=118.60 | n_lags=12 | depth=12 | lr=0.0065 | avg_n_estimators=2735
  Trial  13/100 | MAE=108.16 | n_lags=168 | depth=7 | lr=0.0109 | avg_n_estimators=1220
  Trial  14/100 | MAE=105.64 | n_lags=168 | depth=6 | lr=0.0055 | avg_n_estimators=2053
  Trial  15/100 | MAE=106.34 | n_lags=168 | depth=3 | lr=0.0090 | avg_n_estimators=1385
  Trial  16/100 | MAE=107.26 | n_lags=168 | depth=6 | lr=0.0242 | avg_n_estimators=808
  Trial  17/100 | MAE=121.32 | n_lags=12 | depth=5 | lr=0.0056 | avg_n_estimators=2870
  Trial  18/100 | MAE=108.64 | n_lags=24 | depth=8 | lr=0.0053 | avg_n_estimators=2776
  Trial  19/100 | MAE=95.88 | n_lags=168 | depth=9 | lr=0.0058 | avg_n_estimators=1421
  Trial  20/100 | MAE=97.03 | n_lags=168 | depth=10 | lr=0.0054 | avg_n_estimators=1341
  Trial  21/100 | MAE=97.44 | n_lags=168 | depth=11 | lr=0.0053 | avg_n_estimators=1304
  Trial  22/100 | MAE=95.55 | n_lags=168 | depth=9 | lr=0.0061 | avg_n_estimators=1273
  Trial  23/100 | MAE=99.72 | n_lags=48 | depth=8 | lr=0.0050 | avg_n_estimators=1575
  Trial  24/100 | MAE=97.97 | n_lags=168 | depth=6 | lr=0.0096 | avg_n_estimators=834
  Trial  25/100 | MAE=101.78 | n_lags=24 | depth=9 | lr=0.0119 | avg_n_estimators=1794
  Trial  26/100 | MAE=97.73 | n_lags=168 | depth=10 | lr=0.0077 | avg_n_estimators=1188
  Trial  27/100 | MAE=101.83 | n_lags=168 | depth=7 | lr=0.0144 | avg_n_estimators=869
  Trial  28/100 | MAE=98.36 | n_lags=168 | depth=9 | lr=0.0054 | avg_n_estimators=1466
  Trial  29/100 | MAE=103.41 | n_lags=24 | depth=8 | lr=0.0120 | avg_n_estimators=1072
  Trial  30/100 | MAE=96.71 | n_lags=168 | depth=10 | lr=0.0206 | avg_n_estimators=717
  Trial  31/100 | MAE=94.72 | n_lags=168 | depth=10 | lr=0.0559 | avg_n_estimators=318
  Trial  32/100 | MAE=98.72 | n_lags=168 | depth=10 | lr=0.0556 | avg_n_estimators=158
  Trial  33/100 | MAE=103.90 | n_lags=48 | depth=6 | lr=0.0972 | avg_n_estimators=273
  Trial  34/100 | MAE=101.71 | n_lags=48 | depth=12 | lr=0.0673 | avg_n_estimators=183
  Trial  35/100 | MAE=98.47 | n_lags=168 | depth=7 | lr=0.0593 | avg_n_estimators=316
  Trial  36/100 | MAE=111.85 | n_lags=12 | depth=10 | lr=0.0477 | avg_n_estimators=492
  Trial  37/100 | MAE=98.59 | n_lags=168 | depth=12 | lr=0.0278 | avg_n_estimators=576
  Trial  38/100 | MAE=114.56 | n_lags=12 | depth=7 | lr=0.0300 | avg_n_estimators=434
  Trial  39/100 | MAE=94.55 | n_lags=168 | depth=8 | lr=0.0549 | avg_n_estimators=289
  Trial  40/100 | MAE=96.21 | n_lags=168 | depth=7 | lr=0.0428 | avg_n_estimators=344
  Trial  41/100 | MAE=96.13 | n_lags=168 | depth=7 | lr=0.0873 | avg_n_estimators=126
  Trial  42/100 | MAE=120.00 | n_lags=12 | depth=8 | lr=0.1476 | avg_n_estimators=86
  Trial  43/100 | MAE=107.66 | n_lags=24 | depth=6 | lr=0.0955 | avg_n_estimators=129
  Trial  44/100 | MAE=98.03 | n_lags=168 | depth=8 | lr=0.0915 | avg_n_estimators=191
  Trial  45/100 | MAE=105.69 | n_lags=24 | depth=10 | lr=0.1890 | avg_n_estimators=117
  Trial  46/100 | MAE=100.30 | n_lags=168 | depth=7 | lr=0.0823 | avg_n_estimators=126
  Trial  47/100 | MAE=98.48 | n_lags=168 | depth=7 | lr=0.0630 | avg_n_estimators=339
  Trial  48/100 | MAE=97.09 | n_lags=168 | depth=8 | lr=0.0775 | avg_n_estimators=142
  Trial  49/100 | MAE=101.77 | n_lags=48 | depth=10 | lr=0.0071 | avg_n_estimators=1586
  Trial  50/100 | MAE=95.11 | n_lags=168 | depth=10 | lr=0.0087 | avg_n_estimators=1030
  Trial  51/100 | MAE=94.49 | n_lags=168 | depth=10 | lr=0.0071 | avg_n_estimators=1234
  Trial  52/100 | MAE=110.52 | n_lags=12 | depth=10 | lr=0.0052 | avg_n_estimators=2370
  Trial  53/100 | MAE=105.69 | n_lags=168 | depth=12 | lr=0.0083 | avg_n_estimators=1417
  Trial  54/100 | MAE=96.49 | n_lags=168 | depth=9 | lr=0.0079 | avg_n_estimators=1228
  Trial  55/100 | MAE=100.02 | n_lags=168 | depth=11 | lr=0.0066 | avg_n_estimators=1376
  Trial  56/100 | MAE=110.60 | n_lags=12 | depth=9 | lr=0.0080 | avg_n_estimators=1973
  Trial  57/100 | MAE=102.84 | n_lags=168 | depth=11 | lr=0.0404 | avg_n_estimators=519
  Trial  58/100 | MAE=96.91 | n_lags=168 | depth=7 | lr=0.0070 | avg_n_estimators=1328
  Trial  59/100 | MAE=106.46 | n_lags=24 | depth=11 | lr=0.0480 | avg_n_estimators=601
  Trial  60/100 | MAE=96.82 | n_lags=168 | depth=7 | lr=0.0056 | avg_n_estimators=1330
  Trial  61/100 | MAE=95.40 | n_lags=168 | depth=10 | lr=0.0060 | avg_n_estimators=1401
  Trial  62/100 | MAE=97.47 | n_lags=168 | depth=9 | lr=0.0170 | avg_n_estimators=601
  Trial  63/100 | MAE=102.81 | n_lags=48 | depth=9 | lr=0.0433 | avg_n_estimators=505
  Trial  64/100 | MAE=97.58 | n_lags=168 | depth=12 | lr=0.0268 | avg_n_estimators=441
  Trial  65/100 | MAE=101.69 | n_lags=24 | depth=9 | lr=0.0083 | avg_n_estimators=1746
  Trial  66/100 | MAE=105.27 | n_lags=168 | depth=12 | lr=0.0062 | avg_n_estimators=1614
  Trial  67/100 | MAE=96.81 | n_lags=168 | depth=10 | lr=0.0849 | avg_n_estimators=245
  Trial  68/100 | MAE=96.72 | n_lags=168 | depth=12 | lr=0.0091 | avg_n_estimators=1000
  Trial  69/100 | MAE=103.97 | n_lags=12 | depth=11 | lr=0.0133 | avg_n_estimators=1129
  Trial  70/100 | MAE=107.61 | n_lags=12 | depth=11 | lr=0.0052 | avg_n_estimators=2621
  Trial  71/100 | MAE=95.55 | n_lags=168 | depth=12 | lr=0.0092 | avg_n_estimators=1085
  Trial  72/100 | MAE=95.10 | n_lags=168 | depth=10 | lr=0.0064 | avg_n_estimators=1194
  Trial  73/100 | MAE=95.38 | n_lags=168 | depth=11 | lr=0.0050 | avg_n_estimators=1467
  Trial  74/100 | MAE=97.12 | n_lags=168 | depth=11 | lr=0.0057 | avg_n_estimators=1500
  Trial  75/100 | MAE=97.39 | n_lags=168 | depth=11 | lr=0.0053 | avg_n_estimators=1377
  Trial  76/100 | MAE=100.50 | n_lags=48 | depth=11 | lr=0.0061 | avg_n_estimators=2375
  Trial  77/100 | MAE=113.23 | n_lags=12 | depth=12 | lr=0.0147 | avg_n_estimators=554
  Trial  78/100 | MAE=94.96 | n_lags=168 | depth=11 | lr=0.0776 | avg_n_estimators=229
  Trial  79/100 | MAE=99.66 | n_lags=168 | depth=11 | lr=0.0629 | avg_n_estimators=143
  Trial  80/100 | MAE=104.83 | n_lags=168 | depth=11 | lr=0.1593 | avg_n_estimators=156
  Trial  81/100 | MAE=95.80 | n_lags=168 | depth=9 | lr=0.0352 | avg_n_estimators=397
  Trial  82/100 | MAE=97.09 | n_lags=168 | depth=11 | lr=0.1380 | avg_n_estimators=127
  Trial  83/100 | MAE=94.31 | n_lags=168 | depth=12 | lr=0.0103 | avg_n_estimators=776
  Trial  84/100 | MAE=95.92 | n_lags=168 | depth=9 | lr=0.0304 | avg_n_estimators=249
  Trial  85/100 | MAE=96.31 | n_lags=168 | depth=11 | lr=0.0060 | avg_n_estimators=1323
  Trial  86/100 | MAE=106.30 | n_lags=12 | depth=10 | lr=0.0082 | avg_n_estimators=1875
  Trial  87/100 | MAE=94.68 | n_lags=168 | depth=9 | lr=0.0067 | avg_n_estimators=1083
  Trial  88/100 | MAE=96.32 | n_lags=168 | depth=10 | lr=0.0090 | avg_n_estimators=808
  Trial  89/100 | MAE=95.12 | n_lags=168 | depth=7 | lr=0.0056 | avg_n_estimators=1337
  Trial  90/100 | MAE=96.75 | n_lags=168 | depth=7 | lr=0.0061 | avg_n_estimators=1186
  Trial  91/100 | MAE=95.80 | n_lags=168 | depth=9 | lr=0.0054 | avg_n_estimators=1275
  Trial  92/100 | MAE=108.35 | n_lags=24 | depth=12 | lr=0.0225 | avg_n_estimators=582
  Trial  93/100 | MAE=94.44 | n_lags=168 | depth=7 | lr=0.0082 | avg_n_estimators=987
  Trial  94/100 | MAE=105.13 | n_lags=168 | depth=9 | lr=0.0059 | avg_n_estimators=1637
  Trial  95/100 | MAE=98.73 | n_lags=168 | depth=4 | lr=0.0155 | avg_n_estimators=621
  Trial  96/100 | MAE=99.52 | n_lags=48 | depth=7 | lr=0.0061 | avg_n_estimators=1986
  Trial  97/100 | MAE=96.52 | n_lags=168 | depth=8 | lr=0.0161 | avg_n_estimators=627
  Trial  98/100 | MAE=95.11 | n_lags=168 | depth=8 | lr=0.0080 | avg_n_estimators=929
  Trial  99/100 | MAE=104.44 | n_lags=48 | depth=11 | lr=0.0324 | avg_n_estimators=436

======================================================================
BEST PARAMETERS FOUND
======================================================================
Tuning MAE=94.31
Best n_lags=168
Best n_estimators (from early stopping)=776
{
  "objective": "reg:squarederror",
  "random_state": 42,
  "tree_method": "hist",
  "n_jobs": -1,
  "n_estimators": 776,
  "learning_rate": 0.010323190533452466,
  "max_depth": 12,
  "min_child_weight": 8.437880898493239,
  "subsample": 0.8399810623432785,
  "colsample_bytree": 0.6345335778039533,
  "gamma": 7.61481204284606,
  "reg_lambda": 0.021230167113390538,
  "reg_alpha": 0.0005321730049838087
}
  Fold 0: MAE=27.0, RMSE=34.8
  Fold 1: MAE=41.0, RMSE=57.7
  Fold 2: MAE=66.5, RMSE=94.5
  Fold 3: MAE=48.3, RMSE=68.7
  Fold 4: MAE=44.3, RMSE=53.8
  Fold 5: MAE=45.6, RMSE=56.3
  Fold 6: MAE=29.7, RMSE=36.4
  Fold 7: MAE=23.1, RMSE=29.4
  Fold 8: MAE=91.0, RMSE=153.0
  Fold 9: MAE=34.3, RMSE=45.8
  Fold 10: MAE=74.3, RMSE=91.5
  Fold 11: MAE=71.5, RMSE=83.2
  Fold 12: MAE=55.1, RMSE=61.4
  Fold 13: MAE=54.2, RMSE=64.2
  Fold 14: MAE=54.8, RMSE=74.1
  Fold 15: MAE=46.0, RMSE=64.9
  Fold 16: MAE=38.5, RMSE=72.9
  Fold 17: MAE=32.2, RMSE=49.2
  Fold 18: MAE=27.9, RMSE=36.4
  Fold 19: MAE=84.7, RMSE=127.4
  Fold 20: MAE=30.5, RMSE=35.4
  Fold 21: MAE=42.6, RMSE=61.1
  Fold 22: MAE=88.2, RMSE=139.8
  Fold 23: MAE=31.6, RMSE=37.4
  Fold 24: MAE=26.5, RMSE=32.6
  Fold 25: MAE=23.6, RMSE=28.5
  Fold 26: MAE=38.8, RMSE=50.6
  Fold 27: MAE=23.7, RMSE=30.6
  Fold 28: MAE=35.0, RMSE=47.2
  Fold 29: MAE=52.8, RMSE=79.5
  Fold 30: MAE=67.2, RMSE=97.3
  Fold 31: MAE=56.4, RMSE=76.7
  Fold 32: MAE=48.2, RMSE=71.6
  Fold 33: MAE=46.1, RMSE=69.0
  Fold 34: MAE=91.9, RMSE=110.7
  Fold 35: MAE=59.1, RMSE=72.7
  Fold 36: MAE=34.8, RMSE=50.2
  Fold 37: MAE=42.8, RMSE=64.0
  Fold 38: MAE=50.8, RMSE=72.8
  Fold 39: MAE=18.3, RMSE=22.5
  Fold 40: MAE=20.8, RMSE=29.4
  Fold 41: MAE=61.9, RMSE=84.8
  Fold 42: MAE=29.9, RMSE=44.5
  Fold 43: MAE=52.1, RMSE=75.6
  Fold 44: MAE=50.9, RMSE=62.4
  Fold 45: MAE=61.0, RMSE=80.9
  Fold 46: MAE=116.6, RMSE=154.9
  Fold 47: MAE=83.2, RMSE=100.2
  Fold 48: MAE=43.8, RMSE=58.5
  Fold 49: MAE=31.6, RMSE=43.7
  Fold 50: MAE=92.0, RMSE=142.6
  Fold 51: MAE=71.0, RMSE=112.6
  Fold 52: MAE=58.6, RMSE=91.1
  Fold 53: MAE=107.9, RMSE=174.4
  Fold 54: MAE=66.0, RMSE=73.8
  Fold 55: MAE=69.6, RMSE=80.8
  Fold 56: MAE=63.2, RMSE=90.0
  Fold 57: MAE=65.2, RMSE=104.3
  Fold 58: MAE=57.8, RMSE=70.7
  Fold 59: MAE=243.0, RMSE=329.5
  Fold 60: MAE=102.3, RMSE=130.6
  Fold 61: MAE=102.7, RMSE=150.6
  Fold 62: MAE=212.6, RMSE=291.4
  Fold 63: MAE=227.2, RMSE=254.8
  Fold 64: MAE=119.7, RMSE=179.3
  Fold 65: MAE=92.9, RMSE=133.7
  Fold 66: MAE=161.1, RMSE=223.5
  Fold 67: MAE=134.1, RMSE=176.5
  Fold 68: MAE=120.6, RMSE=172.2
  Fold 69: MAE=134.6, RMSE=178.8
  Fold 70: MAE=157.4, RMSE=213.9
  Fold 71: MAE=189.7, RMSE=268.0
  Fold 72: MAE=152.5, RMSE=204.2
  Fold 73: MAE=115.1, RMSE=192.5
  Fold 74: MAE=368.5, RMSE=418.7
  Fold 75: MAE=69.2, RMSE=116.1
  Fold 76: MAE=192.7, RMSE=226.3
  Fold 77: MAE=305.0, RMSE=426.1
  Fold 78: MAE=328.8, RMSE=382.3
  Fold 79: MAE=300.4, RMSE=379.8
  Fold 80: MAE=369.7, RMSE=467.0
  Fold 81: MAE=291.9, RMSE=398.8
  Fold 82: MAE=84.2, RMSE=116.1
  Fold 83: MAE=73.9, RMSE=98.1
  Fold 84: MAE=108.2, RMSE=133.2
  Fold 85: MAE=112.9, RMSE=166.2
  Fold 86: MAE=69.8, RMSE=104.1
  Fold 87: MAE=91.3, RMSE=125.5
  Fold 88: MAE=35.1, RMSE=43.8
  Fold 89: MAE=85.3, RMSE=121.6

Validation results:
  MAE: 91.71 ± 78.78
  RMSE: 123.38 ± 99.80

Results saved to: results/tuning/xgboost_best_params_seoul_clean_only_720_20261001_215653.json
  --> config.xgb_params_file = 'results/tuning/xgboost_best_params_seoul_clean_only_720_20261001_215653.json'

======================================================================
ALL TUNING COMPLETE
======================================================================
[W1001 21:56:53.644484455 AllocatorConfig.cpp:28] Warning: PYTORCH_CUDA_ALLOC_CONF is deprecated, use PYTORCH_ALLOC_CONF instead (function operator())
Finished: 2026-10-01 21:56:53
